[0.004s][info][gc] Using G1
[0.005s][info][gc,init] Version: 17.0.14+7-LTS (release)
[0.005s][info][gc,init] CPUs: 8 total, 8 available
[0.005s][info][gc,init] Memory: 16384M
[0.005s][info][gc,init] Large Page Support: Disabled
[0.005s][info][gc,init] NUMA Support: Disabled
[0.005s][info][gc,init] Compressed Oops: Enabled (Zero based)
[0.005s][info][gc,init] Heap Region Size: 1M
[0.005s][info][gc,init] Heap Min Capacity: 512M
[0.005s][info][gc,init] Heap Initial Capacity: 512M
[0.005s][info][gc,init] Heap Max Capacity: 512M
[0.005s][info][gc,init] Pre-touch: Disabled
[0.005s][info][gc,init] Parallel Workers: 8
[0.005s][info][gc,init] Concurrent Workers: 2
[0.005s][info][gc,init] Concurrent Refinement Workers: 8
[0.005s][info][gc,init] Periodic GC: Disabled
[0.009s][info][gc,metaspace] CDS archive(s) mapped at: [0x0000000600000000-0x0000000600bc0000-0x0000000600bc0000), size 12320768, SharedBaseAddress: 0x0000000600000000, ArchiveRelocationMode: 1.
[0.009s][info][gc,metaspace] Compressed class space mapped at: 0x0000000601000000-0x0000000641000000, reserved size: 1073741824
[0.009s][info][gc,metaspace] Narrow klass base: 0x0000000600000000, Narrow klass shift: 0, Narrow klass range: 0x100000000
[0.206s][info][gc,start    ] GC(0) Pause Young (Normal) (G1 Evacuation Pause)
[0.206s][info][gc,task     ] GC(0) Using 8 workers of 8 for evacuation
[0.207s][info][gc,phases   ] GC(0)   Pre Evacuate Collection Set: 0.1ms
[0.207s][info][gc,phases   ] GC(0)   Merge Heap Roots: 0.0ms
[0.207s][info][gc,phases   ] GC(0)   Evacuate Collection Set: 1.1ms
[0.207s][info][gc,phases   ] GC(0)   Post Evacuate Collection Set: 0.1ms
[0.207s][info][gc,phases   ] GC(0)   Other: 0.2ms
[0.207s][info][gc,heap     ] GC(0) Eden regions: 25->0(31)
[0.207s][info][gc,heap     ] GC(0) Survivor regions: 0->4(4)
[0.207s][info][gc,heap     ] GC(0) Old regions: 0->2
[0.207s][info][gc,heap     ] GC(0) Archive regions: 2->2
[0.207s][info][gc,heap     ] GC(0) Humongous regions: 1->1
[0.207s][info][gc,metaspace] GC(0) Metaspace: 5292K(5504K)->5292K(5504K) NonClass: 4580K(4672K)->4580K(4672K) Class: 712K(832K)->712K(832K)
[0.207s][info][gc          ] GC(0) Pause Young (Normal) (G1 Evacuation Pause) 26M->7M(512M) 1.672ms
[0.207s][info][gc,cpu      ] GC(0) User=0.00s Sys=0.00s Real=0.00s
[0.349s][info][gc,start    ] GC(1) Pause Young (Normal) (G1 Evacuation Pause)
[0.349s][info][gc,task     ] GC(1) Using 8 workers of 8 for evacuation
[0.351s][info][gc,phases   ] GC(1)   Pre Evacuate Collection Set: 0.1ms
[0.351s][info][gc,phases   ] GC(1)   Merge Heap Roots: 0.0ms
[0.351s][info][gc,phases   ] GC(1)   Evacuate Collection Set: 1.6ms
[0.351s][info][gc,phases   ] GC(1)   Post Evacuate Collection Set: 0.1ms
[0.351s][info][gc,phases   ] GC(1)   Other: 0.1ms
[0.351s][info][gc,heap     ] GC(1) Eden regions: 31->0(132)
[0.351s][info][gc,heap     ] GC(1) Survivor regions: 4->3(5)
[0.351s][info][gc,heap     ] GC(1) Old regions: 2->6
[0.351s][info][gc,heap     ] GC(1) Archive regions: 2->2
[0.351s][info][gc,heap     ] GC(1) Humongous regions: 1->1
[0.351s][info][gc,metaspace] GC(1) Metaspace: 12069K(12352K)->12069K(12352K) NonClass: 10432K(10560K)->10432K(10560K) Class: 1636K(1792K)->1636K(1792K)
[0.351s][info][gc          ] GC(1) Pause Young (Normal) (G1 Evacuation Pause) 38M->9M(512M) 1.996ms
[0.351s][info][gc,cpu      ] GC(1) User=0.01s Sys=0.00s Real=0.00s
[0.745s][info][gc,start    ] GC(2) Pause Young (Concurrent Start) (Metadata GC Threshold)
[0.745s][info][gc,task     ] GC(2) Using 8 workers of 8 for evacuation
[0.748s][info][gc,phases   ] GC(2)   Pre Evacuate Collection Set: 0.1ms
[0.748s][info][gc,phases   ] GC(2)   Merge Heap Roots: 0.0ms
[0.748s][info][gc,phases   ] GC(2)   Evacuate Collection Set: 2.6ms
[0.748s][info][gc,phases   ] GC(2)   Post Evacuate Collection Set: 0.2ms
[0.748s][info][gc,phases   ] GC(2)   Other: 0.1ms
[0.748s][info][gc,heap     ] GC(2) Eden regions: 83->0(214)
[0.748s][info][gc,heap     ] GC(2) Survivor regions: 3->8(17)
[0.748s][info][gc,heap     ] GC(2) Old regions: 6->6
[0.748s][info][gc,heap     ] GC(2) Archive regions: 2->2
[0.748s][info][gc,heap     ] GC(2) Humongous regions: 1->1
[0.748s][info][gc,metaspace] GC(2) Metaspace: 21249K(21504K)->21249K(21504K) NonClass: 18251K(18368K)->18251K(18368K) Class: 2997K(3136K)->2997K(3136K)
[0.748s][info][gc          ] GC(2) Pause Young (Concurrent Start) (Metadata GC Threshold) 92M->15M(512M) 3.139ms
[0.748s][info][gc,cpu      ] GC(2) User=0.02s Sys=0.01s Real=0.00s
[0.748s][info][gc          ] GC(3) Concurrent Mark Cycle
[0.748s][info][gc,marking  ] GC(3) Concurrent Clear Claimed Marks
[0.748s][info][gc,marking  ] GC(3) Concurrent Clear Claimed Marks 0.018ms
[0.748s][info][gc,marking  ] GC(3) Concurrent Scan Root Regions
[0.751s][info][gc,marking  ] GC(3) Concurrent Scan Root Regions 2.067ms
[0.751s][info][gc,marking  ] GC(3) Concurrent Mark
[0.751s][info][gc,marking  ] GC(3) Concurrent Mark From Roots
[0.751s][info][gc,task     ] GC(3) Using 2 workers of 2 for marking
[0.752s][info][gc,marking  ] GC(3) Concurrent Mark From Roots 1.307ms
[0.752s][info][gc,marking  ] GC(3) Concurrent Preclean
[0.752s][info][gc,marking  ] GC(3) Concurrent Preclean 0.018ms
[0.752s][info][gc,start    ] GC(3) Pause Remark
[0.753s][info][gc          ] GC(3) Pause Remark 15M->15M(512M) 0.804ms
[0.753s][info][gc,cpu      ] GC(3) User=0.00s Sys=0.00s Real=0.01s
[0.753s][info][gc,marking  ] GC(3) Concurrent Mark 2.210ms
[0.753s][info][gc,marking  ] GC(3) Concurrent Rebuild Remembered Sets
[0.754s][info][gc,marking  ] GC(3) Concurrent Rebuild Remembered Sets 0.718ms
[0.754s][info][gc,start    ] GC(3) Pause Cleanup
[0.754s][info][gc          ] GC(3) Pause Cleanup 16M->16M(512M) 0.036ms
[0.754s][info][gc,cpu      ] GC(3) User=0.00s Sys=0.00s Real=0.00s
[0.754s][info][gc,marking  ] GC(3) Concurrent Cleanup for Next Mark
[0.754s][info][gc,marking  ] GC(3) Concurrent Cleanup for Next Mark 0.595ms
[0.754s][info][gc          ] GC(3) Concurrent Mark Cycle 5.766ms
[1.253s][info][gc,start    ] GC(4) Pause Young (Prepare Mixed) (Metadata GC Threshold)
[1.253s][info][gc,task     ] GC(4) Using 8 workers of 8 for evacuation
[1.259s][info][gc,phases   ] GC(4)   Pre Evacuate Collection Set: 0.1ms
[1.259s][info][gc,phases   ] GC(4)   Merge Heap Roots: 0.0ms
[1.259s][info][gc,phases   ] GC(4)   Evacuate Collection Set: 5.4ms
[1.259s][info][gc,phases   ] GC(4)   Post Evacuate Collection Set: 0.4ms
[1.259s][info][gc,phases   ] GC(4)   Other: 0.1ms
[1.259s][info][gc,heap     ] GC(4) Eden regions: 95->0(10)
[1.259s][info][gc,heap     ] GC(4) Survivor regions: 8->15(31)
[1.259s][info][gc,heap     ] GC(4) Old regions: 6->6
[1.259s][info][gc,heap     ] GC(4) Archive regions: 2->2
[1.259s][info][gc,heap     ] GC(4) Humongous regions: 1->1
[1.259s][info][gc,metaspace] GC(4) Metaspace: 35678K(36096K)->35678K(36096K) NonClass: 30771K(30976K)->30771K(30976K) Class: 4907K(5120K)->4907K(5120K)
[1.259s][info][gc          ] GC(4) Pause Young (Prepare Mixed) (Metadata GC Threshold) 110M->21M(512M) 6.072ms
[1.259s][info][gc,cpu      ] GC(4) User=0.02s Sys=0.00s Real=0.00s
[1.267s][info][gc,start    ] GC(5) Pause Young (Mixed) (Metadata GC Threshold)
[1.267s][info][gc,task     ] GC(5) Using 8 workers of 8 for evacuation
[1.274s][info][gc,phases   ] GC(5)   Pre Evacuate Collection Set: 0.0ms
[1.274s][info][gc,phases   ] GC(5)   Merge Heap Roots: 0.0ms
[1.274s][info][gc,phases   ] GC(5)   Evacuate Collection Set: 7.1ms
[1.274s][info][gc,phases   ] GC(5)   Post Evacuate Collection Set: 0.2ms
[1.274s][info][gc,phases   ] GC(5)   Other: 0.1ms
[1.274s][info][gc,heap     ] GC(5) Eden regions: 1->0(305)
[1.274s][info][gc,heap     ] GC(5) Survivor regions: 15->2(4)
[1.274s][info][gc,heap     ] GC(5) Old regions: 6->19
[1.274s][info][gc,heap     ] GC(5) Archive regions: 2->2
[1.274s][info][gc,heap     ] GC(5) Humongous regions: 1->1
[1.274s][info][gc,metaspace] GC(5) Metaspace: 36038K(36416K)->36038K(36416K) NonClass: 31089K(31296K)->31089K(31296K) Class: 4948K(5120K)->4948K(5120K)
[1.274s][info][gc          ] GC(5) Pause Young (Mixed) (Metadata GC Threshold) 22M->22M(512M) 7.545ms
[1.274s][info][gc,cpu      ] GC(5) User=0.03s Sys=0.01s Real=0.01s
[1.285s][info][gc,start    ] GC(6) Pause Young (Concurrent Start) (Metadata GC Threshold)
[1.285s][info][gc,task     ] GC(6) Using 8 workers of 8 for evacuation
[1.286s][info][gc,phases   ] GC(6)   Pre Evacuate Collection Set: 0.1ms
[1.286s][info][gc,phases   ] GC(6)   Merge Heap Roots: 0.0ms
[1.286s][info][gc,phases   ] GC(6)   Evacuate Collection Set: 0.3ms
[1.286s][info][gc,phases   ] GC(6)   Post Evacuate Collection Set: 0.1ms
[1.286s][info][gc,phases   ] GC(6)   Other: 0.1ms
[1.286s][info][gc,heap     ] GC(6) Eden regions: 3->0(306)
[1.286s][info][gc,heap     ] GC(6) Survivor regions: 2->1(39)
[1.286s][info][gc,heap     ] GC(6) Old regions: 19->19
[1.286s][info][gc,heap     ] GC(6) Archive regions: 2->2
[1.286s][info][gc,heap     ] GC(6) Humongous regions: 1->1
[1.286s][info][gc,metaspace] GC(6) Metaspace: 36335K(36736K)->36335K(36736K) NonClass: 31346K(31552K)->31346K(31552K) Class: 4989K(5184K)->4989K(5184K)
[1.286s][info][gc          ] GC(6) Pause Young (Concurrent Start) (Metadata GC Threshold) 25M->21M(512M) 0.598ms
[1.286s][info][gc,cpu      ] GC(6) User=0.01s Sys=0.00s Real=0.00s
[1.286s][info][gc          ] GC(7) Concurrent Mark Cycle
[1.286s][info][gc,marking  ] GC(7) Concurrent Clear Claimed Marks
[1.286s][info][gc,marking  ] GC(7) Concurrent Clear Claimed Marks 0.006ms
[1.286s][info][gc,marking  ] GC(7) Concurrent Scan Root Regions
[1.286s][info][gc,marking  ] GC(7) Concurrent Scan Root Regions 0.433ms
[1.286s][info][gc,marking  ] GC(7) Concurrent Mark
[1.286s][info][gc,marking  ] GC(7) Concurrent Mark From Roots
[1.286s][info][gc,task     ] GC(7) Using 2 workers of 2 for marking
[1.294s][info][gc,marking  ] GC(7) Concurrent Mark From Roots 8.248ms
[1.294s][info][gc,marking  ] GC(7) Concurrent Preclean
[1.294s][info][gc,marking  ] GC(7) Concurrent Preclean 0.040ms
[1.294s][info][gc,start    ] GC(7) Pause Remark
[1.295s][info][gc          ] GC(7) Pause Remark 23M->23M(512M) 0.933ms
[1.295s][info][gc,cpu      ] GC(7) User=0.00s Sys=0.01s Real=0.00s
[1.295s][info][gc,marking  ] GC(7) Concurrent Mark 9.286ms
[1.295s][info][gc,marking  ] GC(7) Concurrent Rebuild Remembered Sets
[1.300s][info][gc,marking  ] GC(7) Concurrent Rebuild Remembered Sets 4.612ms
[1.300s][info][gc,start    ] GC(7) Pause Cleanup
[1.300s][info][gc          ] GC(7) Pause Cleanup 23M->23M(512M) 0.042ms
[1.300s][info][gc,cpu      ] GC(7) User=0.00s Sys=0.00s Real=0.00s
[1.300s][info][gc,marking  ] GC(7) Concurrent Cleanup for Next Mark
[1.301s][info][gc,marking  ] GC(7) Concurrent Cleanup for Next Mark 0.580ms
[1.301s][info][gc          ] GC(7) Concurrent Mark Cycle 15.056ms
[2.124s][info][gc,start    ] GC(8) Pause Young (Concurrent Start) (Metadata GC Threshold)
[2.124s][info][gc,task     ] GC(8) Using 8 workers of 8 for evacuation
[2.129s][info][gc,phases   ] GC(8)   Pre Evacuate Collection Set: 0.1ms
[2.129s][info][gc,phases   ] GC(8)   Merge Heap Roots: 0.1ms
[2.129s][info][gc,phases   ] GC(8)   Evacuate Collection Set: 4.1ms
[2.129s][info][gc,phases   ] GC(8)   Post Evacuate Collection Set: 0.5ms
[2.129s][info][gc,phases   ] GC(8)   Other: 0.1ms
[2.129s][info][gc,heap     ] GC(8) Eden regions: 162->0(298)
[2.129s][info][gc,heap     ] GC(8) Survivor regions: 1->9(39)
[2.129s][info][gc,heap     ] GC(8) Old regions: 19->19
[2.129s][info][gc,heap     ] GC(8) Archive regions: 2->2
[2.129s][info][gc,heap     ] GC(8) Humongous regions: 1->1
[2.129s][info][gc,metaspace] GC(8) Metaspace: 61292K(61760K)->61292K(61760K) NonClass: 52428K(52672K)->52428K(52672K) Class: 8864K(9088K)->8864K(9088K)
[2.129s][info][gc          ] GC(8) Pause Young (Concurrent Start) (Metadata GC Threshold) 182M->29M(512M) 4.932ms
[2.129s][info][gc,cpu      ] GC(8) User=0.02s Sys=0.00s Real=0.00s
[2.129s][info][gc          ] GC(9) Concurrent Mark Cycle
[2.129s][info][gc,marking  ] GC(9) Concurrent Clear Claimed Marks
[2.129s][info][gc,marking  ] GC(9) Concurrent Clear Claimed Marks 0.042ms
[2.129s][info][gc,marking  ] GC(9) Concurrent Scan Root Regions
[2.133s][info][gc,marking  ] GC(9) Concurrent Scan Root Regions 3.485ms
[2.133s][info][gc,marking  ] GC(9) Concurrent Mark
[2.133s][info][gc,marking  ] GC(9) Concurrent Mark From Roots
[2.133s][info][gc,task     ] GC(9) Using 2 workers of 2 for marking
[2.141s][info][gc,marking  ] GC(9) Concurrent Mark From Roots 7.902ms
[2.141s][info][gc,marking  ] GC(9) Concurrent Preclean
[2.141s][info][gc,marking  ] GC(9) Concurrent Preclean 0.076ms
[2.141s][info][gc,start    ] GC(9) Pause Remark
[2.142s][info][gc          ] GC(9) Pause Remark 31M->31M(512M) 1.512ms
[2.142s][info][gc,cpu      ] GC(9) User=0.00s Sys=0.00s Real=0.00s
[2.142s][info][gc,marking  ] GC(9) Concurrent Mark 9.635ms
[2.142s][info][gc,marking  ] GC(9) Concurrent Rebuild Remembered Sets
[2.147s][info][gc,marking  ] GC(9) Concurrent Rebuild Remembered Sets 4.584ms
[2.147s][info][gc,start    ] GC(9) Pause Cleanup
[2.147s][info][gc          ] GC(9) Pause Cleanup 32M->32M(512M) 0.055ms
[2.147s][info][gc,cpu      ] GC(9) User=0.00s Sys=0.00s Real=0.00s
[2.147s][info][gc,marking  ] GC(9) Concurrent Cleanup for Next Mark
[2.148s][info][gc,marking  ] GC(9) Concurrent Cleanup for Next Mark 0.511ms
[2.148s][info][gc          ] GC(9) Concurrent Mark Cycle 18.498ms
[188.600s][info][gc,start    ] GC(10) Pause Young (Prepare Mixed) (G1 Evacuation Pause)
[188.600s][info][gc,task     ] GC(10) Using 8 workers of 8 for evacuation
[188.632s][info][gc,phases   ] GC(10)   Pre Evacuate Collection Set: 0.3ms
[188.632s][info][gc,phases   ] GC(10)   Merge Heap Roots: 0.3ms
[188.632s][info][gc,phases   ] GC(10)   Evacuate Collection Set: 30.3ms
[188.632s][info][gc,phases   ] GC(10)   Post Evacuate Collection Set: 0.9ms
[188.632s][info][gc,phases   ] GC(10)   Other: 0.6ms
[188.632s][info][gc,heap     ] GC(10) Eden regions: 298->0(5)
[188.632s][info][gc,heap     ] GC(10) Survivor regions: 9->20(39)
[188.632s][info][gc,heap     ] GC(10) Old regions: 19->19
[188.632s][info][gc,heap     ] GC(10) Archive regions: 2->2
[188.632s][info][gc,heap     ] GC(10) Humongous regions: 1->1
[188.632s][info][gc,metaspace] GC(10) Metaspace: 66020K(66560K)->66020K(66560K) NonClass: 56383K(56704K)->56383K(56704K) Class: 9636K(9856K)->9636K(9856K)
[188.632s][info][gc          ] GC(10) Pause Young (Prepare Mixed) (G1 Evacuation Pause) 327M->40M(512M) 32.509ms
[188.632s][info][gc,cpu      ] GC(10) User=0.06s Sys=0.10s Real=0.04s
[188.807s][info][gc,start    ] GC(11) Pause Young (Mixed) (G1 Evacuation Pause)
[188.807s][info][gc,task     ] GC(11) Using 8 workers of 8 for evacuation
[188.821s][info][gc,phases   ] GC(11)   Pre Evacuate Collection Set: 0.2ms
[188.821s][info][gc,phases   ] GC(11)   Merge Heap Roots: 0.2ms
[188.821s][info][gc,phases   ] GC(11)   Evacuate Collection Set: 12.6ms
[188.821s][info][gc,phases   ] GC(11)   Post Evacuate Collection Set: 0.5ms
[188.821s][info][gc,phases   ] GC(11)   Other: 0.2ms
[188.821s][info][gc,heap     ] GC(11) Eden regions: 5->0(304)
[188.821s][info][gc,heap     ] GC(11) Survivor regions: 20->3(4)
[188.821s][info][gc,heap     ] GC(11) Old regions: 19->38
[188.821s][info][gc,heap     ] GC(11) Archive regions: 2->2
[188.821s][info][gc,heap     ] GC(11) Humongous regions: 1->1
[188.821s][info][gc,metaspace] GC(11) Metaspace: 66202K(66752K)->66202K(66752K) NonClass: 56539K(56832K)->56539K(56832K) Class: 9663K(9920K)->9663K(9920K)
[188.821s][info][gc          ] GC(11) Pause Young (Mixed) (G1 Evacuation Pause) 45M->42M(512M) 13.831ms
[188.821s][info][gc,cpu      ] GC(11) User=0.06s Sys=0.03s Real=0.01s
[200.288s][info][gc,start    ] GC(12) Pause Young (Normal) (G1 Evacuation Pause)
[200.288s][info][gc,task     ] GC(12) Using 8 workers of 8 for evacuation
[200.289s][info][gc,phases   ] GC(12)   Pre Evacuate Collection Set: 0.1ms
[200.290s][info][gc,phases   ] GC(12)   Merge Heap Roots: 0.1ms
[200.290s][info][gc,phases   ] GC(12)   Evacuate Collection Set: 0.9ms
[200.290s][info][gc,phases   ] GC(12)   Post Evacuate Collection Set: 0.3ms
[200.290s][info][gc,phases   ] GC(12)   Other: 0.1ms
[200.290s][info][gc,heap     ] GC(12) Eden regions: 304->0(301)
[200.290s][info][gc,heap     ] GC(12) Survivor regions: 3->6(39)
[200.290s][info][gc,heap     ] GC(12) Old regions: 38->38
[200.290s][info][gc,heap     ] GC(12) Archive regions: 2->2
[200.290s][info][gc,heap     ] GC(12) Humongous regions: 1->1
[200.290s][info][gc,metaspace] GC(12) Metaspace: 66202K(66752K)->66202K(66752K) NonClass: 56539K(56832K)->56539K(56832K) Class: 9663K(9920K)->9663K(9920K)
[200.290s][info][gc          ] GC(12) Pause Young (Normal) (G1 Evacuation Pause) 346M->45M(512M) 1.482ms
[200.290s][info][gc,cpu      ] GC(12) User=0.01s Sys=0.00s Real=0.00s
[208.878s][info][gc,start    ] GC(13) Pause Young (Normal) (G1 Evacuation Pause)
[208.880s][info][gc,task     ] GC(13) Using 8 workers of 8 for evacuation
[208.890s][info][gc,phases   ] GC(13)   Pre Evacuate Collection Set: 0.3ms
[208.890s][info][gc,phases   ] GC(13)   Merge Heap Roots: 0.1ms
[208.890s][info][gc,phases   ] GC(13)   Evacuate Collection Set: 8.8ms
[208.890s][info][gc,phases   ] GC(13)   Post Evacuate Collection Set: 0.8ms
[208.890s][info][gc,phases   ] GC(13)   Other: 1.6ms
[208.890s][info][gc,heap     ] GC(13) Eden regions: 301->0(297)
[208.890s][info][gc,heap     ] GC(13) Survivor regions: 6->10(39)
[208.890s][info][gc,heap     ] GC(13) Old regions: 38->38
[208.890s][info][gc,heap     ] GC(13) Archive regions: 2->2
[208.890s][info][gc,heap     ] GC(13) Humongous regions: 1->1
[208.890s][info][gc,metaspace] GC(13) Metaspace: 66202K(66752K)->66202K(66752K) NonClass: 56539K(56832K)->56539K(56832K) Class: 9663K(9920K)->9663K(9920K)
[208.890s][info][gc          ] GC(13) Pause Young (Normal) (G1 Evacuation Pause) 346M->49M(512M) 11.892ms
[208.890s][info][gc,cpu      ] GC(13) User=0.01s Sys=0.02s Real=0.01s
[215.938s][info][gc,start    ] GC(14) Pause Young (Normal) (G1 Evacuation Pause)
[215.938s][info][gc,task     ] GC(14) Using 8 workers of 8 for evacuation
[215.943s][info][gc,phases   ] GC(14)   Pre Evacuate Collection Set: 0.2ms
[215.943s][info][gc,phases   ] GC(14)   Merge Heap Roots: 0.1ms
[215.943s][info][gc,phases   ] GC(14)   Evacuate Collection Set: 3.1ms
[215.943s][info][gc,phases   ] GC(14)   Post Evacuate Collection Set: 0.7ms
[215.943s][info][gc,phases   ] GC(14)   Other: 1.0ms
[215.943s][info][gc,heap     ] GC(14) Eden regions: 297->0(294)
[215.943s][info][gc,heap     ] GC(14) Survivor regions: 10->13(39)
[215.943s][info][gc,heap     ] GC(14) Old regions: 38->38
[215.943s][info][gc,heap     ] GC(14) Archive regions: 2->2
[215.943s][info][gc,heap     ] GC(14) Humongous regions: 1->1
[215.943s][info][gc,metaspace] GC(14) Metaspace: 66204K(66752K)->66204K(66752K) NonClass: 56541K(56832K)->56541K(56832K) Class: 9663K(9920K)->9663K(9920K)
[215.943s][info][gc          ] GC(14) Pause Young (Normal) (G1 Evacuation Pause) 346M->52M(512M) 5.204ms
[215.943s][info][gc,cpu      ] GC(14) User=0.01s Sys=0.01s Real=0.01s
[222.378s][info][gc,start    ] GC(15) Pause Young (Normal) (G1 Evacuation Pause)
[222.378s][info][gc,task     ] GC(15) Using 8 workers of 8 for evacuation
[222.382s][info][gc,phases   ] GC(15)   Pre Evacuate Collection Set: 0.1ms
[222.382s][info][gc,phases   ] GC(15)   Merge Heap Roots: 0.1ms
[222.382s][info][gc,phases   ] GC(15)   Evacuate Collection Set: 2.8ms
[222.382s][info][gc,phases   ] GC(15)   Post Evacuate Collection Set: 0.4ms
[222.382s][info][gc,phases   ] GC(15)   Other: 0.6ms
[222.382s][info][gc,heap     ] GC(15) Eden regions: 294->0(291)
[222.382s][info][gc,heap     ] GC(15) Survivor regions: 13->16(39)
[222.382s][info][gc,heap     ] GC(15) Old regions: 38->38
[222.382s][info][gc,heap     ] GC(15) Archive regions: 2->2
[222.382s][info][gc,heap     ] GC(15) Humongous regions: 1->1
[222.382s][info][gc,metaspace] GC(15) Metaspace: 66204K(66752K)->66204K(66752K) NonClass: 56541K(56832K)->56541K(56832K) Class: 9663K(9920K)->9663K(9920K)
[222.382s][info][gc          ] GC(15) Pause Young (Normal) (G1 Evacuation Pause) 346M->55M(512M) 4.248ms
[222.382s][info][gc,cpu      ] GC(15) User=0.01s Sys=0.01s Real=0.01s
[232.468s][info][gc,start    ] GC(16) Pause Young (Normal) (G1 Evacuation Pause)
[232.468s][info][gc,task     ] GC(16) Using 8 workers of 8 for evacuation
[232.473s][info][gc,phases   ] GC(16)   Pre Evacuate Collection Set: 0.2ms
[232.473s][info][gc,phases   ] GC(16)   Merge Heap Roots: 0.1ms
[232.473s][info][gc,phases   ] GC(16)   Evacuate Collection Set: 3.9ms
[232.473s][info][gc,phases   ] GC(16)   Post Evacuate Collection Set: 0.5ms
[232.473s][info][gc,phases   ] GC(16)   Other: 0.4ms
[232.473s][info][gc,heap     ] GC(16) Eden regions: 291->0(288)
[232.473s][info][gc,heap     ] GC(16) Survivor regions: 16->19(39)
[232.473s][info][gc,heap     ] GC(16) Old regions: 38->38
[232.473s][info][gc,heap     ] GC(16) Archive regions: 2->2
[232.473s][info][gc,heap     ] GC(16) Humongous regions: 1->1
[232.473s][info][gc,metaspace] GC(16) Metaspace: 66204K(66752K)->66204K(66752K) NonClass: 56541K(56832K)->56541K(56832K) Class: 9663K(9920K)->9663K(9920K)
[232.473s][info][gc          ] GC(16) Pause Young (Normal) (G1 Evacuation Pause) 346M->58M(512M) 5.211ms
[232.473s][info][gc,cpu      ] GC(16) User=0.01s Sys=0.01s Real=0.01s
[280.134s][info][gc,heap,exit] Heap
[280.134s][info][gc,heap,exit]  garbage-first heap   total 524288K, used 74926K [0x00000007e0000000, 0x0000000800000000)
[280.134s][info][gc,heap,exit]   region size 1024K, 34 young (34816K), 19 survivors (19456K)
[280.134s][info][gc,heap,exit]  Metaspace       used 66393K, committed 67008K, reserved 1114112K
[280.134s][info][gc,heap,exit]   class space    used 9695K, committed 9984K, reserved 1048576K
