[0.005s][info][gc] Using G1
[0.006s][info][gc,init] Version: 17.0.14+7-LTS (release)
[0.006s][info][gc,init] CPUs: 8 total, 8 available
[0.006s][info][gc,init] Memory: 16384M
[0.006s][info][gc,init] Large Page Support: Disabled
[0.006s][info][gc,init] NUMA Support: Disabled
[0.006s][info][gc,init] Compressed Oops: Enabled (Zero based)
[0.006s][info][gc,init] Heap Region Size: 1M
[0.006s][info][gc,init] Heap Min Capacity: 512M
[0.006s][info][gc,init] Heap Initial Capacity: 512M
[0.006s][info][gc,init] Heap Max Capacity: 512M
[0.006s][info][gc,init] Pre-touch: Disabled
[0.006s][info][gc,init] Parallel Workers: 8
[0.006s][info][gc,init] Concurrent Workers: 2
[0.006s][info][gc,init] Concurrent Refinement Workers: 8
[0.006s][info][gc,init] Periodic GC: Disabled
[0.010s][info][gc,metaspace] CDS archive(s) mapped at: [0x0000007000000000-0x0000007000bc0000-0x0000007000bc0000), size 12320768, SharedBaseAddress: 0x0000007000000000, ArchiveRelocationMode: 1.
[0.010s][info][gc,metaspace] Compressed class space mapped at: 0x0000007001000000-0x0000007041000000, reserved size: 1073741824
[0.010s][info][gc,metaspace] Narrow klass base: 0x0000007000000000, Narrow klass shift: 0, Narrow klass range: 0x100000000
[0.229s][info][gc,start    ] GC(0) Pause Young (Normal) (G1 Evacuation Pause)
[0.229s][info][gc,task     ] GC(0) Using 8 workers of 8 for evacuation
[0.231s][info][gc,phases   ] GC(0)   Pre Evacuate Collection Set: 0.1ms
[0.231s][info][gc,phases   ] GC(0)   Merge Heap Roots: 0.0ms
[0.231s][info][gc,phases   ] GC(0)   Evacuate Collection Set: 1.5ms
[0.231s][info][gc,phases   ] GC(0)   Post Evacuate Collection Set: 0.2ms
[0.231s][info][gc,phases   ] GC(0)   Other: 0.2ms
[0.231s][info][gc,heap     ] GC(0) Eden regions: 25->0(31)
[0.231s][info][gc,heap     ] GC(0) Survivor regions: 0->4(4)
[0.231s][info][gc,heap     ] GC(0) Old regions: 0->2
[0.231s][info][gc,heap     ] GC(0) Archive regions: 2->2
[0.231s][info][gc,heap     ] GC(0) Humongous regions: 1->1
[0.231s][info][gc,metaspace] GC(0) Metaspace: 5293K(5504K)->5293K(5504K) NonClass: 4580K(4672K)->4580K(4672K) Class: 712K(832K)->712K(832K)
[0.231s][info][gc          ] GC(0) Pause Young (Normal) (G1 Evacuation Pause) 26M->7M(512M) 2.088ms
[0.231s][info][gc,cpu      ] GC(0) User=0.00s Sys=0.01s Real=0.01s
[0.385s][info][gc,start    ] GC(1) Pause Young (Normal) (G1 Evacuation Pause)
[0.385s][info][gc,task     ] GC(1) Using 8 workers of 8 for evacuation
[0.387s][info][gc,phases   ] GC(1)   Pre Evacuate Collection Set: 0.0ms
[0.387s][info][gc,phases   ] GC(1)   Merge Heap Roots: 0.0ms
[0.387s][info][gc,phases   ] GC(1)   Evacuate Collection Set: 1.8ms
[0.387s][info][gc,phases   ] GC(1)   Post Evacuate Collection Set: 0.1ms
[0.387s][info][gc,phases   ] GC(1)   Other: 0.1ms
[0.387s][info][gc,heap     ] GC(1) Eden regions: 31->0(132)
[0.387s][info][gc,heap     ] GC(1) Survivor regions: 4->3(5)
[0.387s][info][gc,heap     ] GC(1) Old regions: 2->6
[0.387s][info][gc,heap     ] GC(1) Archive regions: 2->2
[0.387s][info][gc,heap     ] GC(1) Humongous regions: 1->1
[0.387s][info][gc,metaspace] GC(1) Metaspace: 12104K(12416K)->12104K(12416K) NonClass: 10465K(10624K)->10465K(10624K) Class: 1639K(1792K)->1639K(1792K)
[0.387s][info][gc          ] GC(1) Pause Young (Normal) (G1 Evacuation Pause) 38M->9M(512M) 2.185ms
[0.387s][info][gc,cpu      ] GC(1) User=0.01s Sys=0.01s Real=0.00s
[1.169s][info][gc,start    ] GC(2) Pause Young (Concurrent Start) (Metadata GC Threshold)
[1.170s][info][gc,task     ] GC(2) Using 8 workers of 8 for evacuation
[1.173s][info][gc,phases   ] GC(2)   Pre Evacuate Collection Set: 0.1ms
[1.173s][info][gc,phases   ] GC(2)   Merge Heap Roots: 0.0ms
[1.173s][info][gc,phases   ] GC(2)   Evacuate Collection Set: 3.0ms
[1.173s][info][gc,phases   ] GC(2)   Post Evacuate Collection Set: 0.2ms
[1.173s][info][gc,phases   ] GC(2)   Other: 0.1ms
[1.173s][info][gc,heap     ] GC(2) Eden regions: 83->0(199)
[1.173s][info][gc,heap     ] GC(2) Survivor regions: 3->8(17)
[1.173s][info][gc,heap     ] GC(2) Old regions: 6->6
[1.173s][info][gc,heap     ] GC(2) Archive regions: 2->2
[1.173s][info][gc,heap     ] GC(2) Humongous regions: 1->1
[1.173s][info][gc,metaspace] GC(2) Metaspace: 21247K(21504K)->21247K(21504K) NonClass: 18253K(18368K)->18253K(18368K) Class: 2994K(3136K)->2994K(3136K)
[1.173s][info][gc          ] GC(2) Pause Young (Concurrent Start) (Metadata GC Threshold) 91M->14M(512M) 3.579ms
[1.173s][info][gc,cpu      ] GC(2) User=0.02s Sys=0.00s Real=0.00s
[1.173s][info][gc          ] GC(3) Concurrent Mark Cycle
[1.173s][info][gc,marking  ] GC(3) Concurrent Clear Claimed Marks
[1.173s][info][gc,marking  ] GC(3) Concurrent Clear Claimed Marks 0.018ms
[1.173s][info][gc,marking  ] GC(3) Concurrent Scan Root Regions
[1.175s][info][gc,marking  ] GC(3) Concurrent Scan Root Regions 2.062ms
[1.175s][info][gc,marking  ] GC(3) Concurrent Mark
[1.175s][info][gc,marking  ] GC(3) Concurrent Mark From Roots
[1.175s][info][gc,task     ] GC(3) Using 2 workers of 2 for marking
[1.176s][info][gc,marking  ] GC(3) Concurrent Mark From Roots 1.234ms
[1.176s][info][gc,marking  ] GC(3) Concurrent Preclean
[1.176s][info][gc,marking  ] GC(3) Concurrent Preclean 0.024ms
[1.177s][info][gc,start    ] GC(3) Pause Remark
[1.177s][info][gc          ] GC(3) Pause Remark 15M->15M(512M) 0.803ms
[1.177s][info][gc,cpu      ] GC(3) User=0.01s Sys=0.01s Real=0.00s
[1.177s][info][gc,marking  ] GC(3) Concurrent Mark 2.157ms
[1.177s][info][gc,marking  ] GC(3) Concurrent Rebuild Remembered Sets
[1.178s][info][gc,marking  ] GC(3) Concurrent Rebuild Remembered Sets 0.777ms
[1.178s][info][gc,start    ] GC(3) Pause Cleanup
[1.178s][info][gc          ] GC(3) Pause Cleanup 15M->15M(512M) 0.049ms
[1.178s][info][gc,cpu      ] GC(3) User=0.00s Sys=0.00s Real=0.00s
[1.178s][info][gc,marking  ] GC(3) Concurrent Cleanup for Next Mark
[1.179s][info][gc,marking  ] GC(3) Concurrent Cleanup for Next Mark 0.673ms
[1.179s][info][gc          ] GC(3) Concurrent Mark Cycle 5.963ms
[1.694s][info][gc,start    ] GC(4) Pause Young (Concurrent Start) (Metadata GC Threshold)
[1.694s][info][gc,task     ] GC(4) Using 8 workers of 8 for evacuation
[1.700s][info][gc,phases   ] GC(4)   Pre Evacuate Collection Set: 0.1ms
[1.700s][info][gc,phases   ] GC(4)   Merge Heap Roots: 0.0ms
[1.700s][info][gc,phases   ] GC(4)   Evacuate Collection Set: 5.0ms
[1.700s][info][gc,phases   ] GC(4)   Post Evacuate Collection Set: 0.5ms
[1.700s][info][gc,phases   ] GC(4)   Other: 0.1ms
[1.700s][info][gc,heap     ] GC(4) Eden regions: 95->0(230)
[1.700s][info][gc,heap     ] GC(4) Survivor regions: 8->15(29)
[1.700s][info][gc,heap     ] GC(4) Old regions: 6->6
[1.700s][info][gc,heap     ] GC(4) Archive regions: 2->2
[1.700s][info][gc,heap     ] GC(4) Humongous regions: 1->1
[1.700s][info][gc,metaspace] GC(4) Metaspace: 35548K(35968K)->35548K(35968K) NonClass: 30642K(30848K)->30642K(30848K) Class: 4905K(5120K)->4905K(5120K)
[1.700s][info][gc          ] GC(4) Pause Young (Concurrent Start) (Metadata GC Threshold) 109M->21M(512M) 5.852ms
[1.700s][info][gc,cpu      ] GC(4) User=0.03s Sys=0.01s Real=0.01s
[1.700s][info][gc          ] GC(5) Concurrent Mark Cycle
[1.700s][info][gc,marking  ] GC(5) Concurrent Clear Claimed Marks
[1.700s][info][gc,marking  ] GC(5) Concurrent Clear Claimed Marks 0.029ms
[1.700s][info][gc,marking  ] GC(5) Concurrent Scan Root Regions
[1.704s][info][gc,marking  ] GC(5) Concurrent Scan Root Regions 3.905ms
[1.704s][info][gc,marking  ] GC(5) Concurrent Mark
[1.704s][info][gc,marking  ] GC(5) Concurrent Mark From Roots
[1.704s][info][gc,task     ] GC(5) Using 2 workers of 2 for marking
[1.705s][info][gc,marking  ] GC(5) Concurrent Mark From Roots 1.473ms
[1.705s][info][gc,marking  ] GC(5) Concurrent Preclean
[1.705s][info][gc,marking  ] GC(5) Concurrent Preclean 0.021ms
[1.705s][info][gc,start    ] GC(5) Pause Remark
[1.707s][info][gc          ] GC(5) Pause Remark 21M->21M(512M) 1.265ms
[1.707s][info][gc,cpu      ] GC(5) User=0.00s Sys=0.00s Real=0.00s
[1.707s][info][gc,marking  ] GC(5) Concurrent Mark 3.013ms
[1.707s][info][gc,marking  ] GC(5) Concurrent Rebuild Remembered Sets
[1.708s][info][gc,marking  ] GC(5) Concurrent Rebuild Remembered Sets 1.002ms
[1.708s][info][gc,start    ] GC(5) Pause Cleanup
[1.708s][info][gc          ] GC(5) Pause Cleanup 22M->22M(512M) 0.094ms
[1.708s][info][gc,cpu      ] GC(5) User=0.00s Sys=0.00s Real=0.00s
[1.708s][info][gc,marking  ] GC(5) Concurrent Cleanup for Next Mark
[1.709s][info][gc,marking  ] GC(5) Concurrent Cleanup for Next Mark 0.933ms
[1.709s][info][gc          ] GC(5) Concurrent Mark Cycle 9.190ms
[2.490s][info][gc,start    ] GC(6) Pause Young (Concurrent Start) (Metadata GC Threshold)
[2.490s][info][gc,task     ] GC(6) Using 8 workers of 8 for evacuation
[2.499s][info][gc,phases   ] GC(6)   Pre Evacuate Collection Set: 0.1ms
[2.499s][info][gc,phases   ] GC(6)   Merge Heap Roots: 0.0ms
[2.499s][info][gc,phases   ] GC(6)   Evacuate Collection Set: 8.7ms
[2.499s][info][gc,phases   ] GC(6)   Post Evacuate Collection Set: 0.9ms
[2.499s][info][gc,phases   ] GC(6)   Other: 0.1ms
[2.499s][info][gc,heap     ] GC(6) Eden regions: 139->0(286)
[2.499s][info][gc,heap     ] GC(6) Survivor regions: 15->21(34)
[2.499s][info][gc,heap     ] GC(6) Old regions: 6->6
[2.499s][info][gc,heap     ] GC(6) Archive regions: 2->2
[2.499s][info][gc,heap     ] GC(6) Humongous regions: 1->1
[2.499s][info][gc,metaspace] GC(6) Metaspace: 59923K(60416K)->59923K(60416K) NonClass: 51280K(51520K)->51280K(51520K) Class: 8643K(8896K)->8643K(8896K)
[2.499s][info][gc          ] GC(6) Pause Young (Concurrent Start) (Metadata GC Threshold) 159M->27M(512M) 9.914ms
[2.499s][info][gc,cpu      ] GC(6) User=0.04s Sys=0.01s Real=0.00s
[2.499s][info][gc          ] GC(7) Concurrent Mark Cycle
[2.499s][info][gc,marking  ] GC(7) Concurrent Clear Claimed Marks
[2.500s][info][gc,marking  ] GC(7) Concurrent Clear Claimed Marks 0.034ms
[2.500s][info][gc,marking  ] GC(7) Concurrent Scan Root Regions
[2.505s][info][gc,marking  ] GC(7) Concurrent Scan Root Regions 5.753ms
[2.505s][info][gc,marking  ] GC(7) Concurrent Mark
[2.505s][info][gc,marking  ] GC(7) Concurrent Mark From Roots
[2.505s][info][gc,task     ] GC(7) Using 2 workers of 2 for marking
[2.507s][info][gc,marking  ] GC(7) Concurrent Mark From Roots 1.522ms
[2.507s][info][gc,marking  ] GC(7) Concurrent Preclean
[2.507s][info][gc,marking  ] GC(7) Concurrent Preclean 0.030ms
[2.507s][info][gc,start    ] GC(7) Pause Remark
[2.509s][info][gc          ] GC(7) Pause Remark 29M->29M(512M) 1.755ms
[2.509s][info][gc,cpu      ] GC(7) User=0.01s Sys=0.00s Real=0.00s
[2.509s][info][gc,marking  ] GC(7) Concurrent Mark 3.445ms
[2.509s][info][gc,marking  ] GC(7) Concurrent Rebuild Remembered Sets
[2.510s][info][gc,marking  ] GC(7) Concurrent Rebuild Remembered Sets 1.002ms
[2.510s][info][gc,start    ] GC(7) Pause Cleanup
[2.510s][info][gc          ] GC(7) Pause Cleanup 30M->30M(512M) 0.051ms
[2.510s][info][gc,cpu      ] GC(7) User=0.00s Sys=0.00s Real=0.00s
[2.510s][info][gc,marking  ] GC(7) Concurrent Cleanup for Next Mark
[2.510s][info][gc,marking  ] GC(7) Concurrent Cleanup for Next Mark 0.541ms
[2.510s][info][gc          ] GC(7) Concurrent Mark Cycle 10.957ms
[31.545s][info][gc,start    ] GC(8) Pause Young (Normal) (G1 Evacuation Pause)
[31.545s][info][gc,task     ] GC(8) Using 8 workers of 8 for evacuation
[31.571s][info][gc,phases   ] GC(8)   Pre Evacuate Collection Set: 0.2ms
[31.572s][info][gc,phases   ] GC(8)   Merge Heap Roots: 0.1ms
[31.572s][info][gc,phases   ] GC(8)   Evacuate Collection Set: 24.7ms
[31.572s][info][gc,phases   ] GC(8)   Post Evacuate Collection Set: 1.1ms
[31.572s][info][gc,phases   ] GC(8)   Other: 0.4ms
[31.572s][info][gc,heap     ] GC(8) Eden regions: 286->0(276)
[31.572s][info][gc,heap     ] GC(8) Survivor regions: 21->31(39)
[31.572s][info][gc,heap     ] GC(8) Old regions: 6->8
[31.572s][info][gc,heap     ] GC(8) Archive regions: 2->2
[31.572s][info][gc,heap     ] GC(8) Humongous regions: 1->1
[31.572s][info][gc,metaspace] GC(8) Metaspace: 66003K(66560K)->66003K(66560K) NonClass: 56373K(56704K)->56373K(56704K) Class: 9630K(9856K)->9630K(9856K)
[31.572s][info][gc          ] GC(8) Pause Young (Normal) (G1 Evacuation Pause) 313M->39M(512M) 26.662ms
[31.572s][info][gc,cpu      ] GC(8) User=0.10s Sys=0.02s Real=0.03s
[42.662s][info][gc,start    ] GC(9) Pause Young (Normal) (G1 Evacuation Pause)
[42.662s][info][gc,task     ] GC(9) Using 8 workers of 8 for evacuation
[42.679s][info][gc,phases   ] GC(9)   Pre Evacuate Collection Set: 0.3ms
[42.679s][info][gc,phases   ] GC(9)   Merge Heap Roots: 0.2ms
[42.679s][info][gc,phases   ] GC(9)   Evacuate Collection Set: 14.8ms
[42.679s][info][gc,phases   ] GC(9)   Post Evacuate Collection Set: 1.7ms
[42.679s][info][gc,phases   ] GC(9)   Other: 0.3ms
[42.679s][info][gc,heap     ] GC(9) Eden regions: 276->0(282)
[42.680s][info][gc,heap     ] GC(9) Survivor regions: 31->25(39)
[42.680s][info][gc,heap     ] GC(9) Old regions: 8->18
[42.680s][info][gc,heap     ] GC(9) Archive regions: 2->2
[42.680s][info][gc,heap     ] GC(9) Humongous regions: 1->1
[42.680s][info][gc,metaspace] GC(9) Metaspace: 66185K(66752K)->66185K(66752K) NonClass: 56529K(56832K)->56529K(56832K) Class: 9656K(9920K)->9656K(9920K)
[42.680s][info][gc          ] GC(9) Pause Young (Normal) (G1 Evacuation Pause) 315M->44M(512M) 17.567ms
[42.680s][info][gc,cpu      ] GC(9) User=0.08s Sys=0.01s Real=0.02s
[51.201s][info][gc,start    ] GC(10) Pause Young (Normal) (G1 Evacuation Pause)
[51.201s][info][gc,task     ] GC(10) Using 8 workers of 8 for evacuation
[51.211s][info][gc,phases   ] GC(10)   Pre Evacuate Collection Set: 0.2ms
[51.211s][info][gc,phases   ] GC(10)   Merge Heap Roots: 0.1ms
[51.211s][info][gc,phases   ] GC(10)   Evacuate Collection Set: 8.9ms
[51.211s][info][gc,phases   ] GC(10)   Post Evacuate Collection Set: 0.7ms
[51.211s][info][gc,phases   ] GC(10)   Other: 0.3ms
[51.211s][info][gc,heap     ] GC(10) Eden regions: 282->0(286)
[51.211s][info][gc,heap     ] GC(10) Survivor regions: 25->21(39)
[51.211s][info][gc,heap     ] GC(10) Old regions: 18->24
[51.211s][info][gc,heap     ] GC(10) Archive regions: 2->2
[51.211s][info][gc,heap     ] GC(10) Humongous regions: 1->1
[51.211s][info][gc,metaspace] GC(10) Metaspace: 66185K(66752K)->66185K(66752K) NonClass: 56529K(56832K)->56529K(56832K) Class: 9656K(9920K)->9656K(9920K)
[51.211s][info][gc          ] GC(10) Pause Young (Normal) (G1 Evacuation Pause) 326M->46M(512M) 10.389ms
[51.211s][info][gc,cpu      ] GC(10) User=0.06s Sys=0.00s Real=0.01s
[58.375s][info][gc,start    ] GC(11) Pause Young (Normal) (G1 Evacuation Pause)
[58.375s][info][gc,task     ] GC(11) Using 8 workers of 8 for evacuation
[58.384s][info][gc,phases   ] GC(11)   Pre Evacuate Collection Set: 0.2ms
[58.384s][info][gc,phases   ] GC(11)   Merge Heap Roots: 0.1ms
[58.384s][info][gc,phases   ] GC(11)   Evacuate Collection Set: 7.7ms
[58.384s][info][gc,phases   ] GC(11)   Post Evacuate Collection Set: 0.6ms
[58.384s][info][gc,phases   ] GC(11)   Other: 0.3ms
[58.384s][info][gc,heap     ] GC(11) Eden regions: 286->0(284)
[58.384s][info][gc,heap     ] GC(11) Survivor regions: 21->23(39)
[58.384s][info][gc,heap     ] GC(11) Old regions: 24->24
[58.384s][info][gc,heap     ] GC(11) Archive regions: 2->2
[58.384s][info][gc,heap     ] GC(11) Humongous regions: 1->1
[58.384s][info][gc,metaspace] GC(11) Metaspace: 66187K(66752K)->66187K(66752K) NonClass: 56531K(56832K)->56531K(56832K) Class: 9656K(9920K)->9656K(9920K)
[58.384s][info][gc          ] GC(11) Pause Young (Normal) (G1 Evacuation Pause) 332M->48M(512M) 9.071ms
[58.384s][info][gc,cpu      ] GC(11) User=0.04s Sys=0.01s Real=0.01s
[64.669s][info][gc,start    ] GC(12) Pause Young (Normal) (G1 Evacuation Pause)
[64.669s][info][gc,task     ] GC(12) Using 8 workers of 8 for evacuation
[64.675s][info][gc,phases   ] GC(12)   Pre Evacuate Collection Set: 0.1ms
[64.675s][info][gc,phases   ] GC(12)   Merge Heap Roots: 0.1ms
[64.675s][info][gc,phases   ] GC(12)   Evacuate Collection Set: 5.5ms
[64.675s][info][gc,phases   ] GC(12)   Post Evacuate Collection Set: 0.5ms
[64.675s][info][gc,phases   ] GC(12)   Other: 0.3ms
[64.675s][info][gc,heap     ] GC(12) Eden regions: 284->0(292)
[64.675s][info][gc,heap     ] GC(12) Survivor regions: 23->15(39)
[64.675s][info][gc,heap     ] GC(12) Old regions: 24->36
[64.675s][info][gc,heap     ] GC(12) Archive regions: 2->2
[64.675s][info][gc,heap     ] GC(12) Humongous regions: 1->1
[64.675s][info][gc,metaspace] GC(12) Metaspace: 66188K(66752K)->66188K(66752K) NonClass: 56531K(56832K)->56531K(56832K) Class: 9656K(9920K)->9656K(9920K)
[64.675s][info][gc          ] GC(12) Pause Young (Normal) (G1 Evacuation Pause) 332M->51M(512M) 6.622ms
[64.675s][info][gc,cpu      ] GC(12) User=0.04s Sys=0.00s Real=0.00s
[71.261s][info][gc,start    ] GC(13) Pause Young (Normal) (G1 Evacuation Pause)
[71.262s][info][gc,task     ] GC(13) Using 8 workers of 8 for evacuation
[71.265s][info][gc,phases   ] GC(13)   Pre Evacuate Collection Set: 0.2ms
[71.265s][info][gc,phases   ] GC(13)   Merge Heap Roots: 0.1ms
[71.265s][info][gc,phases   ] GC(13)   Evacuate Collection Set: 1.7ms
[71.265s][info][gc,phases   ] GC(13)   Post Evacuate Collection Set: 0.4ms
[71.265s][info][gc,phases   ] GC(13)   Other: 1.0ms
[71.265s][info][gc,heap     ] GC(13) Eden regions: 292->0(290)
[71.265s][info][gc,heap     ] GC(13) Survivor regions: 15->17(39)
[71.265s][info][gc,heap     ] GC(13) Old regions: 36->36
[71.265s][info][gc,heap     ] GC(13) Archive regions: 2->2
[71.265s][info][gc,heap     ] GC(13) Humongous regions: 1->1
[71.265s][info][gc,metaspace] GC(13) Metaspace: 66188K(66752K)->66188K(66752K) NonClass: 56531K(56832K)->56531K(56832K) Class: 9656K(9920K)->9656K(9920K)
[71.265s][info][gc          ] GC(13) Pause Young (Normal) (G1 Evacuation Pause) 343M->54M(512M) 3.602ms
[71.265s][info][gc,cpu      ] GC(13) User=0.01s Sys=0.01s Real=0.00s
[116.770s][info][gc,heap,exit] Heap
[116.770s][info][gc,heap,exit]  garbage-first heap   total 524288K, used 168015K [0x00000007e0000000, 0x0000000800000000)
[116.770s][info][gc,heap,exit]   region size 1024K, 127 young (130048K), 17 survivors (17408K)
[116.770s][info][gc,heap,exit]  Metaspace       used 66394K, committed 67008K, reserved 1114112K
[116.770s][info][gc,heap,exit]   class space    used 9693K, committed 9984K, reserved 1048576K
