[0.004s][info][gc] Using G1
[0.005s][info][gc,init] Version: 17.0.14+7-LTS (release)
[0.005s][info][gc,init] CPUs: 8 total, 8 available
[0.005s][info][gc,init] Memory: 16384M
[0.005s][info][gc,init] Large Page Support: Disabled
[0.005s][info][gc,init] NUMA Support: Disabled
[0.005s][info][gc,init] Compressed Oops: Enabled (Zero based)
[0.005s][info][gc,init] Heap Region Size: 1M
[0.005s][info][gc,init] Heap Min Capacity: 512M
[0.005s][info][gc,init] Heap Initial Capacity: 512M
[0.005s][info][gc,init] Heap Max Capacity: 512M
[0.005s][info][gc,init] Pre-touch: Disabled
[0.005s][info][gc,init] Parallel Workers: 4
[0.005s][info][gc,init] Concurrent Workers: 1
[0.005s][info][gc,init] Concurrent Refinement Workers: 4
[0.005s][info][gc,init] Periodic GC: Disabled
[0.005s][info][gc,metaspace] CDS archive(s) mapped at: [0x0000000800000000-0x0000000800bc0000-0x0000000800bc0000), size 12320768, SharedBaseAddress: 0x0000000800000000, ArchiveRelocationMode: 1.
[0.005s][info][gc,metaspace] Compressed class space mapped at: 0x0000000801000000-0x0000000841000000, reserved size: 1073741824
[0.005s][info][gc,metaspace] Narrow klass base: 0x0000000800000000, Narrow klass shift: 0, Narrow klass range: 0x100000000
[0.193s][info][gc,start    ] GC(0) Pause Young (Normal) (G1 Evacuation Pause)
[0.193s][info][gc,task     ] GC(0) Using 4 workers of 4 for evacuation
[0.194s][info][gc,phases   ] GC(0)   Pre Evacuate Collection Set: 0.0ms
[0.194s][info][gc,phases   ] GC(0)   Merge Heap Roots: 0.0ms
[0.194s][info][gc,phases   ] GC(0)   Evacuate Collection Set: 1.1ms
[0.194s][info][gc,phases   ] GC(0)   Post Evacuate Collection Set: 0.1ms
[0.194s][info][gc,phases   ] GC(0)   Other: 0.1ms
[0.194s][info][gc,heap     ] GC(0) Eden regions: 25->0(21)
[0.194s][info][gc,heap     ] GC(0) Survivor regions: 0->4(4)
[0.194s][info][gc,heap     ] GC(0) Old regions: 0->2
[0.194s][info][gc,heap     ] GC(0) Archive regions: 2->2
[0.194s][info][gc,heap     ] GC(0) Humongous regions: 1->1
[0.194s][info][gc,metaspace] GC(0) Metaspace: 5293K(5504K)->5293K(5504K) NonClass: 4580K(4672K)->4580K(4672K) Class: 712K(832K)->712K(832K)
[0.194s][info][gc          ] GC(0) Pause Young (Normal) (G1 Evacuation Pause) 26M->6M(512M) 1.498ms
[0.194s][info][gc,cpu      ] GC(0) User=0.00s Sys=0.00s Real=0.00s
[0.299s][info][gc,start    ] GC(1) Pause Young (Normal) (G1 Evacuation Pause)
[0.299s][info][gc,task     ] GC(1) Using 4 workers of 4 for evacuation
[0.301s][info][gc,phases   ] GC(1)   Pre Evacuate Collection Set: 0.0ms
[0.301s][info][gc,phases   ] GC(1)   Merge Heap Roots: 0.0ms
[0.301s][info][gc,phases   ] GC(1)   Evacuate Collection Set: 1.3ms
[0.301s][info][gc,phases   ] GC(1)   Post Evacuate Collection Set: 0.1ms
[0.301s][info][gc,phases   ] GC(1)   Other: 0.1ms
[0.301s][info][gc,heap     ] GC(1) Eden regions: 21->0(23)
[0.301s][info][gc,heap     ] GC(1) Survivor regions: 4->2(4)
[0.301s][info][gc,heap     ] GC(1) Old regions: 2->6
[0.301s][info][gc,heap     ] GC(1) Archive regions: 2->2
[0.301s][info][gc,heap     ] GC(1) Humongous regions: 1->1
[0.301s][info][gc,metaspace] GC(1) Metaspace: 9902K(10112K)->9902K(10112K) NonClass: 8531K(8640K)->8531K(8640K) Class: 1371K(1472K)->1371K(1472K)
[0.301s][info][gc          ] GC(1) Pause Young (Normal) (G1 Evacuation Pause) 27M->8M(512M) 1.624ms
[0.301s][info][gc,cpu      ] GC(1) User=0.01s Sys=0.00s Real=0.00s
[0.370s][info][gc,start    ] GC(2) Pause Young (Normal) (G1 Evacuation Pause)
[0.370s][info][gc,task     ] GC(2) Using 4 workers of 4 for evacuation
[0.371s][info][gc,phases   ] GC(2)   Pre Evacuate Collection Set: 0.0ms
[0.371s][info][gc,phases   ] GC(2)   Merge Heap Roots: 0.0ms
[0.371s][info][gc,phases   ] GC(2)   Evacuate Collection Set: 1.2ms
[0.371s][info][gc,phases   ] GC(2)   Post Evacuate Collection Set: 0.1ms
[0.371s][info][gc,phases   ] GC(2)   Other: 0.1ms
[0.371s][info][gc,heap     ] GC(2) Eden regions: 23->0(22)
[0.371s][info][gc,heap     ] GC(2) Survivor regions: 2->3(4)
[0.371s][info][gc,heap     ] GC(2) Old regions: 6->6
[0.371s][info][gc,heap     ] GC(2) Archive regions: 2->2
[0.371s][info][gc,heap     ] GC(2) Humongous regions: 1->1
[0.371s][info][gc,metaspace] GC(2) Metaspace: 14893K(15168K)->14893K(15168K) NonClass: 12841K(12992K)->12841K(12992K) Class: 2052K(2176K)->2052K(2176K)
[0.371s][info][gc          ] GC(2) Pause Young (Normal) (G1 Evacuation Pause) 31M->9M(512M) 1.448ms
[0.371s][info][gc,cpu      ] GC(2) User=0.00s Sys=0.00s Real=0.00s
[0.472s][info][gc,start    ] GC(3) Pause Young (Normal) (G1 Evacuation Pause)
[0.472s][info][gc,task     ] GC(3) Using 4 workers of 4 for evacuation
[0.474s][info][gc,phases   ] GC(3)   Pre Evacuate Collection Set: 0.1ms
[0.474s][info][gc,phases   ] GC(3)   Merge Heap Roots: 0.0ms
[0.474s][info][gc,phases   ] GC(3)   Evacuate Collection Set: 1.9ms
[0.474s][info][gc,phases   ] GC(3)   Post Evacuate Collection Set: 0.1ms
[0.474s][info][gc,phases   ] GC(3)   Other: 0.1ms
[0.474s][info][gc,heap     ] GC(3) Eden regions: 22->0(21)
[0.474s][info][gc,heap     ] GC(3) Survivor regions: 3->4(4)
[0.474s][info][gc,heap     ] GC(3) Old regions: 6->7
[0.474s][info][gc,heap     ] GC(3) Archive regions: 2->2
[0.474s][info][gc,heap     ] GC(3) Humongous regions: 1->1
[0.474s][info][gc,metaspace] GC(3) Metaspace: 17505K(17728K)->17505K(17728K) NonClass: 15115K(15232K)->15115K(15232K) Class: 2389K(2496K)->2389K(2496K)
[0.474s][info][gc          ] GC(3) Pause Young (Normal) (G1 Evacuation Pause) 31M->12M(512M) 2.220ms
[0.474s][info][gc,cpu      ] GC(3) User=0.00s Sys=0.00s Real=0.00s
[0.563s][info][gc,start    ] GC(4) Pause Young (Normal) (G1 Evacuation Pause)
[0.563s][info][gc,task     ] GC(4) Using 4 workers of 4 for evacuation
[0.565s][info][gc,phases   ] GC(4)   Pre Evacuate Collection Set: 0.0ms
[0.565s][info][gc,phases   ] GC(4)   Merge Heap Roots: 0.0ms
[0.565s][info][gc,phases   ] GC(4)   Evacuate Collection Set: 1.9ms
[0.565s][info][gc,phases   ] GC(4)   Post Evacuate Collection Set: 0.1ms
[0.565s][info][gc,phases   ] GC(4)   Other: 0.1ms
[0.565s][info][gc,heap     ] GC(4) Eden regions: 21->0(31)
[0.565s][info][gc,heap     ] GC(4) Survivor regions: 4->2(4)
[0.565s][info][gc,heap     ] GC(4) Old regions: 7->10
[0.565s][info][gc,heap     ] GC(4) Archive regions: 2->2
[0.565s][info][gc,heap     ] GC(4) Humongous regions: 1->1
[0.565s][info][gc,metaspace] GC(4) Metaspace: 18316K(18560K)->18316K(18560K) NonClass: 15792K(15936K)->15792K(15936K) Class: 2523K(2624K)->2523K(2624K)
[0.565s][info][gc          ] GC(4) Pause Young (Normal) (G1 Evacuation Pause) 33M->13M(512M) 2.213ms
[0.565s][info][gc,cpu      ] GC(4) User=0.01s Sys=0.00s Real=0.00s
[0.704s][info][gc,start    ] GC(5) Pause Young (Concurrent Start) (Metadata GC Threshold)
[0.704s][info][gc,task     ] GC(5) Using 4 workers of 4 for evacuation
[0.706s][info][gc,phases   ] GC(5)   Pre Evacuate Collection Set: 0.0ms
[0.706s][info][gc,phases   ] GC(5)   Merge Heap Roots: 0.0ms
[0.706s][info][gc,phases   ] GC(5)   Evacuate Collection Set: 1.5ms
[0.706s][info][gc,phases   ] GC(5)   Post Evacuate Collection Set: 0.1ms
[0.706s][info][gc,phases   ] GC(5)   Other: 0.1ms
[0.706s][info][gc,heap     ] GC(5) Eden regions: 26->0(46)
[0.706s][info][gc,heap     ] GC(5) Survivor regions: 2->4(5)
[0.706s][info][gc,heap     ] GC(5) Old regions: 10->10
[0.706s][info][gc,heap     ] GC(5) Archive regions: 2->2
[0.706s][info][gc,heap     ] GC(5) Humongous regions: 1->1
[0.706s][info][gc,metaspace] GC(5) Metaspace: 21251K(21504K)->21251K(21504K) NonClass: 18253K(18368K)->18253K(18368K) Class: 2997K(3136K)->2997K(3136K)
[0.706s][info][gc          ] GC(5) Pause Young (Concurrent Start) (Metadata GC Threshold) 39M->15M(512M) 1.816ms
[0.706s][info][gc,cpu      ] GC(5) User=0.01s Sys=0.00s Real=0.00s
[0.706s][info][gc          ] GC(6) Concurrent Mark Cycle
[0.706s][info][gc,marking  ] GC(6) Concurrent Clear Claimed Marks
[0.706s][info][gc,marking  ] GC(6) Concurrent Clear Claimed Marks 0.011ms
[0.706s][info][gc,marking  ] GC(6) Concurrent Scan Root Regions
[0.708s][info][gc,marking  ] GC(6) Concurrent Scan Root Regions 1.609ms
[0.708s][info][gc,marking  ] GC(6) Concurrent Mark
[0.708s][info][gc,marking  ] GC(6) Concurrent Mark From Roots
[0.708s][info][gc,task     ] GC(6) Using 1 workers of 1 for marking
[0.714s][info][gc,marking  ] GC(6) Concurrent Mark From Roots 6.518ms
[0.714s][info][gc,marking  ] GC(6) Concurrent Preclean
[0.714s][info][gc,marking  ] GC(6) Concurrent Preclean 0.023ms
[0.714s][info][gc,start    ] GC(6) Pause Remark
[0.715s][info][gc          ] GC(6) Pause Remark 17M->17M(512M) 0.753ms
[0.715s][info][gc,cpu      ] GC(6) User=0.00s Sys=0.00s Real=0.00s
[0.715s][info][gc,marking  ] GC(6) Concurrent Mark 7.395ms
[0.715s][info][gc,marking  ] GC(6) Concurrent Rebuild Remembered Sets
[0.715s][info][gc,marking  ] GC(6) Concurrent Rebuild Remembered Sets 0.006ms
[0.715s][info][gc,start    ] GC(6) Pause Cleanup
[0.715s][info][gc          ] GC(6) Pause Cleanup 17M->17M(512M) 0.006ms
[0.715s][info][gc,cpu      ] GC(6) User=0.00s Sys=0.00s Real=0.00s
[0.715s][info][gc,marking  ] GC(6) Concurrent Cleanup for Next Mark
[0.716s][info][gc,marking  ] GC(6) Concurrent Cleanup for Next Mark 0.915ms
[0.716s][info][gc          ] GC(6) Concurrent Mark Cycle 10.030ms
[0.980s][info][gc,start    ] GC(7) Pause Young (Normal) (G1 Evacuation Pause)
[0.981s][info][gc,task     ] GC(7) Using 4 workers of 4 for evacuation
[0.985s][info][gc,phases   ] GC(7)   Pre Evacuate Collection Set: 0.0ms
[0.985s][info][gc,phases   ] GC(7)   Merge Heap Roots: 0.0ms
[0.985s][info][gc,phases   ] GC(7)   Evacuate Collection Set: 4.1ms
[0.985s][info][gc,phases   ] GC(7)   Post Evacuate Collection Set: 0.2ms
[0.985s][info][gc,phases   ] GC(7)   Other: 0.1ms
[0.985s][info][gc,heap     ] GC(7) Eden regions: 46->0(61)
[0.985s][info][gc,heap     ] GC(7) Survivor regions: 4->7(7)
[0.985s][info][gc,heap     ] GC(7) Old regions: 10->10
[0.985s][info][gc,heap     ] GC(7) Archive regions: 2->2
[0.985s][info][gc,heap     ] GC(7) Humongous regions: 1->1
[0.985s][info][gc,metaspace] GC(7) Metaspace: 28402K(28736K)->28402K(28736K) NonClass: 24390K(24576K)->24390K(24576K) Class: 4011K(4160K)->4011K(4160K)
[0.985s][info][gc          ] GC(7) Pause Young (Normal) (G1 Evacuation Pause) 61M->18M(512M) 4.577ms
[0.985s][info][gc,cpu      ] GC(7) User=0.01s Sys=0.01s Real=0.00s
[1.287s][info][gc,start    ] GC(8) Pause Young (Concurrent Start) (Metadata GC Threshold)
[1.288s][info][gc,task     ] GC(8) Using 4 workers of 4 for evacuation
[1.292s][info][gc,phases   ] GC(8)   Pre Evacuate Collection Set: 0.0ms
[1.292s][info][gc,phases   ] GC(8)   Merge Heap Roots: 0.0ms
[1.292s][info][gc,phases   ] GC(8)   Evacuate Collection Set: 4.1ms
[1.292s][info][gc,phases   ] GC(8)   Post Evacuate Collection Set: 0.2ms
[1.292s][info][gc,phases   ] GC(8)   Other: 0.1ms
[1.292s][info][gc,heap     ] GC(8) Eden regions: 49->0(58)
[1.292s][info][gc,heap     ] GC(8) Survivor regions: 7->7(9)
[1.292s][info][gc,heap     ] GC(8) Old regions: 10->13
[1.292s][info][gc,heap     ] GC(8) Archive regions: 2->2
[1.292s][info][gc,heap     ] GC(8) Humongous regions: 1->1
[1.292s][info][gc,metaspace] GC(8) Metaspace: 35752K(36160K)->35752K(36160K) NonClass: 30823K(31040K)->30823K(31040K) Class: 4928K(5120K)->4928K(5120K)
[1.292s][info][gc          ] GC(8) Pause Young (Concurrent Start) (Metadata GC Threshold) 67M->21M(512M) 4.562ms
[1.292s][info][gc,cpu      ] GC(8) User=0.01s Sys=0.00s Real=0.00s
[1.292s][info][gc          ] GC(9) Concurrent Mark Cycle
[1.292s][info][gc,marking  ] GC(9) Concurrent Clear Claimed Marks
[1.292s][info][gc,marking  ] GC(9) Concurrent Clear Claimed Marks 0.026ms
[1.292s][info][gc,marking  ] GC(9) Concurrent Scan Root Regions
[1.297s][info][gc,marking  ] GC(9) Concurrent Scan Root Regions 4.951ms
[1.297s][info][gc,marking  ] GC(9) Concurrent Mark
[1.297s][info][gc,marking  ] GC(9) Concurrent Mark From Roots
[1.297s][info][gc,task     ] GC(9) Using 1 workers of 1 for marking
[1.304s][info][gc,marking  ] GC(9) Concurrent Mark From Roots 6.640ms
[1.304s][info][gc,marking  ] GC(9) Concurrent Preclean
[1.304s][info][gc,marking  ] GC(9) Concurrent Preclean 0.031ms
[1.304s][info][gc,start    ] GC(9) Pause Remark
[1.305s][info][gc          ] GC(9) Pause Remark 23M->23M(512M) 1.097ms
[1.305s][info][gc,cpu      ] GC(9) User=0.01s Sys=0.01s Real=0.00s
[1.305s][info][gc,marking  ] GC(9) Concurrent Mark 7.877ms
[1.305s][info][gc,marking  ] GC(9) Concurrent Rebuild Remembered Sets
[1.305s][info][gc,marking  ] GC(9) Concurrent Rebuild Remembered Sets 0.004ms
[1.305s][info][gc,start    ] GC(9) Pause Cleanup
[1.305s][info][gc          ] GC(9) Pause Cleanup 23M->23M(512M) 0.008ms
[1.305s][info][gc,cpu      ] GC(9) User=0.00s Sys=0.00s Real=0.00s
[1.305s][info][gc,marking  ] GC(9) Concurrent Cleanup for Next Mark
[1.306s][info][gc,marking  ] GC(9) Concurrent Cleanup for Next Mark 0.714ms
[1.306s][info][gc          ] GC(9) Concurrent Mark Cycle 13.752ms
[1.636s][info][gc,start    ] GC(10) Pause Young (Concurrent Start) (G1 Evacuation Pause)
[1.636s][info][gc,task     ] GC(10) Using 4 workers of 4 for evacuation
[1.642s][info][gc,phases   ] GC(10)   Pre Evacuate Collection Set: 0.1ms
[1.642s][info][gc,phases   ] GC(10)   Merge Heap Roots: 0.0ms
[1.642s][info][gc,phases   ] GC(10)   Evacuate Collection Set: 3.9ms
[1.642s][info][gc,phases   ] GC(10)   Post Evacuate Collection Set: 1.6ms
[1.642s][info][gc,phases   ] GC(10)   Other: 0.1ms
[1.642s][info][gc,heap     ] GC(10) Eden regions: 61->0(128)
[1.642s][info][gc,heap     ] GC(10) Survivor regions: 7->6(9)
[1.642s][info][gc,heap     ] GC(10) Old regions: 13->17
[1.642s][info][gc,heap     ] GC(10) Archive regions: 2->2
[1.642s][info][gc,heap     ] GC(10) Humongous regions: 1->1
[1.642s][info][gc,metaspace] GC(10) Metaspace: 49945K(50368K)->49945K(50368K) NonClass: 42863K(43072K)->42863K(43072K) Class: 7082K(7296K)->7082K(7296K)
[1.642s][info][gc          ] GC(10) Pause Young (Concurrent Start) (G1 Evacuation Pause) 82M->23M(512M) 5.780ms
[1.642s][info][gc,cpu      ] GC(10) User=0.02s Sys=0.00s Real=0.01s
[1.642s][info][gc          ] GC(11) Concurrent Mark Cycle
[1.642s][info][gc,marking  ] GC(11) Concurrent Clear Claimed Marks
[1.642s][info][gc,marking  ] GC(11) Concurrent Clear Claimed Marks 0.039ms
[1.642s][info][gc,marking  ] GC(11) Concurrent Scan Root Regions
[1.647s][info][gc,marking  ] GC(11) Concurrent Scan Root Regions 5.238ms
[1.647s][info][gc,marking  ] GC(11) Concurrent Mark
[1.647s][info][gc,marking  ] GC(11) Concurrent Mark From Roots
[1.647s][info][gc,task     ] GC(11) Using 1 workers of 1 for marking
[1.656s][info][gc,marking  ] GC(11) Concurrent Mark From Roots 8.949ms
[1.656s][info][gc,marking  ] GC(11) Concurrent Preclean
[1.656s][info][gc,marking  ] GC(11) Concurrent Preclean 0.040ms
[1.656s][info][gc,start    ] GC(11) Pause Remark
[1.657s][info][gc          ] GC(11) Pause Remark 26M->26M(512M) 1.299ms
[1.658s][info][gc,cpu      ] GC(11) User=0.00s Sys=0.00s Real=0.01s
[1.658s][info][gc,marking  ] GC(11) Concurrent Mark 10.393ms
[1.658s][info][gc,marking  ] GC(11) Concurrent Rebuild Remembered Sets
[1.665s][info][gc,marking  ] GC(11) Concurrent Rebuild Remembered Sets 7.265ms
[1.665s][info][gc,start    ] GC(11) Pause Cleanup
[1.665s][info][gc          ] GC(11) Pause Cleanup 27M->27M(512M) 0.047ms
[1.665s][info][gc,cpu      ] GC(11) User=0.00s Sys=0.00s Real=0.00s
[1.665s][info][gc,marking  ] GC(11) Concurrent Cleanup for Next Mark
[1.666s][info][gc,marking  ] GC(11) Concurrent Cleanup for Next Mark 0.802ms
[1.666s][info][gc          ] GC(11) Concurrent Mark Cycle 23.944ms
[2.316s][info][gc,start    ] GC(12) Pause Young (Prepare Mixed) (G1 Evacuation Pause)
[2.316s][info][gc,task     ] GC(12) Using 4 workers of 4 for evacuation
[2.324s][info][gc,phases   ] GC(12)   Pre Evacuate Collection Set: 0.1ms
[2.324s][info][gc,phases   ] GC(12)   Merge Heap Roots: 0.0ms
[2.324s][info][gc,phases   ] GC(12)   Evacuate Collection Set: 7.3ms
[2.324s][info][gc,phases   ] GC(12)   Post Evacuate Collection Set: 0.6ms
[2.324s][info][gc,phases   ] GC(12)   Other: 0.1ms
[2.324s][info][gc,heap     ] GC(12) Eden regions: 128->0(11)
[2.324s][info][gc,heap     ] GC(12) Survivor regions: 6->14(17)
[2.324s][info][gc,heap     ] GC(12) Old regions: 17->17
[2.324s][info][gc,heap     ] GC(12) Archive regions: 2->2
[2.324s][info][gc,heap     ] GC(12) Humongous regions: 1->1
[2.324s][info][gc,metaspace] GC(12) Metaspace: 63085K(63616K)->63085K(63616K) NonClass: 53912K(54208K)->53912K(54208K) Class: 9173K(9408K)->9173K(9408K)
[2.324s][info][gc          ] GC(12) Pause Young (Prepare Mixed) (G1 Evacuation Pause) 151M->31M(512M) 8.153ms
[2.324s][info][gc,cpu      ] GC(12) User=0.03s Sys=0.00s Real=0.01s
[2.381s][info][gc,start    ] GC(13) Pause Young (Mixed) (G1 Evacuation Pause)
[2.381s][info][gc,task     ] GC(13) Using 4 workers of 4 for evacuation
[2.387s][info][gc,phases   ] GC(13)   Pre Evacuate Collection Set: 0.0ms
[2.388s][info][gc,phases   ] GC(13)   Merge Heap Roots: 0.0ms
[2.388s][info][gc,phases   ] GC(13)   Evacuate Collection Set: 5.9ms
[2.388s][info][gc,phases   ] GC(13)   Post Evacuate Collection Set: 0.4ms
[2.388s][info][gc,phases   ] GC(13)   Other: 0.1ms
[2.388s][info][gc,heap     ] GC(13) Eden regions: 11->0(305)
[2.388s][info][gc,heap     ] GC(13) Survivor regions: 14->2(4)
[2.388s][info][gc,heap     ] GC(13) Old regions: 17->29
[2.388s][info][gc,heap     ] GC(13) Archive regions: 2->2
[2.388s][info][gc,heap     ] GC(13) Humongous regions: 1->1
[2.388s][info][gc,metaspace] GC(13) Metaspace: 63864K(64384K)->63864K(64384K) NonClass: 54566K(54848K)->54566K(54848K) Class: 9297K(9536K)->9297K(9536K)
[2.388s][info][gc          ] GC(13) Pause Young (Mixed) (G1 Evacuation Pause) 42M->32M(512M) 6.545ms
[2.388s][info][gc,cpu      ] GC(13) User=0.02s Sys=0.01s Real=0.01s
[169.349s][info][gc,start    ] GC(14) Pause Young (Normal) (G1 Evacuation Pause)
[169.350s][info][gc,task     ] GC(14) Using 4 workers of 4 for evacuation
[169.377s][info][gc,phases   ] GC(14)   Pre Evacuate Collection Set: 0.2ms
[169.378s][info][gc,phases   ] GC(14)   Merge Heap Roots: 0.2ms
[169.378s][info][gc,phases   ] GC(14)   Evacuate Collection Set: 26.4ms
[169.378s][info][gc,phases   ] GC(14)   Post Evacuate Collection Set: 0.6ms
[169.378s][info][gc,phases   ] GC(14)   Other: 1.7ms
[169.378s][info][gc,heap     ] GC(14) Eden regions: 305->0(198)
[169.378s][info][gc,heap     ] GC(14) Survivor regions: 2->12(39)
[169.378s][info][gc,heap     ] GC(14) Old regions: 29->29
[169.378s][info][gc,heap     ] GC(14) Archive regions: 2->2
[169.378s][info][gc,heap     ] GC(14) Humongous regions: 1->1
[169.378s][info][gc,metaspace] GC(14) Metaspace: 66363K(66944K)->66363K(66944K) NonClass: 56699K(57024K)->56699K(57024K) Class: 9663K(9920K)->9663K(9920K)
[169.378s][info][gc          ] GC(14) Pause Young (Normal) (G1 Evacuation Pause) 337M->41M(512M) 28.769ms
[169.378s][info][gc,cpu      ] GC(14) User=0.02s Sys=0.03s Real=0.03s
[176.792s][info][gc,start    ] GC(15) Pause Young (Normal) (G1 Evacuation Pause)
[176.793s][info][gc,task     ] GC(15) Using 4 workers of 4 for evacuation
[176.801s][info][gc,phases   ] GC(15)   Pre Evacuate Collection Set: 0.1ms
[176.801s][info][gc,phases   ] GC(15)   Merge Heap Roots: 0.1ms
[176.801s][info][gc,phases   ] GC(15)   Evacuate Collection Set: 7.0ms
[176.801s][info][gc,phases   ] GC(15)   Post Evacuate Collection Set: 0.5ms
[176.801s][info][gc,phases   ] GC(15)   Other: 1.3ms
[176.801s][info][gc,heap     ] GC(15) Eden regions: 198->0(293)
[176.801s][info][gc,heap     ] GC(15) Survivor regions: 12->14(27)
[176.801s][info][gc,heap     ] GC(15) Old regions: 29->29
[176.801s][info][gc,heap     ] GC(15) Archive regions: 2->2
[176.801s][info][gc,heap     ] GC(15) Humongous regions: 1->1
[176.801s][info][gc,metaspace] GC(15) Metaspace: 66363K(66944K)->66363K(66944K) NonClass: 56699K(57024K)->56699K(57024K) Class: 9663K(9920K)->9663K(9920K)
[176.801s][info][gc          ] GC(15) Pause Young (Normal) (G1 Evacuation Pause) 239M->44M(512M) 9.078ms
[176.802s][info][gc,cpu      ] GC(15) User=0.02s Sys=0.01s Real=0.01s
[185.617s][info][gc,start    ] GC(16) Pause Young (Normal) (G1 Evacuation Pause)
[185.617s][info][gc,task     ] GC(16) Using 4 workers of 4 for evacuation
[185.626s][info][gc,phases   ] GC(16)   Pre Evacuate Collection Set: 0.7ms
[185.626s][info][gc,phases   ] GC(16)   Merge Heap Roots: 0.2ms
[185.626s][info][gc,phases   ] GC(16)   Evacuate Collection Set: 7.0ms
[185.626s][info][gc,phases   ] GC(16)   Post Evacuate Collection Set: 0.5ms
[185.626s][info][gc,phases   ] GC(16)   Other: 0.7ms
[185.626s][info][gc,heap     ] GC(16) Eden regions: 293->0(289)
[185.626s][info][gc,heap     ] GC(16) Survivor regions: 14->18(39)
[185.626s][info][gc,heap     ] GC(16) Old regions: 29->29
[185.626s][info][gc,heap     ] GC(16) Archive regions: 2->2
[185.626s][info][gc,heap     ] GC(16) Humongous regions: 1->1
[185.626s][info][gc,metaspace] GC(16) Metaspace: 66363K(66944K)->66363K(66944K) NonClass: 56699K(57024K)->56699K(57024K) Class: 9663K(9920K)->9663K(9920K)
[185.626s][info][gc          ] GC(16) Pause Young (Normal) (G1 Evacuation Pause) 337M->48M(512M) 9.304ms
[185.626s][info][gc,cpu      ] GC(16) User=0.02s Sys=0.00s Real=0.01s
[192.908s][info][gc,start    ] GC(17) Pause Young (Normal) (G1 Evacuation Pause)
[192.908s][info][gc,task     ] GC(17) Using 4 workers of 4 for evacuation
[192.916s][info][gc,phases   ] GC(17)   Pre Evacuate Collection Set: 0.1ms
[192.916s][info][gc,phases   ] GC(17)   Merge Heap Roots: 0.1ms
[192.916s][info][gc,phases   ] GC(17)   Evacuate Collection Set: 6.7ms
[192.916s][info][gc,phases   ] GC(17)   Post Evacuate Collection Set: 0.5ms
[192.916s][info][gc,phases   ] GC(17)   Other: 0.8ms
[192.916s][info][gc,heap     ] GC(17) Eden regions: 289->0(286)
[192.916s][info][gc,heap     ] GC(17) Survivor regions: 18->21(39)
[192.916s][info][gc,heap     ] GC(17) Old regions: 29->29
[192.916s][info][gc,heap     ] GC(17) Archive regions: 2->2
[192.916s][info][gc,heap     ] GC(17) Humongous regions: 1->1
[192.916s][info][gc,metaspace] GC(17) Metaspace: 66365K(66944K)->66365K(66944K) NonClass: 56701K(57024K)->56701K(57024K) Class: 9663K(9920K)->9663K(9920K)
[192.916s][info][gc          ] GC(17) Pause Young (Normal) (G1 Evacuation Pause) 337M->51M(512M) 8.520ms
[192.916s][info][gc,cpu      ] GC(17) User=0.03s Sys=0.01s Real=0.01s
[199.204s][info][gc,start    ] GC(18) Pause Young (Normal) (G1 Evacuation Pause)
[199.204s][info][gc,task     ] GC(18) Using 4 workers of 4 for evacuation
[199.211s][info][gc,phases   ] GC(18)   Pre Evacuate Collection Set: 0.2ms
[199.211s][info][gc,phases   ] GC(18)   Merge Heap Roots: 0.1ms
[199.211s][info][gc,phases   ] GC(18)   Evacuate Collection Set: 6.3ms
[199.211s][info][gc,phases   ] GC(18)   Post Evacuate Collection Set: 0.5ms
[199.211s][info][gc,phases   ] GC(18)   Other: 0.3ms
[199.211s][info][gc,heap     ] GC(18) Eden regions: 286->0(285)
[199.211s][info][gc,heap     ] GC(18) Survivor regions: 21->22(39)
[199.211s][info][gc,heap     ] GC(18) Old regions: 29->29
[199.211s][info][gc,heap     ] GC(18) Archive regions: 2->2
[199.211s][info][gc,heap     ] GC(18) Humongous regions: 1->1
[199.211s][info][gc,metaspace] GC(18) Metaspace: 66365K(66944K)->66365K(66944K) NonClass: 56701K(57024K)->56701K(57024K) Class: 9663K(9920K)->9663K(9920K)
[199.211s][info][gc          ] GC(18) Pause Young (Normal) (G1 Evacuation Pause) 337M->52M(512M) 7.658ms
[199.211s][info][gc,cpu      ] GC(18) User=0.02s Sys=0.00s Real=0.00s
[205.759s][info][gc,start    ] GC(19) Pause Young (Normal) (G1 Evacuation Pause)
[205.760s][info][gc,task     ] GC(19) Using 4 workers of 4 for evacuation
[205.769s][info][gc,phases   ] GC(19)   Pre Evacuate Collection Set: 0.1ms
[205.769s][info][gc,phases   ] GC(19)   Merge Heap Roots: 0.1ms
[205.769s][info][gc,phases   ] GC(19)   Evacuate Collection Set: 7.6ms
[205.769s][info][gc,phases   ] GC(19)   Post Evacuate Collection Set: 0.6ms
[205.769s][info][gc,phases   ] GC(19)   Other: 1.1ms
[205.769s][info][gc,heap     ] GC(19) Eden regions: 285->0(291)
[205.769s][info][gc,heap     ] GC(19) Survivor regions: 22->16(39)
[205.769s][info][gc,heap     ] GC(19) Old regions: 29->37
[205.769s][info][gc,heap     ] GC(19) Archive regions: 2->2
[205.769s][info][gc,heap     ] GC(19) Humongous regions: 1->1
[205.769s][info][gc,metaspace] GC(19) Metaspace: 66365K(66944K)->66365K(66944K) NonClass: 56701K(57024K)->56701K(57024K) Class: 9663K(9920K)->9663K(9920K)
[205.769s][info][gc          ] GC(19) Pause Young (Normal) (G1 Evacuation Pause) 337M->54M(512M) 9.802ms
[205.769s][info][gc,cpu      ] GC(19) User=0.02s Sys=0.01s Real=0.01s
[616.136s][info][gc,heap,exit] Heap
[616.137s][info][gc,heap,exit]  garbage-first heap   total 524288K, used 185143K [0x00000007e0000000, 0x0000000800000000)
[616.137s][info][gc,heap,exit]   region size 1024K, 143 young (146432K), 16 survivors (16384K)
[616.137s][info][gc,heap,exit]  Metaspace       used 66555K, committed 67136K, reserved 1114112K
[616.137s][info][gc,heap,exit]   class space    used 9697K, committed 9984K, reserved 1048576K
