[0.004s][info][gc,init] Initializing The Z Garbage Collector
[0.004s][info][gc,init] Version: 17.0.14+7-LTS (release)
[0.004s][info][gc,init] NUMA Support: Disabled
[0.004s][info][gc,init] CPUs: 8 total, 8 available
[0.004s][info][gc,init] Memory: 16384M
[0.004s][info][gc,init] Large Page Support: Disabled
[0.004s][info][gc,init] GC Workers: 2 (dynamic)
[0.004s][info][gc,init] Address Space Type: Contiguous/Unrestricted/Complete
[0.004s][info][gc,init] Address Space Size: 8192M x 3 = 24576M
[0.005s][info][gc,init] Min Capacity: 512M
[0.005s][info][gc,init] Initial Capacity: 512M
[0.005s][info][gc,init] Max Capacity: 512M
[0.005s][info][gc,init] Medium Page Size: 16M
[0.005s][info][gc,init] Pre-touch: Disabled
[0.005s][info][gc,init] Uncommit: Implicitly Disabled (-Xms equals -Xmx)
[0.005s][info][gc,init] Runtime Workers: 5
[0.005s][info][gc     ] Using The Z Garbage Collector
[0.028s][info][gc,metaspace] CDS archive(s) mapped at: [0x000000e000000000-0x000000e000b98000-0x000000e000b98000), size 12156928, SharedBaseAddress: 0x000000e000000000, ArchiveRelocationMode: 1.
[0.028s][info][gc,metaspace] Compressed class space mapped at: 0x000000e001000000-0x000000e041000000, reserved size: 1073741824
[0.028s][info][gc,metaspace] Narrow klass base: 0x000000e000000000, Narrow klass shift: 0, Narrow klass range: 0x100000000
[0.341s][info][gc,start    ] GC(0) Garbage Collection (Warmup)
[0.341s][info][gc,task     ] GC(0) Using 2 workers
[0.341s][info][gc,phases   ] GC(0) Pause Mark Start 0.004ms
[0.346s][info][gc,phases   ] GC(0) Concurrent Mark 4.868ms
[0.346s][info][gc,phases   ] GC(0) Pause Mark End 0.012ms
[0.346s][info][gc,phases   ] GC(0) Concurrent Mark Free 0.000ms
[0.347s][info][gc,phases   ] GC(0) Concurrent Process Non-Strong References 1.005ms
[0.347s][info][gc,phases   ] GC(0) Concurrent Reset Relocation Set 0.000ms
[0.352s][info][gc,phases   ] GC(0) Concurrent Select Relocation Set 5.029ms
[0.352s][info][gc,phases   ] GC(0) Pause Relocate Start 0.005ms
[0.355s][info][gc,phases   ] GC(0) Concurrent Relocate 2.534ms
[0.355s][info][gc,load     ] GC(0) Load: 3.65/3.27/3.28
[0.355s][info][gc,mmu      ] GC(0) MMU: 2ms/99.4%, 5ms/99.7%, 10ms/99.8%, 20ms/99.9%, 50ms/100.0%, 100ms/100.0%
[0.355s][info][gc,marking  ] GC(0) Mark: 2 stripe(s), 2 proactive flush(es), 1 terminate flush(es), 1 completion(s), 0 continuation(s) 
[0.355s][info][gc,marking  ] GC(0) Mark Stack Usage: 32M
[0.355s][info][gc,nmethod  ] GC(0) NMethods: 1546 registered, 0 unregistered
[0.355s][info][gc,metaspace] GC(0) Metaspace: 8M used, 8M committed, 1088M reserved
[0.355s][info][gc,ref      ] GC(0) Soft: 616 encountered, 0 discovered, 0 enqueued
[0.355s][info][gc,ref      ] GC(0) Weak: 1028 encountered, 322 discovered, 214 enqueued
[0.355s][info][gc,ref      ] GC(0) Final: 0 encountered, 0 discovered, 0 enqueued
[0.355s][info][gc,ref      ] GC(0) Phantom: 499 encountered, 449 discovered, 262 enqueued
[0.355s][info][gc,reloc    ] GC(0) Small Pages: 21 / 42M, Empty: 0M, Relocated: 4M, In-Place: 0
[0.355s][info][gc,reloc    ] GC(0) Medium Pages: 1 / 16M, Empty: 0M, Relocated: 0M, In-Place: 0
[0.355s][info][gc,reloc    ] GC(0) Large Pages: 0 / 0M, Empty: 0M, Relocated: 0M, In-Place: 0
[0.355s][info][gc,reloc    ] GC(0) Forwarding Usage: 1M
[0.355s][info][gc,heap     ] GC(0) Min Capacity: 512M(100%)
[0.355s][info][gc,heap     ] GC(0) Max Capacity: 512M(100%)
[0.355s][info][gc,heap     ] GC(0) Soft Max Capacity: 512M(100%)
[0.355s][info][gc,heap     ] GC(0)                Mark Start          Mark End        Relocate Start      Relocate End           High               Low         
[0.355s][info][gc,heap     ] GC(0)  Capacity:      512M (100%)        512M (100%)        512M (100%)        512M (100%)        512M (100%)        512M (100%)   
[0.355s][info][gc,heap     ] GC(0)      Free:      454M (89%)         452M (88%)         452M (88%)         482M (94%)         482M (94%)         448M (88%)    
[0.355s][info][gc,heap     ] GC(0)      Used:       58M (11%)          60M (12%)          60M (12%)          30M (6%)           64M (12%)          30M (6%)     
[0.355s][info][gc,heap     ] GC(0)      Live:         -                 8M (2%)            8M (2%)            8M (2%)             -                  -          
[0.355s][info][gc,heap     ] GC(0) Allocated:         -                 2M (0%)            2M (0%)            3M (1%)             -                  -          
[0.355s][info][gc,heap     ] GC(0)   Garbage:         -                49M (10%)          49M (10%)          18M (4%)             -                  -          
[0.355s][info][gc,heap     ] GC(0) Reclaimed:         -                  -                 0M (0%)           31M (6%)             -                  -          
[0.355s][info][gc          ] GC(0) Garbage Collection (Warmup) 58M(11%)->30M(6%)
[0.942s][info][gc,start    ] GC(1) Garbage Collection (Warmup)
[0.942s][info][gc,task     ] GC(1) Using 2 workers
[0.942s][info][gc,phases   ] GC(1) Pause Mark Start 0.003ms
[0.959s][info][gc,phases   ] GC(1) Concurrent Mark 17.361ms
[0.960s][info][gc,phases   ] GC(1) Pause Mark End 0.010ms
[0.960s][info][gc,phases   ] GC(1) Concurrent Mark Free 0.000ms
[0.963s][info][gc,phases   ] GC(1) Concurrent Process Non-Strong References 3.430ms
[0.963s][info][gc,phases   ] GC(1) Concurrent Reset Relocation Set 0.002ms
[0.970s][info][gc,phases   ] GC(1) Concurrent Select Relocation Set 6.843ms
[0.970s][info][gc,phases   ] GC(1) Pause Relocate Start 0.006ms
[0.982s][info][gc,phases   ] GC(1) Concurrent Relocate 12.154ms
[0.983s][info][gc,load     ] GC(1) Load: 3.65/3.27/3.28
[0.983s][info][gc,mmu      ] GC(1) MMU: 2ms/99.4%, 5ms/99.7%, 10ms/99.8%, 20ms/99.9%, 50ms/100.0%, 100ms/100.0%
[0.983s][info][gc,marking  ] GC(1) Mark: 2 stripe(s), 2 proactive flush(es), 1 terminate flush(es), 0 completion(s), 0 continuation(s) 
[0.983s][info][gc,marking  ] GC(1) Mark Stack Usage: 32M
[0.983s][info][gc,nmethod  ] GC(1) NMethods: 2958 registered, 0 unregistered
[0.983s][info][gc,metaspace] GC(1) Metaspace: 19M used, 19M committed, 1088M reserved
[0.983s][info][gc,ref      ] GC(1) Soft: 5109 encountered, 0 discovered, 0 enqueued
[0.983s][info][gc,ref      ] GC(1) Weak: 1501 encountered, 192 discovered, 174 enqueued
[0.983s][info][gc,ref      ] GC(1) Final: 0 encountered, 0 discovered, 0 enqueued
[0.983s][info][gc,ref      ] GC(1) Phantom: 537 encountered, 506 discovered, 283 enqueued
[0.983s][info][gc,reloc    ] GC(1) Small Pages: 52 / 104M, Empty: 0M, Relocated: 8M, In-Place: 0
[0.983s][info][gc,reloc    ] GC(1) Medium Pages: 1 / 16M, Empty: 0M, Relocated: 0M, In-Place: 0
[0.983s][info][gc,reloc    ] GC(1) Large Pages: 0 / 0M, Empty: 0M, Relocated: 0M, In-Place: 0
[0.983s][info][gc,reloc    ] GC(1) Forwarding Usage: 3M
[0.983s][info][gc,heap     ] GC(1) Min Capacity: 512M(100%)
[0.983s][info][gc,heap     ] GC(1) Max Capacity: 512M(100%)
[0.983s][info][gc,heap     ] GC(1) Soft Max Capacity: 512M(100%)
[0.983s][info][gc,heap     ] GC(1)                Mark Start          Mark End        Relocate Start      Relocate End           High               Low         
[0.983s][info][gc,heap     ] GC(1)  Capacity:      512M (100%)        512M (100%)        512M (100%)        512M (100%)        512M (100%)        512M (100%)   
[0.983s][info][gc,heap     ] GC(1)      Free:      392M (77%)         390M (76%)         388M (76%)         472M (92%)         472M (92%)         384M (75%)    
[0.983s][info][gc,heap     ] GC(1)      Used:      120M (23%)         122M (24%)         124M (24%)          40M (8%)          128M (25%)          40M (8%)     
[0.983s][info][gc,heap     ] GC(1)      Live:         -                15M (3%)           15M (3%)           15M (3%)             -                  -          
[0.983s][info][gc,heap     ] GC(1) Allocated:         -                 2M (0%)            4M (1%)            3M (1%)             -                  -          
[0.983s][info][gc,heap     ] GC(1)   Garbage:         -               104M (20%)         104M (20%)          20M (4%)             -                  -          
[0.983s][info][gc,heap     ] GC(1) Reclaimed:         -                  -                 0M (0%)           83M (16%)            -                  -          
[0.983s][info][gc          ] GC(1) Garbage Collection (Warmup) 120M(23%)->40M(8%)
[1.541s][info][gc,start    ] GC(2) Garbage Collection (Warmup)
[1.541s][info][gc,task     ] GC(2) Using 2 workers
[1.541s][info][gc,phases   ] GC(2) Pause Mark Start 0.003ms
[1.562s][info][gc,phases   ] GC(2) Concurrent Mark 20.774ms
[1.562s][info][gc,phases   ] GC(2) Pause Mark End 0.005ms
[1.562s][info][gc,phases   ] GC(2) Concurrent Mark Free 0.000ms
[1.566s][info][gc,phases   ] GC(2) Concurrent Process Non-Strong References 3.559ms
[1.566s][info][gc,phases   ] GC(2) Concurrent Reset Relocation Set 0.002ms
[1.573s][info][gc,phases   ] GC(2) Concurrent Select Relocation Set 6.638ms
[1.573s][info][gc,phases   ] GC(2) Pause Relocate Start 0.005ms
[1.577s][info][gc,phases   ] GC(2) Concurrent Relocate 4.085ms
[1.577s][info][gc,load     ] GC(2) Load: 3.65/3.27/3.28
[1.577s][info][gc,mmu      ] GC(2) MMU: 2ms/99.4%, 5ms/99.7%, 10ms/99.8%, 20ms/99.9%, 50ms/100.0%, 100ms/100.0%
[1.577s][info][gc,marking  ] GC(2) Mark: 2 stripe(s), 2 proactive flush(es), 1 terminate flush(es), 0 completion(s), 0 continuation(s) 
[1.577s][info][gc,marking  ] GC(2) Mark Stack Usage: 32M
[1.577s][info][gc,nmethod  ] GC(2) NMethods: 4020 registered, 0 unregistered
[1.577s][info][gc,metaspace] GC(2) Metaspace: 33M used, 33M committed, 1088M reserved
[1.577s][info][gc,ref      ] GC(2) Soft: 8777 encountered, 0 discovered, 0 enqueued
[1.577s][info][gc,ref      ] GC(2) Weak: 5088 encountered, 2407 discovered, 2132 enqueued
[1.577s][info][gc,ref      ] GC(2) Final: 0 encountered, 0 discovered, 0 enqueued
[1.577s][info][gc,ref      ] GC(2) Phantom: 802 encountered, 668 discovered, 432 enqueued
[1.577s][info][gc,reloc    ] GC(2) Small Pages: 64 / 128M, Empty: 0M, Relocated: 9M, In-Place: 0
[1.577s][info][gc,reloc    ] GC(2) Medium Pages: 2 / 32M, Empty: 0M, Relocated: 2M, In-Place: 0
[1.577s][info][gc,reloc    ] GC(2) Large Pages: 0 / 0M, Empty: 0M, Relocated: 0M, In-Place: 0
[1.577s][info][gc,reloc    ] GC(2) Forwarding Usage: 3M
[1.577s][info][gc,heap     ] GC(2) Min Capacity: 512M(100%)
[1.577s][info][gc,heap     ] GC(2) Max Capacity: 512M(100%)
[1.577s][info][gc,heap     ] GC(2) Soft Max Capacity: 512M(100%)
[1.577s][info][gc,heap     ] GC(2)                Mark Start          Mark End        Relocate Start      Relocate End           High               Low         
[1.577s][info][gc,heap     ] GC(2)  Capacity:      512M (100%)        512M (100%)        512M (100%)        512M (100%)        512M (100%)        512M (100%)   
[1.577s][info][gc,heap     ] GC(2)      Free:      352M (69%)         348M (68%)         346M (68%)         464M (91%)         464M (91%)         330M (64%)    
[1.577s][info][gc,heap     ] GC(2)      Used:      160M (31%)         164M (32%)         166M (32%)          48M (9%)          182M (36%)          48M (9%)     
[1.577s][info][gc,heap     ] GC(2)      Live:         -                24M (5%)           24M (5%)           24M (5%)             -                  -          
[1.577s][info][gc,heap     ] GC(2) Allocated:         -                 4M (1%)            6M (1%)            5M (1%)             -                  -          
[1.577s][info][gc,heap     ] GC(2)   Garbage:         -               135M (26%)         135M (26%)          17M (3%)             -                  -          
[1.577s][info][gc,heap     ] GC(2) Reclaimed:         -                  -                 0M (0%)          117M (23%)            -                  -          
[1.577s][info][gc          ] GC(2) Garbage Collection (Warmup) 160M(31%)->48M(9%)
[2.259s][info][gc,start    ] GC(3) Garbage Collection (Metadata GC Threshold)
[2.259s][info][gc,task     ] GC(3) Using 2 workers
[2.259s][info][gc,phases   ] GC(3) Pause Mark Start 0.003ms
[2.286s][info][gc,phases   ] GC(3) Concurrent Mark 26.607ms
[2.286s][info][gc,phases   ] GC(3) Pause Mark End 0.006ms
[2.286s][info][gc,phases   ] GC(3) Concurrent Mark Free 0.000ms
[2.290s][info][gc,phases   ] GC(3) Concurrent Process Non-Strong References 3.448ms
[2.290s][info][gc,phases   ] GC(3) Concurrent Reset Relocation Set 0.004ms
[2.292s][info][gc,phases   ] GC(3) Concurrent Select Relocation Set 1.996ms
[2.292s][info][gc,phases   ] GC(3) Pause Relocate Start 0.004ms
[2.296s][info][gc,phases   ] GC(3) Concurrent Relocate 3.755ms
[2.296s][info][gc,load     ] GC(3) Load: 3.65/3.27/3.28
[2.296s][info][gc,mmu      ] GC(3) MMU: 2ms/99.4%, 5ms/99.7%, 10ms/99.8%, 20ms/99.9%, 50ms/100.0%, 100ms/100.0%
[2.296s][info][gc,marking  ] GC(3) Mark: 2 stripe(s), 2 proactive flush(es), 1 terminate flush(es), 0 completion(s), 0 continuation(s) 
[2.296s][info][gc,marking  ] GC(3) Mark Stack Usage: 32M
[2.296s][info][gc,nmethod  ] GC(3) NMethods: 4590 registered, 0 unregistered
[2.296s][info][gc,metaspace] GC(3) Metaspace: 55M used, 56M committed, 1088M reserved
[2.296s][info][gc,ref      ] GC(3) Soft: 10294 encountered, 0 discovered, 0 enqueued
[2.296s][info][gc,ref      ] GC(3) Weak: 5885 encountered, 3060 discovered, 1760 enqueued
[2.296s][info][gc,ref      ] GC(3) Final: 0 encountered, 0 discovered, 0 enqueued
[2.296s][info][gc,ref      ] GC(3) Phantom: 751 encountered, 634 discovered, 371 enqueued
[2.296s][info][gc,reloc    ] GC(3) Small Pages: 79 / 158M, Empty: 0M, Relocated: 9M, In-Place: 0
[2.296s][info][gc,reloc    ] GC(3) Medium Pages: 2 / 32M, Empty: 16M, Relocated: 0M, In-Place: 0
[2.296s][info][gc,reloc    ] GC(3) Large Pages: 0 / 0M, Empty: 0M, Relocated: 0M, In-Place: 0
[2.296s][info][gc,reloc    ] GC(3) Forwarding Usage: 3M
[2.296s][info][gc,heap     ] GC(3) Min Capacity: 512M(100%)
[2.296s][info][gc,heap     ] GC(3) Max Capacity: 512M(100%)
[2.296s][info][gc,heap     ] GC(3) Soft Max Capacity: 512M(100%)
[2.296s][info][gc,heap     ] GC(3)                Mark Start          Mark End        Relocate Start      Relocate End           High               Low         
[2.296s][info][gc,heap     ] GC(3)  Capacity:      512M (100%)        512M (100%)        512M (100%)        512M (100%)        512M (100%)        512M (100%)   
[2.296s][info][gc,heap     ] GC(3)      Free:      322M (63%)         318M (62%)         332M (65%)         456M (89%)         456M (89%)         316M (62%)    
[2.296s][info][gc,heap     ] GC(3)      Used:      190M (37%)         194M (38%)         180M (35%)          56M (11%)         196M (38%)          56M (11%)    
[2.296s][info][gc,heap     ] GC(3)      Live:         -                30M (6%)           30M (6%)           30M (6%)             -                  -          
[2.296s][info][gc,heap     ] GC(3) Allocated:         -                 4M (1%)            6M (1%)            7M (1%)             -                  -          
[2.296s][info][gc,heap     ] GC(3)   Garbage:         -               159M (31%)         143M (28%)          17M (4%)             -                  -          
[2.296s][info][gc,heap     ] GC(3) Reclaimed:         -                  -                16M (3%)          141M (28%)            -                  -          
[2.296s][info][gc          ] GC(3) Garbage Collection (Metadata GC Threshold) 190M(37%)->56M(11%)
[5.141s][info][gc,start    ] GC(4) Garbage Collection (Proactive)
[5.141s][info][gc,task     ] GC(4) Using 2 workers
[5.141s][info][gc,phases   ] GC(4) Pause Mark Start 0.010ms
[5.178s][info][gc,phases   ] GC(4) Concurrent Mark 36.414ms
[5.178s][info][gc,phases   ] GC(4) Pause Mark End 0.010ms
[5.178s][info][gc,phases   ] GC(4) Concurrent Mark Free 0.000ms
[5.190s][info][gc,phases   ] GC(4) Concurrent Process Non-Strong References 12.886ms
[5.191s][info][gc,phases   ] GC(4) Concurrent Reset Relocation Set 0.005ms
[5.194s][info][gc,phases   ] GC(4) Concurrent Select Relocation Set 3.215ms
[5.194s][info][gc,phases   ] GC(4) Pause Relocate Start 0.008ms
[5.199s][info][gc,phases   ] GC(4) Concurrent Relocate 5.335ms
[5.199s][info][gc,load     ] GC(4) Load: 3.44/3.23/3.26
[5.199s][info][gc,mmu      ] GC(4) MMU: 2ms/99.4%, 5ms/99.7%, 10ms/99.8%, 20ms/99.9%, 50ms/100.0%, 100ms/100.0%
[5.199s][info][gc,marking  ] GC(4) Mark: 2 stripe(s), 2 proactive flush(es), 1 terminate flush(es), 0 completion(s), 0 continuation(s) 
[5.199s][info][gc,marking  ] GC(4) Mark Stack Usage: 32M
[5.199s][info][gc,nmethod  ] GC(4) NMethods: 5247 registered, 163 unregistered
[5.199s][info][gc,metaspace] GC(4) Metaspace: 64M used, 65M committed, 1088M reserved
[5.199s][info][gc,ref      ] GC(4) Soft: 13233 encountered, 0 discovered, 0 enqueued
[5.199s][info][gc,ref      ] GC(4) Weak: 12492 encountered, 7922 discovered, 5713 enqueued
[5.199s][info][gc,ref      ] GC(4) Final: 0 encountered, 0 discovered, 0 enqueued
[5.199s][info][gc,ref      ] GC(4) Phantom: 1086 encountered, 884 discovered, 708 enqueued
[5.199s][info][gc,reloc    ] GC(4) Small Pages: 84 / 168M, Empty: 0M, Relocated: 12M, In-Place: 0
[5.199s][info][gc,reloc    ] GC(4) Medium Pages: 1 / 16M, Empty: 0M, Relocated: 0M, In-Place: 0
[5.199s][info][gc,reloc    ] GC(4) Large Pages: 0 / 0M, Empty: 0M, Relocated: 0M, In-Place: 0
[5.199s][info][gc,reloc    ] GC(4) Forwarding Usage: 4M
[5.199s][info][gc,heap     ] GC(4) Min Capacity: 512M(100%)
[5.199s][info][gc,heap     ] GC(4) Max Capacity: 512M(100%)
[5.199s][info][gc,heap     ] GC(4) Soft Max Capacity: 512M(100%)
[5.199s][info][gc,heap     ] GC(4)                Mark Start          Mark End        Relocate Start      Relocate End           High               Low         
[5.199s][info][gc,heap     ] GC(4)  Capacity:      512M (100%)        512M (100%)        512M (100%)        512M (100%)        512M (100%)        512M (100%)   
[5.199s][info][gc,heap     ] GC(4)      Free:      328M (64%)         326M (64%)         326M (64%)         452M (88%)         452M (88%)         322M (63%)    
[5.199s][info][gc,heap     ] GC(4)      Used:      184M (36%)         186M (36%)         186M (36%)          60M (12%)         190M (37%)          60M (12%)    
[5.199s][info][gc,heap     ] GC(4)      Live:         -                38M (8%)           38M (8%)           38M (8%)             -                  -          
[5.199s][info][gc,heap     ] GC(4) Allocated:         -                 2M (0%)            2M (0%)            1M (0%)             -                  -          
[5.199s][info][gc,heap     ] GC(4)   Garbage:         -               145M (28%)         145M (28%)          19M (4%)             -                  -          
[5.199s][info][gc,heap     ] GC(4) Reclaimed:         -                  -                 0M (0%)          125M (25%)            -                  -          
[5.199s][info][gc          ] GC(4) Garbage Collection (Proactive) 184M(36%)->60M(12%)
[10.041s][info][gc,stats    ] === Garbage Collection Statistics =======================================================================================================================
[10.041s][info][gc,stats    ]                                                              Last 10s              Last 10m              Last 10h                Total
[10.041s][info][gc,stats    ]                                                              Avg / Max             Avg / Max             Avg / Max             Avg / Max
[10.041s][info][gc,stats    ]   Collector: Garbage Collection Cycle                     36.909 / 58.287       36.909 / 58.287       36.909 / 58.287       36.909 / 58.287      ms
[10.041s][info][gc,stats    ]  Contention: Mark Segment Reset Contention                     0 / 1                 0 / 1                 0 / 1                 0 / 1           ops/s
[10.041s][info][gc,stats    ]  Contention: Mark SeqNum Reset Contention                      0 / 1                 0 / 1                 0 / 1                 0 / 1           ops/s
[10.042s][info][gc,stats    ]    Critical: Allocation Stall                                  0 / 0                 0 / 0                 0 / 0                 0 / 0           ops/s
[10.042s][info][gc,stats    ]    Critical: Allocation Stall                              0.000 / 0.000         0.000 / 0.000         0.000 / 0.000         0.000 / 0.000       ms
[10.042s][info][gc,stats    ]    Critical: GC Locker Stall                                   0 / 0                 0 / 0                 0 / 0                 0 / 0           ops/s
[10.042s][info][gc,stats    ]    Critical: GC Locker Stall                               0.000 / 0.000         0.000 / 0.000         0.000 / 0.000         0.000 / 0.000       ms
[10.042s][info][gc,stats    ]    Critical: Relocation Stall                                  0 / 0                 0 / 0                 0 / 0                 0 / 0           ops/s
[10.042s][info][gc,stats    ]    Critical: Relocation Stall                              0.000 / 0.000         0.000 / 0.000         0.000 / 0.000         0.000 / 0.000       ms
[10.042s][info][gc,stats    ]      Memory: Allocation Rate                                  57 / 222              57 / 222              57 / 222              57 / 222         MB/s
[10.042s][info][gc,stats    ]      Memory: Out Of Memory                                     0 / 0                 0 / 0                 0 / 0                 0 / 0           ops/s
[10.042s][info][gc,stats    ]      Memory: Page Cache Flush                                  0 / 0                 0 / 0                 0 / 0                 0 / 0           MB/s
[10.042s][info][gc,stats    ]      Memory: Page Cache Hit L1                                20 / 90               20 / 90               20 / 90               20 / 90          ops/s
[10.042s][info][gc,stats    ]      Memory: Page Cache Hit L2                                 0 / 0                 0 / 0                 0 / 0                 0 / 0           ops/s
[10.042s][info][gc,stats    ]      Memory: Page Cache Hit L3                                 9 / 57                9 / 57                9 / 57                9 / 57          ops/s
[10.042s][info][gc,stats    ]      Memory: Page Cache Miss                                   0 / 1                 0 / 1                 0 / 1                 0 / 1           ops/s
[10.042s][info][gc,stats    ]      Memory: Uncommit                                          0 / 0                 0 / 0                 0 / 0                 0 / 0           MB/s
[10.042s][info][gc,stats    ]      Memory: Undo Object Allocation Failed                     0 / 0                 0 / 0                 0 / 0                 0 / 0           ops/s
[10.042s][info][gc,stats    ]      Memory: Undo Object Allocation Succeeded                  0 / 0                 0 / 0                 0 / 0                 0 / 0           ops/s
[10.042s][info][gc,stats    ]      Memory: Undo Page Allocation                              0 / 0                 0 / 0                 0 / 0                 0 / 0           ops/s
[10.042s][info][gc,stats    ]       Phase: Concurrent Mark                              21.205 / 36.414       21.205 / 36.414       21.205 / 36.414       21.205 / 36.414      ms
[10.042s][info][gc,stats    ]       Phase: Concurrent Mark Continue                      0.000 / 0.000         0.000 / 0.000         0.000 / 0.000         0.000 / 0.000       ms
[10.042s][info][gc,stats    ]       Phase: Concurrent Mark Free                          0.000 / 0.000         0.000 / 0.000         0.000 / 0.000         0.000 / 0.000       ms
[10.042s][info][gc,stats    ]       Phase: Concurrent Process Non-Strong References      4.866 / 12.886        4.866 / 12.886        4.866 / 12.886        4.866 / 12.886      ms
[10.042s][info][gc,stats    ]       Phase: Concurrent Relocate                           5.573 / 12.154        5.573 / 12.154        5.573 / 12.154        5.573 / 12.154      ms
[10.042s][info][gc,stats    ]       Phase: Concurrent Reset Relocation Set               0.003 / 0.005         0.003 / 0.005         0.003 / 0.005         0.003 / 0.005       ms
[10.042s][info][gc,stats    ]       Phase: Concurrent Select Relocation Set              4.744 / 6.843         4.744 / 6.843         4.744 / 6.843         4.744 / 6.843       ms
[10.042s][info][gc,stats    ]       Phase: Pause Mark End                                0.009 / 0.012         0.009 / 0.012         0.009 / 0.012         0.009 / 0.012       ms
[10.042s][info][gc,stats    ]       Phase: Pause Mark Start                              0.005 / 0.010         0.005 / 0.010         0.005 / 0.010         0.005 / 0.010       ms
[10.042s][info][gc,stats    ]       Phase: Pause Relocate Start                          0.006 / 0.008         0.006 / 0.008         0.006 / 0.008         0.006 / 0.008       ms
[10.042s][info][gc,stats    ]    Subphase: Concurrent Classes Purge                      0.057 / 0.081         0.057 / 0.081         0.057 / 0.081         0.057 / 0.081       ms
[10.042s][info][gc,stats    ]    Subphase: Concurrent Classes Unlink                     4.244 / 11.858        4.244 / 11.858        4.244 / 11.858        4.244 / 11.858      ms
[10.042s][info][gc,stats    ]    Subphase: Concurrent Mark                              19.806 / 35.027       19.806 / 35.027       19.806 / 35.027       19.806 / 35.027      ms
[10.042s][info][gc,stats    ]    Subphase: Concurrent Mark Try Flush                     0.050 / 0.259         0.050 / 0.259         0.050 / 0.259         0.050 / 0.259       ms
[10.042s][info][gc,stats    ]    Subphase: Concurrent Mark Try Terminate                 0.433 / 1.263         0.433 / 1.263         0.433 / 1.263         0.433 / 1.263       ms
[10.042s][info][gc,stats    ]    Subphase: Concurrent References Enqueue                 0.002 / 0.002         0.002 / 0.002         0.002 / 0.002         0.002 / 0.002       ms
[10.042s][info][gc,stats    ]    Subphase: Concurrent References Process                 0.210 / 0.477         0.210 / 0.477         0.210 / 0.477         0.210 / 0.477       ms
[10.042s][info][gc,stats    ]    Subphase: Concurrent Roots ClassLoaderDataGraph         0.082 / 0.324         0.082 / 0.324         0.082 / 0.324         0.082 / 0.324       ms
[10.042s][info][gc,stats    ]    Subphase: Concurrent Roots CodeCache                    0.000 / 0.000         0.000 / 0.000         0.000 / 0.000         0.000 / 0.000       ms
[10.042s][info][gc,stats    ]    Subphase: Concurrent Roots JavaThreads                  0.552 / 1.192         0.552 / 1.192         0.552 / 1.192         0.552 / 1.192       ms
[10.042s][info][gc,stats    ]    Subphase: Concurrent Roots OopStorageSet                0.034 / 0.080         0.034 / 0.080         0.034 / 0.080         0.034 / 0.080       ms
[10.042s][info][gc,stats    ]    Subphase: Concurrent Weak Roots OopStorageSet           0.308 / 0.435         0.308 / 0.435         0.308 / 0.435         0.308 / 0.435       ms
[10.042s][info][gc,stats    ]    Subphase: Pause Mark Try Complete                       0.001 / 0.001         0.001 / 0.001         0.001 / 0.001         0.001 / 0.001       ms
[10.042s][info][gc,stats    ]      System: Java Threads                                     16 / 29               16 / 29               16 / 29               16 / 29          threads
[10.042s][info][gc,stats    ] =========================================================================================================================================================
[17.241s][info][gc,start    ] GC(5) Garbage Collection (Proactive)
[17.242s][info][gc,task     ] GC(5) Using 2 workers
[17.242s][info][gc,phases   ] GC(5) Pause Mark Start 0.032ms
[17.308s][info][gc,phases   ] GC(5) Concurrent Mark 66.287ms
[17.309s][info][gc,phases   ] GC(5) Pause Mark End 0.051ms
[17.309s][info][gc,phases   ] GC(5) Concurrent Mark Free 0.000ms
[17.322s][info][gc,phases   ] GC(5) Concurrent Process Non-Strong References 13.824ms
[17.323s][info][gc,phases   ] GC(5) Concurrent Reset Relocation Set 0.042ms
[17.332s][info][gc,phases   ] GC(5) Concurrent Select Relocation Set 9.283ms
[17.332s][info][gc,phases   ] GC(5) Pause Relocate Start 0.018ms
[17.340s][info][gc,phases   ] GC(5) Concurrent Relocate 8.129ms
[17.340s][info][gc,load     ] GC(5) Load: 3.68/3.29/3.28
[17.340s][info][gc,mmu      ] GC(5) MMU: 2ms/97.4%, 5ms/99.0%, 10ms/99.5%, 20ms/99.7%, 50ms/99.9%, 100ms/99.9%
[17.340s][info][gc,marking  ] GC(5) Mark: 2 stripe(s), 3 proactive flush(es), 1 terminate flush(es), 0 completion(s), 0 continuation(s) 
[17.340s][info][gc,marking  ] GC(5) Mark Stack Usage: 32M
[17.340s][info][gc,nmethod  ] GC(5) NMethods: 7143 registered, 0 unregistered
[17.340s][info][gc,metaspace] GC(5) Metaspace: 64M used, 65M committed, 1088M reserved
[17.340s][info][gc,ref      ] GC(5) Soft: 13290 encountered, 0 discovered, 0 enqueued
[17.340s][info][gc,ref      ] GC(5) Weak: 6961 encountered, 395 discovered, 28 enqueued
[17.340s][info][gc,ref      ] GC(5) Final: 0 encountered, 0 discovered, 0 enqueued
[17.340s][info][gc,ref      ] GC(5) Phantom: 412 encountered, 350 discovered, 15 enqueued
[17.340s][info][gc,reloc    ] GC(5) Small Pages: 48 / 96M, Empty: 0M, Relocated: 4M, In-Place: 0
[17.340s][info][gc,reloc    ] GC(5) Medium Pages: 1 / 16M, Empty: 0M, Relocated: 0M, In-Place: 0
[17.340s][info][gc,reloc    ] GC(5) Large Pages: 0 / 0M, Empty: 0M, Relocated: 0M, In-Place: 0
[17.340s][info][gc,reloc    ] GC(5) Forwarding Usage: 0M
[17.340s][info][gc,heap     ] GC(5) Min Capacity: 512M(100%)
[17.340s][info][gc,heap     ] GC(5) Max Capacity: 512M(100%)
[17.340s][info][gc,heap     ] GC(5) Soft Max Capacity: 512M(100%)
[17.340s][info][gc,heap     ] GC(5)                Mark Start          Mark End        Relocate Start      Relocate End           High               Low         
[17.340s][info][gc,heap     ] GC(5)  Capacity:      512M (100%)        512M (100%)        512M (100%)        512M (100%)        512M (100%)        512M (100%)   
[17.340s][info][gc,heap     ] GC(5)      Free:      400M (78%)         394M (77%)         394M (77%)         442M (86%)         442M (86%)         390M (76%)    
[17.340s][info][gc,heap     ] GC(5)      Used:      112M (22%)         118M (23%)         118M (23%)          70M (14%)         122M (24%)          70M (14%)    
[17.340s][info][gc,heap     ] GC(5)      Live:         -                42M (8%)           42M (8%)           42M (8%)             -                  -          
[17.340s][info][gc,heap     ] GC(5) Allocated:         -                 6M (1%)            6M (1%)            5M (1%)             -                  -          
[17.340s][info][gc,heap     ] GC(5)   Garbage:         -                69M (14%)          69M (14%)          21M (4%)             -                  -          
[17.340s][info][gc,heap     ] GC(5) Reclaimed:         -                  -                 0M (0%)           47M (9%)             -                  -          
[17.340s][info][gc          ] GC(5) Garbage Collection (Proactive) 112M(22%)->70M(14%)
[20.037s][info][gc,stats    ] === Garbage Collection Statistics =======================================================================================================================
[20.037s][info][gc,stats    ]                                                              Last 10s              Last 10m              Last 10h                Total
[20.037s][info][gc,stats    ]                                                              Avg / Max             Avg / Max             Avg / Max             Avg / Max
[20.037s][info][gc,stats    ]   Collector: Garbage Collection Cycle                     99.304 / 99.304       47.308 / 99.304       47.308 / 99.304       47.308 / 99.304      ms
[20.037s][info][gc,stats    ]  Contention: Mark Segment Reset Contention                     0 / 0                 0 / 1                 0 / 1                 0 / 1           ops/s
[20.037s][info][gc,stats    ]  Contention: Mark SeqNum Reset Contention                      0 / 1                 0 / 1                 0 / 1                 0 / 1           ops/s
[20.037s][info][gc,stats    ]    Critical: Allocation Stall                                  0 / 0                 0 / 0                 0 / 0                 0 / 0           ops/s
[20.037s][info][gc,stats    ]    Critical: Allocation Stall                              0.000 / 0.000         0.000 / 0.000         0.000 / 0.000         0.000 / 0.000       ms
[20.037s][info][gc,stats    ]    Critical: GC Locker Stall                                   0 / 0                 0 / 0                 0 / 0                 0 / 0           ops/s
[20.037s][info][gc,stats    ]    Critical: GC Locker Stall                               0.000 / 0.000         0.000 / 0.000         0.000 / 0.000         0.000 / 0.000       ms
[20.037s][info][gc,stats    ]    Critical: Relocation Stall                                  0 / 0                 0 / 0                 0 / 0                 0 / 0           ops/s
[20.037s][info][gc,stats    ]    Critical: Relocation Stall                              0.000 / 0.000         0.000 / 0.000         0.000 / 0.000         0.000 / 0.000       ms
[20.037s][info][gc,stats    ]      Memory: Allocation Rate                                   8 / 18               32 / 222              32 / 222              32 / 222         MB/s
[20.037s][info][gc,stats    ]      Memory: Out Of Memory                                     0 / 0                 0 / 0                 0 / 0                 0 / 0           ops/s
[20.037s][info][gc,stats    ]      Memory: Page Cache Flush                                  0 / 0                 0 / 0                 0 / 0                 0 / 0           MB/s
[20.037s][info][gc,stats    ]      Memory: Page Cache Hit L1                                 4 / 13               12 / 90               12 / 90               12 / 90          ops/s
[20.037s][info][gc,stats    ]      Memory: Page Cache Hit L2                                 0 / 0                 0 / 0                 0 / 0                 0 / 0           ops/s
[20.037s][info][gc,stats    ]      Memory: Page Cache Hit L3                                 0 / 0                 4 / 57                4 / 57                4 / 57          ops/s
[20.037s][info][gc,stats    ]      Memory: Page Cache Miss                                   0 / 0                 0 / 1                 0 / 1                 0 / 1           ops/s
[20.037s][info][gc,stats    ]      Memory: Uncommit                                          0 / 0                 0 / 0                 0 / 0                 0 / 0           MB/s
[20.037s][info][gc,stats    ]      Memory: Undo Object Allocation Failed                     0 / 0                 0 / 0                 0 / 0                 0 / 0           ops/s
[20.037s][info][gc,stats    ]      Memory: Undo Object Allocation Succeeded                  0 / 0                 0 / 0                 0 / 0                 0 / 0           ops/s
[20.037s][info][gc,stats    ]      Memory: Undo Page Allocation                              0 / 2                 0 / 2                 0 / 2                 0 / 2           ops/s
[20.037s][info][gc,stats    ]       Phase: Concurrent Mark                              66.287 / 66.287       28.718 / 66.287       28.718 / 66.287       28.718 / 66.287      ms
[20.037s][info][gc,stats    ]       Phase: Concurrent Mark Continue                      0.000 / 0.000         0.000 / 0.000         0.000 / 0.000         0.000 / 0.000       ms
[20.037s][info][gc,stats    ]       Phase: Concurrent Mark Free                          0.000 / 0.000         0.000 / 0.000         0.000 / 0.000         0.000 / 0.000       ms
[20.037s][info][gc,stats    ]       Phase: Concurrent Process Non-Strong References     13.824 / 13.824        6.359 / 13.824        6.359 / 13.824        6.359 / 13.824      ms
[20.037s][info][gc,stats    ]       Phase: Concurrent Relocate                           8.129 / 8.129         5.999 / 12.154        5.999 / 12.154        5.999 / 12.154      ms
[20.037s][info][gc,stats    ]       Phase: Concurrent Reset Relocation Set               0.042 / 0.042         0.009 / 0.042         0.009 / 0.042         0.009 / 0.042       ms
[20.037s][info][gc,stats    ]       Phase: Concurrent Select Relocation Set              9.283 / 9.283         5.501 / 9.283         5.501 / 9.283         5.501 / 9.283       ms
[20.037s][info][gc,stats    ]       Phase: Pause Mark End                                0.051 / 0.051         0.016 / 0.051         0.016 / 0.051         0.016 / 0.051       ms
[20.037s][info][gc,stats    ]       Phase: Pause Mark Start                              0.032 / 0.032         0.009 / 0.032         0.009 / 0.032         0.009 / 0.032       ms
[20.037s][info][gc,stats    ]       Phase: Pause Relocate Start                          0.018 / 0.018         0.008 / 0.018         0.008 / 0.018         0.008 / 0.018       ms
[20.037s][info][gc,stats    ]    Subphase: Concurrent Classes Purge                      0.127 / 0.127         0.068 / 0.127         0.068 / 0.127         0.068 / 0.127       ms
[20.037s][info][gc,stats    ]    Subphase: Concurrent Classes Unlink                    12.529 / 12.529        5.625 / 12.529        5.625 / 12.529        5.625 / 12.529      ms
[20.037s][info][gc,stats    ]    Subphase: Concurrent Mark                              62.435 / 62.860       26.911 / 62.860       26.911 / 62.860       26.911 / 62.860      ms
[20.037s][info][gc,stats    ]    Subphase: Concurrent Mark Try Flush                     0.089 / 0.140         0.059 / 0.259         0.059 / 0.259         0.059 / 0.259       ms
[20.037s][info][gc,stats    ]    Subphase: Concurrent Mark Try Terminate                 0.359 / 1.065         0.421 / 1.263         0.421 / 1.263         0.421 / 1.263       ms
[20.037s][info][gc,stats    ]    Subphase: Concurrent References Enqueue                 0.002 / 0.002         0.002 / 0.002         0.002 / 0.002         0.002 / 0.002       ms
[20.038s][info][gc,stats    ]    Subphase: Concurrent References Process                 0.167 / 0.167         0.203 / 0.477         0.203 / 0.477         0.203 / 0.477       ms
[20.038s][info][gc,stats    ]    Subphase: Concurrent Roots ClassLoaderDataGraph         0.954 / 1.893         0.227 / 1.893         0.227 / 1.893         0.227 / 1.893       ms
[20.038s][info][gc,stats    ]    Subphase: Concurrent Roots CodeCache                    0.000 / 0.000         0.000 / 0.000         0.000 / 0.000         0.000 / 0.000       ms
[20.038s][info][gc,stats    ]    Subphase: Concurrent Roots JavaThreads                  1.344 / 1.887         0.684 / 1.887         0.684 / 1.887         0.684 / 1.887       ms
[20.038s][info][gc,stats    ]    Subphase: Concurrent Roots OopStorageSet                0.708 / 1.099         0.147 / 1.099         0.147 / 1.099         0.147 / 1.099       ms
[20.038s][info][gc,stats    ]    Subphase: Concurrent Weak Roots OopStorageSet           0.861 / 0.883         0.400 / 0.883         0.400 / 0.883         0.400 / 0.883       ms
[20.038s][info][gc,stats    ]    Subphase: Pause Mark Try Complete                       0.000 / 0.000         0.001 / 0.001         0.001 / 0.001         0.001 / 0.001       ms
[20.038s][info][gc,stats    ]      System: Java Threads                                     38 / 38               20 / 38               20 / 38               20 / 38          threads
[20.038s][info][gc,stats    ] =========================================================================================================================================================
[25.342s][info][gc,start    ] GC(6) Garbage Collection (Proactive)
[25.342s][info][gc,task     ] GC(6) Using 2 workers
[25.342s][info][gc,phases   ] GC(6) Pause Mark Start 0.012ms
[25.383s][info][gc,phases   ] GC(6) Concurrent Mark 40.993ms
[25.383s][info][gc,phases   ] GC(6) Pause Mark End 0.016ms
[25.383s][info][gc,phases   ] GC(6) Concurrent Mark Free 0.000ms
[25.391s][info][gc,phases   ] GC(6) Concurrent Process Non-Strong References 8.153ms
[25.391s][info][gc,phases   ] GC(6) Concurrent Reset Relocation Set 0.002ms
[25.395s][info][gc,phases   ] GC(6) Concurrent Select Relocation Set 3.385ms
[25.395s][info][gc,phases   ] GC(6) Pause Relocate Start 0.009ms
[25.396s][info][gc,phases   ] GC(6) Concurrent Relocate 1.420ms
[25.396s][info][gc,load     ] GC(6) Load: 3.27/3.21/3.25
[25.396s][info][gc,mmu      ] GC(6) MMU: 2ms/97.4%, 5ms/99.0%, 10ms/99.5%, 20ms/99.7%, 50ms/99.9%, 100ms/99.9%
[25.396s][info][gc,marking  ] GC(6) Mark: 2 stripe(s), 2 proactive flush(es), 1 terminate flush(es), 0 completion(s), 0 continuation(s) 
[25.396s][info][gc,marking  ] GC(6) Mark Stack Usage: 32M
[25.396s][info][gc,nmethod  ] GC(6) NMethods: 7240 registered, 0 unregistered
[25.396s][info][gc,metaspace] GC(6) Metaspace: 64M used, 65M committed, 1088M reserved
[25.396s][info][gc,ref      ] GC(6) Soft: 13290 encountered, 0 discovered, 0 enqueued
[25.396s][info][gc,ref      ] GC(6) Weak: 7019 encountered, 224 discovered, 0 enqueued
[25.396s][info][gc,ref      ] GC(6) Final: 0 encountered, 0 discovered, 0 enqueued
[25.396s][info][gc,ref      ] GC(6) Phantom: 410 encountered, 281 discovered, 0 enqueued
[25.396s][info][gc,reloc    ] GC(6) Small Pages: 84 / 168M, Empty: 2M, Relocated: 5M, In-Place: 0
[25.396s][info][gc,reloc    ] GC(6) Medium Pages: 1 / 16M, Empty: 0M, Relocated: 0M, In-Place: 0
[25.396s][info][gc,reloc    ] GC(6) Large Pages: 0 / 0M, Empty: 0M, Relocated: 0M, In-Place: 0
[25.397s][info][gc,reloc    ] GC(6) Forwarding Usage: 0M
[25.397s][info][gc,heap     ] GC(6) Min Capacity: 512M(100%)
[25.397s][info][gc,heap     ] GC(6) Max Capacity: 512M(100%)
[25.397s][info][gc,heap     ] GC(6) Soft Max Capacity: 512M(100%)
[25.397s][info][gc,heap     ] GC(6)                Mark Start          Mark End        Relocate Start      Relocate End           High               Low         
[25.397s][info][gc,heap     ] GC(6)  Capacity:      512M (100%)        512M (100%)        512M (100%)        512M (100%)        512M (100%)        512M (100%)   
[25.397s][info][gc,heap     ] GC(6)      Free:      328M (64%)         324M (63%)         324M (63%)         442M (86%)         442M (86%)         320M (62%)    
[25.397s][info][gc,heap     ] GC(6)      Used:      184M (36%)         188M (37%)         188M (37%)          70M (14%)         192M (38%)          70M (14%)    
[25.397s][info][gc,heap     ] GC(6)      Live:         -                45M (9%)           45M (9%)           45M (9%)             -                  -          
[25.397s][info][gc,heap     ] GC(6) Allocated:         -                 4M (1%)            6M (1%)            5M (1%)             -                  -          
[25.397s][info][gc,heap     ] GC(6)   Garbage:         -               138M (27%)         136M (27%)          18M (4%)             -                  -          
[25.397s][info][gc,heap     ] GC(6) Reclaimed:         -                  -                 2M (0%)          119M (23%)            -                  -          
[25.397s][info][gc          ] GC(6) Garbage Collection (Proactive) 184M(36%)->70M(14%)
[30.041s][info][gc,stats    ] === Garbage Collection Statistics =======================================================================================================================
[30.042s][info][gc,stats    ]                                                              Last 10s              Last 10m              Last 10h                Total
[30.042s][info][gc,stats    ]                                                              Avg / Max             Avg / Max             Avg / Max             Avg / Max
[30.042s][info][gc,stats    ]   Collector: Garbage Collection Cycle                     54.850 / 54.850       48.385 / 99.304       48.385 / 99.304       48.385 / 99.304      ms
[30.042s][info][gc,stats    ]  Contention: Mark Segment Reset Contention                     0 / 0                 0 / 1                 0 / 1                 0 / 1           ops/s
[30.042s][info][gc,stats    ]  Contention: Mark SeqNum Reset Contention                      0 / 0                 0 / 1                 0 / 1                 0 / 1           ops/s
[30.042s][info][gc,stats    ]    Critical: Allocation Stall                                  0 / 0                 0 / 0                 0 / 0                 0 / 0           ops/s
[30.042s][info][gc,stats    ]    Critical: Allocation Stall                              0.000 / 0.000         0.000 / 0.000         0.000 / 0.000         0.000 / 0.000       ms
[30.042s][info][gc,stats    ]    Critical: GC Locker Stall                                   0 / 0                 0 / 0                 0 / 0                 0 / 0           ops/s
[30.042s][info][gc,stats    ]    Critical: GC Locker Stall                               0.000 / 0.000         0.000 / 0.000         0.000 / 0.000         0.000 / 0.000       ms
[30.042s][info][gc,stats    ]    Critical: Relocation Stall                                  0 / 0                 0 / 0                 0 / 0                 0 / 0           ops/s
[30.042s][info][gc,stats    ]    Critical: Relocation Stall                              0.000 / 0.000         0.000 / 0.000         0.000 / 0.000         0.000 / 0.000       ms
[30.042s][info][gc,stats    ]      Memory: Allocation Rate                                  21 / 28               28 / 222              28 / 222              28 / 222         MB/s
[30.042s][info][gc,stats    ]      Memory: Out Of Memory                                     0 / 0                 0 / 0                 0 / 0                 0 / 0           ops/s
[30.042s][info][gc,stats    ]      Memory: Page Cache Flush                                  0 / 0                 0 / 0                 0 / 0                 0 / 0           MB/s
[30.042s][info][gc,stats    ]      Memory: Page Cache Hit L1                                10 / 16               11 / 90               11 / 90               11 / 90          ops/s
[30.042s][info][gc,stats    ]      Memory: Page Cache Hit L2                                 0 / 0                 0 / 0                 0 / 0                 0 / 0           ops/s
[30.042s][info][gc,stats    ]      Memory: Page Cache Hit L3                                 0 / 1                 3 / 57                3 / 57                3 / 57          ops/s
[30.042s][info][gc,stats    ]      Memory: Page Cache Miss                                   0 / 0                 0 / 1                 0 / 1                 0 / 1           ops/s
[30.042s][info][gc,stats    ]      Memory: Uncommit                                          0 / 0                 0 / 0                 0 / 0                 0 / 0           MB/s
[30.042s][info][gc,stats    ]      Memory: Undo Object Allocation Failed                     0 / 0                 0 / 0                 0 / 0                 0 / 0           ops/s
[30.042s][info][gc,stats    ]      Memory: Undo Object Allocation Succeeded                  0 / 0                 0 / 0                 0 / 0                 0 / 0           ops/s
[30.042s][info][gc,stats    ]      Memory: Undo Page Allocation                              0 / 2                 0 / 2                 0 / 2                 0 / 2           ops/s
[30.042s][info][gc,stats    ]       Phase: Concurrent Mark                              40.993 / 40.993       30.472 / 66.287       30.472 / 66.287       30.472 / 66.287      ms
[30.042s][info][gc,stats    ]       Phase: Concurrent Mark Continue                      0.000 / 0.000         0.000 / 0.000         0.000 / 0.000         0.000 / 0.000       ms
[30.042s][info][gc,stats    ]       Phase: Concurrent Mark Free                          0.000 / 0.000         0.000 / 0.000         0.000 / 0.000         0.000 / 0.000       ms
[30.042s][info][gc,stats    ]       Phase: Concurrent Process Non-Strong References      8.153 / 8.153         6.615 / 13.824        6.615 / 13.824        6.615 / 13.824      ms
[30.042s][info][gc,stats    ]       Phase: Concurrent Relocate                           1.420 / 1.420         5.345 / 12.154        5.345 / 12.154        5.345 / 12.154      ms
[30.042s][info][gc,stats    ]       Phase: Concurrent Reset Relocation Set               0.002 / 0.002         0.008 / 0.042         0.008 / 0.042         0.008 / 0.042       ms
[30.042s][info][gc,stats    ]       Phase: Concurrent Select Relocation Set              3.385 / 3.385         5.199 / 9.283         5.199 / 9.283         5.199 / 9.283       ms
[30.042s][info][gc,stats    ]       Phase: Pause Mark End                                0.016 / 0.016         0.016 / 0.051         0.016 / 0.051         0.016 / 0.051       ms
[30.042s][info][gc,stats    ]       Phase: Pause Mark Start                              0.012 / 0.012         0.010 / 0.032         0.010 / 0.032         0.010 / 0.032       ms
[30.042s][info][gc,stats    ]       Phase: Pause Relocate Start                          0.009 / 0.009         0.008 / 0.018         0.008 / 0.018         0.008 / 0.018       ms
[30.042s][info][gc,stats    ]    Subphase: Concurrent Classes Purge                      0.128 / 0.128         0.077 / 0.128         0.077 / 0.128         0.077 / 0.128       ms
[30.042s][info][gc,stats    ]    Subphase: Concurrent Classes Unlink                     7.168 / 7.168         5.845 / 12.529        5.845 / 12.529        5.845 / 12.529      ms
[30.042s][info][gc,stats    ]    Subphase: Concurrent Mark                              38.077 / 38.641       28.506 / 62.860       28.506 / 62.860       28.506 / 62.860      ms
[30.042s][info][gc,stats    ]    Subphase: Concurrent Mark Try Flush                     0.028 / 0.045         0.054 / 0.259         0.054 / 0.259         0.054 / 0.259       ms
[30.042s][info][gc,stats    ]    Subphase: Concurrent Mark Try Terminate                 0.428 / 1.259         0.422 / 1.263         0.422 / 1.263         0.422 / 1.263       ms
[30.042s][info][gc,stats    ]    Subphase: Concurrent References Enqueue                 0.000 / 0.000         0.002 / 0.002         0.002 / 0.002         0.002 / 0.002       ms
[30.042s][info][gc,stats    ]    Subphase: Concurrent References Process                 0.127 / 0.127         0.192 / 0.477         0.192 / 0.477         0.192 / 0.477       ms
[30.042s][info][gc,stats    ]    Subphase: Concurrent Roots ClassLoaderDataGraph         0.279 / 0.279         0.231 / 1.893         0.231 / 1.893         0.231 / 1.893       ms
[30.042s][info][gc,stats    ]    Subphase: Concurrent Roots CodeCache                    0.000 / 0.000         0.000 / 0.000         0.000 / 0.000         0.000 / 0.000       ms
[30.042s][info][gc,stats    ]    Subphase: Concurrent Roots JavaThreads                  1.453 / 1.836         0.793 / 1.887         0.793 / 1.887         0.793 / 1.887       ms
[30.042s][info][gc,stats    ]    Subphase: Concurrent Roots OopStorageSet                0.138 / 0.138         0.146 / 1.099         0.146 / 1.099         0.146 / 1.099       ms
[30.042s][info][gc,stats    ]    Subphase: Concurrent Weak Roots OopStorageSet           0.618 / 0.628         0.431 / 0.883         0.431 / 0.883         0.431 / 0.883       ms
[30.042s][info][gc,stats    ]    Subphase: Pause Mark Try Complete                       0.000 / 0.000         0.001 / 0.001         0.001 / 0.001         0.001 / 0.001       ms
[30.042s][info][gc,stats    ]      System: Java Threads                                     51 / 51               24 / 51               24 / 51               24 / 51          threads
[30.042s][info][gc,stats    ] =========================================================================================================================================================
[31.638s][info][gc,start    ] GC(7) Garbage Collection (Proactive)
[31.638s][info][gc,task     ] GC(7) Using 2 workers
[31.638s][info][gc,phases   ] GC(7) Pause Mark Start 0.016ms
[31.682s][info][gc,phases   ] GC(7) Concurrent Mark 43.775ms
[31.682s][info][gc,phases   ] GC(7) Pause Mark End 0.024ms
[31.682s][info][gc,phases   ] GC(7) Concurrent Mark Free 0.000ms
[31.690s][info][gc,phases   ] GC(7) Concurrent Process Non-Strong References 7.198ms
[31.690s][info][gc,phases   ] GC(7) Concurrent Reset Relocation Set 0.004ms
[31.693s][info][gc,phases   ] GC(7) Concurrent Select Relocation Set 3.046ms
[31.693s][info][gc,phases   ] GC(7) Pause Relocate Start 0.010ms
[31.693s][info][gc,phases   ] GC(7) Concurrent Relocate 0.347ms
[31.693s][info][gc,load     ] GC(7) Load: 4.29/3.42/3.33
[31.693s][info][gc,mmu      ] GC(7) MMU: 2ms/97.4%, 5ms/99.0%, 10ms/99.5%, 20ms/99.7%, 50ms/99.9%, 100ms/99.9%
[31.693s][info][gc,marking  ] GC(7) Mark: 2 stripe(s), 2 proactive flush(es), 1 terminate flush(es), 0 completion(s), 0 continuation(s) 
[31.693s][info][gc,marking  ] GC(7) Mark Stack Usage: 32M
[31.693s][info][gc,nmethod  ] GC(7) NMethods: 7298 registered, 0 unregistered
[31.693s][info][gc,metaspace] GC(7) Metaspace: 64M used, 65M committed, 1088M reserved
[31.693s][info][gc,ref      ] GC(7) Soft: 13290 encountered, 0 discovered, 0 enqueued
[31.693s][info][gc,ref      ] GC(7) Weak: 7044 encountered, 300 discovered, 0 enqueued
[31.693s][info][gc,ref      ] GC(7) Final: 0 encountered, 0 discovered, 0 enqueued
[31.693s][info][gc,ref      ] GC(7) Phantom: 417 encountered, 362 discovered, 0 enqueued
[31.693s][info][gc,reloc    ] GC(7) Small Pages: 100 / 200M, Empty: 16M, Relocated: 2M, In-Place: 0
[31.693s][info][gc,reloc    ] GC(7) Medium Pages: 1 / 16M, Empty: 0M, Relocated: 0M, In-Place: 0
[31.693s][info][gc,reloc    ] GC(7) Large Pages: 0 / 0M, Empty: 0M, Relocated: 0M, In-Place: 0
[31.693s][info][gc,reloc    ] GC(7) Forwarding Usage: 0M
[31.693s][info][gc,heap     ] GC(7) Min Capacity: 512M(100%)
[31.693s][info][gc,heap     ] GC(7) Max Capacity: 512M(100%)
[31.693s][info][gc,heap     ] GC(7) Soft Max Capacity: 512M(100%)
[31.693s][info][gc,heap     ] GC(7)                Mark Start          Mark End        Relocate Start      Relocate End           High               Low         
[31.693s][info][gc,heap     ] GC(7)  Capacity:      512M (100%)        512M (100%)        512M (100%)        512M (100%)        512M (100%)        512M (100%)   
[31.693s][info][gc,heap     ] GC(7)      Free:      296M (58%)         284M (55%)         300M (59%)         432M (84%)         432M (84%)         284M (55%)    
[31.693s][info][gc,heap     ] GC(7)      Used:      216M (42%)         228M (45%)         212M (41%)          80M (16%)         228M (45%)          80M (16%)    
[31.693s][info][gc,heap     ] GC(7)      Live:         -                47M (9%)           47M (9%)           47M (9%)             -                  -          
[31.693s][info][gc,heap     ] GC(7) Allocated:         -                12M (2%)           12M (2%)           11M (2%)             -                  -          
[31.693s][info][gc,heap     ] GC(7)   Garbage:         -               168M (33%)         152M (30%)          20M (4%)             -                  -          
[31.693s][info][gc,heap     ] GC(7) Reclaimed:         -                  -                16M (3%)          147M (29%)            -                  -          
[31.693s][info][gc          ] GC(7) Garbage Collection (Proactive) 216M(42%)->80M(16%)
[36.342s][info][gc,start    ] GC(8) Garbage Collection (Proactive)
[36.342s][info][gc,task     ] GC(8) Using 2 workers
[36.342s][info][gc,phases   ] GC(8) Pause Mark Start 0.015ms
[36.383s][info][gc,phases   ] GC(8) Concurrent Mark 40.727ms
[36.383s][info][gc,phases   ] GC(8) Pause Mark End 0.016ms
[36.383s][info][gc,phases   ] GC(8) Concurrent Mark Free 0.000ms
[36.391s][info][gc,phases   ] GC(8) Concurrent Process Non-Strong References 7.698ms
[36.391s][info][gc,phases   ] GC(8) Concurrent Reset Relocation Set 0.004ms
[36.394s][info][gc,phases   ] GC(8) Concurrent Select Relocation Set 3.079ms
[36.394s][info][gc,phases   ] GC(8) Pause Relocate Start 0.008ms
[36.395s][info][gc,phases   ] GC(8) Concurrent Relocate 0.491ms
[36.395s][info][gc,load     ] GC(8) Load: 4.03/3.38/3.31
[36.395s][info][gc,mmu      ] GC(8) MMU: 2ms/97.4%, 5ms/99.0%, 10ms/99.5%, 20ms/99.7%, 50ms/99.9%, 100ms/99.9%
[36.395s][info][gc,marking  ] GC(8) Mark: 2 stripe(s), 2 proactive flush(es), 1 terminate flush(es), 0 completion(s), 0 continuation(s) 
[36.395s][info][gc,marking  ] GC(8) Mark Stack Usage: 32M
[36.395s][info][gc,nmethod  ] GC(8) NMethods: 7321 registered, 0 unregistered
[36.395s][info][gc,metaspace] GC(8) Metaspace: 64M used, 65M committed, 1088M reserved
[36.395s][info][gc,ref      ] GC(8) Soft: 13290 encountered, 0 discovered, 0 enqueued
[36.395s][info][gc,ref      ] GC(8) Weak: 7100 encountered, 515 discovered, 0 enqueued
[36.395s][info][gc,ref      ] GC(8) Final: 0 encountered, 0 discovered, 0 enqueued
[36.395s][info][gc,ref      ] GC(8) Phantom: 424 encountered, 318 discovered, 0 enqueued
[36.395s][info][gc,reloc    ] GC(8) Small Pages: 102 / 204M, Empty: 18M, Relocated: 3M, In-Place: 0
[36.395s][info][gc,reloc    ] GC(8) Medium Pages: 1 / 16M, Empty: 0M, Relocated: 0M, In-Place: 0
[36.395s][info][gc,reloc    ] GC(8) Large Pages: 0 / 0M, Empty: 0M, Relocated: 0M, In-Place: 0
[36.395s][info][gc,reloc    ] GC(8) Forwarding Usage: 0M
[36.395s][info][gc,heap     ] GC(8) Min Capacity: 512M(100%)
[36.395s][info][gc,heap     ] GC(8) Max Capacity: 512M(100%)
[36.395s][info][gc,heap     ] GC(8) Soft Max Capacity: 512M(100%)
[36.395s][info][gc,heap     ] GC(8)                Mark Start          Mark End        Relocate Start      Relocate End           High               Low         
[36.395s][info][gc,heap     ] GC(8)  Capacity:      512M (100%)        512M (100%)        512M (100%)        512M (100%)        512M (100%)        512M (100%)   
[36.395s][info][gc,heap     ] GC(8)      Free:      292M (57%)         288M (56%)         300M (59%)         432M (84%)         432M (84%)         280M (55%)    
[36.395s][info][gc,heap     ] GC(8)      Used:      220M (43%)         224M (44%)         212M (41%)          80M (16%)         232M (45%)          80M (16%)    
[36.395s][info][gc,heap     ] GC(8)      Live:         -                50M (10%)          50M (10%)          50M (10%)            -                  -          
[36.395s][info][gc,heap     ] GC(8) Allocated:         -                 4M (1%)           10M (2%)            9M (2%)             -                  -          
[36.395s][info][gc,heap     ] GC(8)   Garbage:         -               169M (33%)         151M (30%)          19M (4%)             -                  -          
[36.395s][info][gc,heap     ] GC(8) Reclaimed:         -                  -                18M (4%)          149M (29%)            -                  -          
[36.395s][info][gc          ] GC(8) Garbage Collection (Proactive) 220M(43%)->80M(16%)
[40.040s][info][gc,stats    ] === Garbage Collection Statistics =======================================================================================================================
[40.040s][info][gc,stats    ]                                                              Last 10s              Last 10m              Last 10h                Total
[40.040s][info][gc,stats    ]                                                              Avg / Max             Avg / Max             Avg / Max             Avg / Max
[40.040s][info][gc,stats    ]   Collector: Garbage Collection Cycle                     54.140 / 55.609       49.664 / 99.304       49.664 / 99.304       49.664 / 99.304      ms
[40.040s][info][gc,stats    ]  Contention: Mark Segment Reset Contention                     0 / 1                 0 / 1                 0 / 1                 0 / 1           ops/s
[40.040s][info][gc,stats    ]  Contention: Mark SeqNum Reset Contention                      0 / 0                 0 / 1                 0 / 1                 0 / 1           ops/s
[40.040s][info][gc,stats    ]    Critical: Allocation Stall                                  0 / 0                 0 / 0                 0 / 0                 0 / 0           ops/s
[40.040s][info][gc,stats    ]    Critical: Allocation Stall                              0.000 / 0.000         0.000 / 0.000         0.000 / 0.000         0.000 / 0.000       ms
[40.040s][info][gc,stats    ]    Critical: GC Locker Stall                                   0 / 0                 0 / 0                 0 / 0                 0 / 0           ops/s
[40.040s][info][gc,stats    ]    Critical: GC Locker Stall                               0.000 / 0.000         0.000 / 0.000         0.000 / 0.000         0.000 / 0.000       ms
[40.040s][info][gc,stats    ]    Critical: Relocation Stall                                  0 / 0                 0 / 0                 0 / 0                 0 / 0           ops/s
[40.040s][info][gc,stats    ]    Critical: Relocation Stall                              0.000 / 0.000         0.000 / 0.000         0.000 / 0.000         0.000 / 0.000       ms
[40.040s][info][gc,stats    ]      Memory: Allocation Rate                                  36 / 50               30 / 222              30 / 222              30 / 222         MB/s
[40.040s][info][gc,stats    ]      Memory: Out Of Memory                                     0 / 0                 0 / 0                 0 / 0                 0 / 0           ops/s
[40.040s][info][gc,stats    ]      Memory: Page Cache Flush                                  0 / 0                 0 / 0                 0 / 0                 0 / 0           MB/s
[40.040s][info][gc,stats    ]      Memory: Page Cache Hit L1                                16 / 25               13 / 90               13 / 90               13 / 90          ops/s
[40.040s][info][gc,stats    ]      Memory: Page Cache Hit L2                                 0 / 0                 0 / 0                 0 / 0                 0 / 0           ops/s
[40.040s][info][gc,stats    ]      Memory: Page Cache Hit L3                                 2 / 14                2 / 57                2 / 57                2 / 57          ops/s
[40.040s][info][gc,stats    ]      Memory: Page Cache Miss                                   0 / 0                 0 / 1                 0 / 1                 0 / 1           ops/s
[40.040s][info][gc,stats    ]      Memory: Uncommit                                          0 / 0                 0 / 0                 0 / 0                 0 / 0           MB/s
[40.040s][info][gc,stats    ]      Memory: Undo Object Allocation Failed                     0 / 0                 0 / 0                 0 / 0                 0 / 0           ops/s
[40.040s][info][gc,stats    ]      Memory: Undo Object Allocation Succeeded                  0 / 0                 0 / 0                 0 / 0                 0 / 0           ops/s
[40.040s][info][gc,stats    ]      Memory: Undo Page Allocation                              1 / 5                 0 / 5                 0 / 5                 0 / 5           ops/s
[40.041s][info][gc,stats    ]       Phase: Concurrent Mark                              42.251 / 43.775       33.089 / 66.287       33.089 / 66.287       33.089 / 66.287      ms
[40.041s][info][gc,stats    ]       Phase: Concurrent Mark Continue                      0.000 / 0.000         0.000 / 0.000         0.000 / 0.000         0.000 / 0.000       ms
[40.041s][info][gc,stats    ]       Phase: Concurrent Mark Free                          0.000 / 0.000         0.000 / 0.000         0.000 / 0.000         0.000 / 0.000       ms
[40.041s][info][gc,stats    ]       Phase: Concurrent Process Non-Strong References      7.448 / 7.698         6.800 / 13.824        6.800 / 13.824        6.800 / 13.824      ms
[40.041s][info][gc,stats    ]       Phase: Concurrent Relocate                           0.419 / 0.491         4.250 / 12.154        4.250 / 12.154        4.250 / 12.154      ms
[40.041s][info][gc,stats    ]       Phase: Concurrent Reset Relocation Set               0.004 / 0.004         0.007 / 0.042         0.007 / 0.042         0.007 / 0.042       ms
[40.041s][info][gc,stats    ]       Phase: Concurrent Select Relocation Set              3.062 / 3.079         4.724 / 9.283         4.724 / 9.283         4.724 / 9.283       ms
[40.041s][info][gc,stats    ]       Phase: Pause Mark End                                0.020 / 0.024         0.017 / 0.051         0.017 / 0.051         0.017 / 0.051       ms
[40.041s][info][gc,stats    ]       Phase: Pause Mark Start                              0.015 / 0.016         0.011 / 0.032         0.011 / 0.032         0.011 / 0.032       ms
[40.041s][info][gc,stats    ]       Phase: Pause Relocate Start                          0.009 / 0.010         0.008 / 0.018         0.008 / 0.018         0.008 / 0.018       ms
[40.041s][info][gc,stats    ]    Subphase: Concurrent Classes Purge                      0.132 / 0.140         0.089 / 0.140         0.089 / 0.140         0.089 / 0.140       ms
[40.041s][info][gc,stats    ]    Subphase: Concurrent Classes Unlink                     6.851 / 7.114         6.069 / 12.529        6.069 / 12.529        6.069 / 12.529      ms
[40.041s][info][gc,stats    ]    Subphase: Concurrent Mark                              39.369 / 41.359       30.920 / 62.860       30.920 / 62.860       30.920 / 62.860      ms
[40.041s][info][gc,stats    ]    Subphase: Concurrent Mark Try Flush                     0.030 / 0.069         0.049 / 0.259         0.049 / 0.259         0.049 / 0.259       ms
[40.041s][info][gc,stats    ]    Subphase: Concurrent Mark Try Terminate                 0.389 / 1.260         0.415 / 1.263         0.415 / 1.263         0.415 / 1.263       ms
[40.041s][info][gc,stats    ]    Subphase: Concurrent References Enqueue                 0.000 / 0.000         0.001 / 0.002         0.001 / 0.002         0.001 / 0.002       ms
[40.041s][info][gc,stats    ]    Subphase: Concurrent References Process                 0.052 / 0.053         0.161 / 0.477         0.161 / 0.477         0.161 / 0.477       ms
[40.041s][info][gc,stats    ]    Subphase: Concurrent Roots ClassLoaderDataGraph         0.206 / 0.443         0.225 / 1.893         0.225 / 1.893         0.225 / 1.893       ms
[40.041s][info][gc,stats    ]    Subphase: Concurrent Roots CodeCache                    0.000 / 0.000         0.000 / 0.000         0.000 / 0.000         0.000 / 0.000       ms
[40.041s][info][gc,stats    ]    Subphase: Concurrent Roots JavaThreads                  1.860 / 2.116         1.031 / 2.116         1.031 / 2.116         1.031 / 2.116       ms
[40.041s][info][gc,stats    ]    Subphase: Concurrent Roots OopStorageSet                0.123 / 0.155         0.141 / 1.099         0.141 / 1.099         0.141 / 1.099       ms
[40.041s][info][gc,stats    ]    Subphase: Concurrent Weak Roots OopStorageSet           0.360 / 0.380         0.415 / 0.883         0.415 / 0.883         0.415 / 0.883       ms
[40.041s][info][gc,stats    ]    Subphase: Pause Mark Try Complete                       0.000 / 0.000         0.001 / 0.001         0.001 / 0.001         0.001 / 0.001       ms
[40.041s][info][gc,stats    ]      System: Java Threads                                     61 / 65               32 / 65               32 / 65               32 / 65          threads
[40.041s][info][gc,stats    ] =========================================================================================================================================================
[40.139s][info][gc,start    ] GC(9) Garbage Collection (Proactive)
[40.139s][info][gc,task     ] GC(9) Using 2 workers
[40.139s][info][gc,phases   ] GC(9) Pause Mark Start 0.018ms
[40.179s][info][gc,phases   ] GC(9) Concurrent Mark 40.570ms
[40.180s][info][gc,phases   ] GC(9) Pause Mark End 0.015ms
[40.180s][info][gc,phases   ] GC(9) Concurrent Mark Free 0.000ms
[40.187s][info][gc,phases   ] GC(9) Concurrent Process Non-Strong References 7.541ms
[40.187s][info][gc,phases   ] GC(9) Concurrent Reset Relocation Set 0.005ms
[40.190s][info][gc,phases   ] GC(9) Concurrent Select Relocation Set 3.186ms
[40.190s][info][gc,phases   ] GC(9) Pause Relocate Start 0.008ms
[40.191s][info][gc,phases   ] GC(9) Concurrent Relocate 0.205ms
[40.191s][info][gc,load     ] GC(9) Load: 3.71/3.33/3.29
[40.191s][info][gc,mmu      ] GC(9) MMU: 2ms/97.4%, 5ms/99.0%, 10ms/99.5%, 20ms/99.7%, 50ms/99.9%, 100ms/99.9%
[40.191s][info][gc,marking  ] GC(9) Mark: 2 stripe(s), 2 proactive flush(es), 1 terminate flush(es), 0 completion(s), 0 continuation(s) 
[40.191s][info][gc,marking  ] GC(9) Mark Stack Usage: 32M
[40.191s][info][gc,nmethod  ] GC(9) NMethods: 7334 registered, 0 unregistered
[40.191s][info][gc,metaspace] GC(9) Metaspace: 64M used, 65M committed, 1088M reserved
[40.191s][info][gc,ref      ] GC(9) Soft: 13290 encountered, 0 discovered, 0 enqueued
[40.191s][info][gc,ref      ] GC(9) Weak: 7169 encountered, 516 discovered, 0 enqueued
[40.191s][info][gc,ref      ] GC(9) Final: 0 encountered, 0 discovered, 0 enqueued
[40.191s][info][gc,ref      ] GC(9) Phantom: 435 encountered, 399 discovered, 0 enqueued
[40.191s][info][gc,reloc    ] GC(9) Small Pages: 97 / 194M, Empty: 24M, Relocated: 1M, In-Place: 0
[40.191s][info][gc,reloc    ] GC(9) Medium Pages: 1 / 16M, Empty: 0M, Relocated: 0M, In-Place: 0
[40.191s][info][gc,reloc    ] GC(9) Large Pages: 0 / 0M, Empty: 0M, Relocated: 0M, In-Place: 0
[40.191s][info][gc,reloc    ] GC(9) Forwarding Usage: 0M
[40.191s][info][gc,heap     ] GC(9) Min Capacity: 512M(100%)
[40.191s][info][gc,heap     ] GC(9) Max Capacity: 512M(100%)
[40.191s][info][gc,heap     ] GC(9) Soft Max Capacity: 512M(100%)
[40.191s][info][gc,heap     ] GC(9)                Mark Start          Mark End        Relocate Start      Relocate End           High               Low         
[40.191s][info][gc,heap     ] GC(9)  Capacity:      512M (100%)        512M (100%)        512M (100%)        512M (100%)        512M (100%)        512M (100%)   
[40.191s][info][gc,heap     ] GC(9)      Free:      302M (59%)         298M (58%)         322M (63%)         434M (85%)         434M (85%)         298M (58%)    
[40.191s][info][gc,heap     ] GC(9)      Used:      210M (41%)         214M (42%)         190M (37%)          78M (15%)         214M (42%)          78M (15%)    
[40.191s][info][gc,heap     ] GC(9)      Live:         -                51M (10%)          51M (10%)          51M (10%)            -                  -          
[40.191s][info][gc,heap     ] GC(9) Allocated:         -                 4M (1%)            4M (1%)            3M (1%)             -                  -          
[40.191s][info][gc,heap     ] GC(9)   Garbage:         -               158M (31%)         134M (26%)          22M (4%)             -                  -          
[40.191s][info][gc,heap     ] GC(9) Reclaimed:         -                  -                24M (5%)          135M (27%)            -                  -          
[40.191s][info][gc          ] GC(9) Garbage Collection (Proactive) 210M(41%)->78M(15%)
[43.441s][info][gc,start    ] GC(10) Garbage Collection (Proactive)
[43.441s][info][gc,task     ] GC(10) Using 2 workers
[43.441s][info][gc,phases   ] GC(10) Pause Mark Start 0.013ms
[43.481s][info][gc,phases   ] GC(10) Concurrent Mark 39.454ms
[43.481s][info][gc,phases   ] GC(10) Pause Mark End 0.012ms
[43.481s][info][gc,phases   ] GC(10) Concurrent Mark Free 0.000ms
[43.488s][info][gc,phases   ] GC(10) Concurrent Process Non-Strong References 7.310ms
[43.488s][info][gc,phases   ] GC(10) Concurrent Reset Relocation Set 0.003ms
[43.492s][info][gc,phases   ] GC(10) Concurrent Select Relocation Set 3.111ms
[43.492s][info][gc,phases   ] GC(10) Pause Relocate Start 0.009ms
[43.493s][info][gc,phases   ] GC(10) Concurrent Relocate 1.819ms
[43.494s][info][gc,load     ] GC(10) Load: 3.71/3.33/3.29
[43.494s][info][gc,mmu      ] GC(10) MMU: 2ms/97.4%, 5ms/99.0%, 10ms/99.5%, 20ms/99.7%, 50ms/99.9%, 100ms/99.9%
[43.494s][info][gc,marking  ] GC(10) Mark: 2 stripe(s), 2 proactive flush(es), 1 terminate flush(es), 0 completion(s), 0 continuation(s) 
[43.494s][info][gc,marking  ] GC(10) Mark Stack Usage: 32M
[43.494s][info][gc,nmethod  ] GC(10) NMethods: 7341 registered, 0 unregistered
[43.494s][info][gc,metaspace] GC(10) Metaspace: 64M used, 65M committed, 1088M reserved
[43.494s][info][gc,ref      ] GC(10) Soft: 13290 encountered, 0 discovered, 0 enqueued
[43.494s][info][gc,ref      ] GC(10) Weak: 7193 encountered, 599 discovered, 0 enqueued
[43.494s][info][gc,ref      ] GC(10) Final: 0 encountered, 0 discovered, 0 enqueued
[43.494s][info][gc,ref      ] GC(10) Phantom: 440 encountered, 358 discovered, 0 enqueued
[43.494s][info][gc,reloc    ] GC(10) Small Pages: 99 / 198M, Empty: 22M, Relocated: 6M, In-Place: 0
[43.494s][info][gc,reloc    ] GC(10) Medium Pages: 1 / 16M, Empty: 0M, Relocated: 0M, In-Place: 0
[43.494s][info][gc,reloc    ] GC(10) Large Pages: 0 / 0M, Empty: 0M, Relocated: 0M, In-Place: 0
[43.494s][info][gc,reloc    ] GC(10) Forwarding Usage: 1M
[43.494s][info][gc,heap     ] GC(10) Min Capacity: 512M(100%)
[43.494s][info][gc,heap     ] GC(10) Max Capacity: 512M(100%)
[43.494s][info][gc,heap     ] GC(10) Soft Max Capacity: 512M(100%)
[43.494s][info][gc,heap     ] GC(10)                Mark Start          Mark End        Relocate Start      Relocate End           High               Low         
[43.494s][info][gc,heap     ] GC(10)  Capacity:      512M (100%)        512M (100%)        512M (100%)        512M (100%)        512M (100%)        512M (100%)   
[43.494s][info][gc,heap     ] GC(10)      Free:      298M (58%)         290M (57%)         304M (59%)         424M (83%)         424M (83%)         282M (55%)    
[43.494s][info][gc,heap     ] GC(10)      Used:      214M (42%)         222M (43%)         208M (41%)          88M (17%)         230M (45%)          88M (17%)    
[43.494s][info][gc,heap     ] GC(10)      Live:         -                52M (10%)          52M (10%)          52M (10%)            -                  -          
[43.494s][info][gc,heap     ] GC(10) Allocated:         -                 8M (2%)           16M (3%)           15M (3%)             -                  -          
[43.494s][info][gc,heap     ] GC(10)   Garbage:         -               161M (32%)         139M (27%)          19M (4%)             -                  -          
[43.494s][info][gc,heap     ] GC(10) Reclaimed:         -                  -                22M (4%)          141M (28%)            -                  -          
[43.494s][info][gc          ] GC(10) Garbage Collection (Proactive) 214M(42%)->88M(17%)
[46.437s][info][gc,start    ] GC(11) Garbage Collection (Proactive)
[46.437s][info][gc,task     ] GC(11) Using 2 workers
[46.437s][info][gc,phases   ] GC(11) Pause Mark Start 0.017ms
[46.479s][info][gc,phases   ] GC(11) Concurrent Mark 41.619ms
[46.479s][info][gc,phases   ] GC(11) Pause Mark End 0.014ms
[46.479s][info][gc,phases   ] GC(11) Concurrent Mark Free 0.000ms
[46.487s][info][gc,phases   ] GC(11) Concurrent Process Non-Strong References 7.591ms
[46.487s][info][gc,phases   ] GC(11) Concurrent Reset Relocation Set 0.004ms
[46.490s][info][gc,phases   ] GC(11) Concurrent Select Relocation Set 2.973ms
[46.490s][info][gc,phases   ] GC(11) Pause Relocate Start 0.008ms
[46.490s][info][gc,phases   ] GC(11) Concurrent Relocate 0.641ms
[46.490s][info][gc,load     ] GC(11) Load: 3.49/3.29/3.28
[46.490s][info][gc,mmu      ] GC(11) MMU: 2ms/97.4%, 5ms/99.0%, 10ms/99.5%, 20ms/99.7%, 50ms/99.9%, 100ms/99.9%
[46.490s][info][gc,marking  ] GC(11) Mark: 2 stripe(s), 2 proactive flush(es), 1 terminate flush(es), 0 completion(s), 0 continuation(s) 
[46.490s][info][gc,marking  ] GC(11) Mark Stack Usage: 32M
[46.490s][info][gc,nmethod  ] GC(11) NMethods: 7351 registered, 0 unregistered
[46.490s][info][gc,metaspace] GC(11) Metaspace: 64M used, 65M committed, 1088M reserved
[46.490s][info][gc,ref      ] GC(11) Soft: 13290 encountered, 0 discovered, 0 enqueued
[46.490s][info][gc,ref      ] GC(11) Weak: 7178 encountered, 259 discovered, 0 enqueued
[46.490s][info][gc,ref      ] GC(11) Final: 0 encountered, 0 discovered, 0 enqueued
[46.490s][info][gc,ref      ] GC(11) Phantom: 441 encountered, 310 discovered, 0 enqueued
[46.490s][info][gc,reloc    ] GC(11) Small Pages: 95 / 190M, Empty: 32M, Relocated: 1M, In-Place: 0
[46.491s][info][gc,reloc    ] GC(11) Medium Pages: 1 / 16M, Empty: 0M, Relocated: 0M, In-Place: 0
[46.491s][info][gc,reloc    ] GC(11) Large Pages: 0 / 0M, Empty: 0M, Relocated: 0M, In-Place: 0
[46.491s][info][gc,reloc    ] GC(11) Forwarding Usage: 0M
[46.491s][info][gc,heap     ] GC(11) Min Capacity: 512M(100%)
[46.491s][info][gc,heap     ] GC(11) Max Capacity: 512M(100%)
[46.491s][info][gc,heap     ] GC(11) Soft Max Capacity: 512M(100%)
[46.491s][info][gc,heap     ] GC(11)                Mark Start          Mark End        Relocate Start      Relocate End           High               Low         
[46.491s][info][gc,heap     ] GC(11)  Capacity:      512M (100%)        512M (100%)        512M (100%)        512M (100%)        512M (100%)        512M (100%)   
[46.491s][info][gc,heap     ] GC(11)      Free:      306M (60%)         290M (57%)         322M (63%)         420M (82%)         420M (82%)         290M (57%)    
[46.491s][info][gc,heap     ] GC(11)      Used:      206M (40%)         222M (43%)         190M (37%)          92M (18%)         222M (43%)          92M (18%)    
[46.491s][info][gc,heap     ] GC(11)      Live:         -                53M (10%)          53M (10%)          53M (10%)            -                  -          
[46.491s][info][gc,heap     ] GC(11) Allocated:         -                16M (3%)           16M (3%)           17M (4%)             -                  -          
[46.491s][info][gc,heap     ] GC(11)   Garbage:         -               152M (30%)         120M (24%)          20M (4%)             -                  -          
[46.491s][info][gc,heap     ] GC(11) Reclaimed:         -                  -                32M (6%)          131M (26%)            -                  -          
[46.491s][info][gc          ] GC(11) Garbage Collection (Proactive) 206M(40%)->92M(18%)
[49.339s][info][gc,start    ] GC(12) Garbage Collection (Proactive)
[49.339s][info][gc,task     ] GC(12) Using 2 workers
[49.339s][info][gc,phases   ] GC(12) Pause Mark Start 0.013ms
[49.380s][info][gc,phases   ] GC(12) Concurrent Mark 40.479ms
[49.380s][info][gc,phases   ] GC(12) Pause Mark End 0.012ms
[49.380s][info][gc,phases   ] GC(12) Concurrent Mark Free 0.000ms
[49.388s][info][gc,phases   ] GC(12) Concurrent Process Non-Strong References 8.444ms
[49.388s][info][gc,phases   ] GC(12) Concurrent Reset Relocation Set 0.003ms
[49.391s][info][gc,phases   ] GC(12) Concurrent Select Relocation Set 2.960ms
[49.391s][info][gc,phases   ] GC(12) Pause Relocate Start 0.008ms
[49.392s][info][gc,phases   ] GC(12) Concurrent Relocate 0.352ms
[49.392s][info][gc,load     ] GC(12) Load: 3.49/3.29/3.28
[49.392s][info][gc,mmu      ] GC(12) MMU: 2ms/97.4%, 5ms/99.0%, 10ms/99.5%, 20ms/99.7%, 50ms/99.9%, 100ms/99.9%
[49.392s][info][gc,marking  ] GC(12) Mark: 2 stripe(s), 3 proactive flush(es), 1 terminate flush(es), 0 completion(s), 0 continuation(s) 
[49.392s][info][gc,marking  ] GC(12) Mark Stack Usage: 32M
[49.392s][info][gc,nmethod  ] GC(12) NMethods: 7371 registered, 0 unregistered
[49.392s][info][gc,metaspace] GC(12) Metaspace: 64M used, 65M committed, 1088M reserved
[49.392s][info][gc,ref      ] GC(12) Soft: 13290 encountered, 0 discovered, 0 enqueued
[49.392s][info][gc,ref      ] GC(12) Weak: 7232 encountered, 550 discovered, 0 enqueued
[49.392s][info][gc,ref      ] GC(12) Final: 0 encountered, 0 discovered, 0 enqueued
[49.392s][info][gc,ref      ] GC(12) Phantom: 453 encountered, 422 discovered, 0 enqueued
[49.392s][info][gc,reloc    ] GC(12) Small Pages: 100 / 200M, Empty: 18M, Relocated: 2M, In-Place: 0
[49.392s][info][gc,reloc    ] GC(12) Medium Pages: 1 / 16M, Empty: 0M, Relocated: 0M, In-Place: 0
[49.392s][info][gc,reloc    ] GC(12) Large Pages: 0 / 0M, Empty: 0M, Relocated: 0M, In-Place: 0
[49.392s][info][gc,reloc    ] GC(12) Forwarding Usage: 0M
[49.392s][info][gc,heap     ] GC(12) Min Capacity: 512M(100%)
[49.392s][info][gc,heap     ] GC(12) Max Capacity: 512M(100%)
[49.392s][info][gc,heap     ] GC(12) Soft Max Capacity: 512M(100%)
[49.392s][info][gc,heap     ] GC(12)                Mark Start          Mark End        Relocate Start      Relocate End           High               Low         
[49.392s][info][gc,heap     ] GC(12)  Capacity:      512M (100%)        512M (100%)        512M (100%)        512M (100%)        512M (100%)        512M (100%)   
[49.392s][info][gc,heap     ] GC(12)      Free:      296M (58%)         276M (54%)         294M (57%)         416M (81%)         416M (81%)         276M (54%)    
[49.392s][info][gc,heap     ] GC(12)      Used:      216M (42%)         236M (46%)         218M (43%)          96M (19%)         236M (46%)          96M (19%)    
[49.392s][info][gc,heap     ] GC(12)      Live:         -                55M (11%)          55M (11%)          55M (11%)            -                  -          
[49.392s][info][gc,heap     ] GC(12) Allocated:         -                20M (4%)           20M (4%)           19M (4%)             -                  -          
[49.392s][info][gc,heap     ] GC(12)   Garbage:         -               160M (31%)         142M (28%)          20M (4%)             -                  -          
[49.392s][info][gc,heap     ] GC(12) Reclaimed:         -                  -                18M (4%)          139M (27%)            -                  -          
[49.392s][info][gc          ] GC(12) Garbage Collection (Proactive) 216M(42%)->96M(19%)
[50.039s][info][gc,stats    ] === Garbage Collection Statistics =======================================================================================================================
[50.039s][info][gc,stats    ]                                                              Last 10s              Last 10m              Last 10h                Total
[50.039s][info][gc,stats    ]                                                              Avg / Max             Avg / Max             Avg / Max             Avg / Max
[50.039s][info][gc,stats    ]   Collector: Garbage Collection Cycle                     52.810 / 53.932       50.632 / 99.304       50.632 / 99.304       50.632 / 99.304      ms
[50.040s][info][gc,stats    ]  Contention: Mark Segment Reset Contention                     0 / 0                 0 / 1                 0 / 1                 0 / 1           ops/s
[50.040s][info][gc,stats    ]  Contention: Mark SeqNum Reset Contention                      0 / 0                 0 / 1                 0 / 1                 0 / 1           ops/s
[50.040s][info][gc,stats    ]    Critical: Allocation Stall                                  0 / 0                 0 / 0                 0 / 0                 0 / 0           ops/s
[50.040s][info][gc,stats    ]    Critical: Allocation Stall                              0.000 / 0.000         0.000 / 0.000         0.000 / 0.000         0.000 / 0.000       ms
[50.040s][info][gc,stats    ]    Critical: GC Locker Stall                                   0 / 0                 0 / 0                 0 / 0                 0 / 0           ops/s
[50.040s][info][gc,stats    ]    Critical: GC Locker Stall                               0.000 / 0.000         0.000 / 0.000         0.000 / 0.000         0.000 / 0.000       ms
[50.040s][info][gc,stats    ]    Critical: Relocation Stall                                  0 / 0                 0 / 0                 0 / 0                 0 / 0           ops/s
[50.040s][info][gc,stats    ]    Critical: Relocation Stall                              0.000 / 0.000         0.000 / 0.000         0.000 / 0.000         0.000 / 0.000       ms
[50.040s][info][gc,stats    ]      Memory: Allocation Rate                                  51 / 72               34 / 222              34 / 222              34 / 222         MB/s
[50.040s][info][gc,stats    ]      Memory: Out Of Memory                                     0 / 0                 0 / 0                 0 / 0                 0 / 0           ops/s
[50.040s][info][gc,stats    ]      Memory: Page Cache Flush                                  0 / 0                 0 / 0                 0 / 0                 0 / 0           MB/s
[50.040s][info][gc,stats    ]      Memory: Page Cache Hit L1                                26 / 36               15 / 90               15 / 90               15 / 90          ops/s
[50.040s][info][gc,stats    ]      Memory: Page Cache Hit L2                                 0 / 0                 0 / 0                 0 / 0                 0 / 0           ops/s
[50.040s][info][gc,stats    ]      Memory: Page Cache Hit L3                                 0 / 2                 2 / 57                2 / 57                2 / 57          ops/s
[50.040s][info][gc,stats    ]      Memory: Page Cache Miss                                   0 / 0                 0 / 1                 0 / 1                 0 / 1           ops/s
[50.040s][info][gc,stats    ]      Memory: Uncommit                                          0 / 0                 0 / 0                 0 / 0                 0 / 0           MB/s
[50.040s][info][gc,stats    ]      Memory: Undo Object Allocation Failed                     0 / 0                 0 / 0                 0 / 0                 0 / 0           ops/s
[50.040s][info][gc,stats    ]      Memory: Undo Object Allocation Succeeded                  0 / 0                 0 / 0                 0 / 0                 0 / 0           ops/s
[50.040s][info][gc,stats    ]      Memory: Undo Page Allocation                              2 / 7                 1 / 7                 1 / 7                 1 / 7           ops/s
[50.040s][info][gc,stats    ]       Phase: Concurrent Mark                              40.530 / 41.619       35.379 / 66.287       35.379 / 66.287       35.379 / 66.287      ms
[50.040s][info][gc,stats    ]       Phase: Concurrent Mark Continue                      0.000 / 0.000         0.000 / 0.000         0.000 / 0.000         0.000 / 0.000       ms
[50.040s][info][gc,stats    ]       Phase: Concurrent Mark Free                          0.000 / 0.000         0.000 / 0.000         0.000 / 0.000         0.000 / 0.000       ms
[50.040s][info][gc,stats    ]       Phase: Concurrent Process Non-Strong References      7.722 / 8.444         7.084 / 13.824        7.084 / 13.824        7.084 / 13.824      ms
[50.040s][info][gc,stats    ]       Phase: Concurrent Relocate                           0.754 / 1.819         3.175 / 12.154        3.175 / 12.154        3.175 / 12.154      ms
[50.040s][info][gc,stats    ]       Phase: Concurrent Reset Relocation Set               0.004 / 0.005         0.006 / 0.042         0.006 / 0.042         0.006 / 0.042       ms
[50.040s][info][gc,stats    ]       Phase: Concurrent Select Relocation Set              3.057 / 3.186         4.211 / 9.283         4.211 / 9.283         4.211 / 9.283       ms
[50.040s][info][gc,stats    ]       Phase: Pause Mark End                                0.013 / 0.015         0.016 / 0.051         0.016 / 0.051         0.016 / 0.051       ms
[50.040s][info][gc,stats    ]       Phase: Pause Mark Start                              0.015 / 0.018         0.012 / 0.032         0.012 / 0.032         0.012 / 0.032       ms
[50.040s][info][gc,stats    ]       Phase: Pause Relocate Start                          0.008 / 0.009         0.008 / 0.018         0.008 / 0.018         0.008 / 0.018       ms
[50.040s][info][gc,stats    ]    Subphase: Concurrent Classes Purge                      0.129 / 0.146         0.101 / 0.146         0.101 / 0.146         0.101 / 0.146       ms
[50.040s][info][gc,stats    ]    Subphase: Concurrent Classes Unlink                     7.082 / 7.725         6.381 / 12.529        6.381 / 12.529        6.381 / 12.529      ms
[50.040s][info][gc,stats    ]    Subphase: Concurrent Mark                              37.624 / 39.543       32.983 / 62.860       32.983 / 62.860       32.983 / 62.860      ms
[50.040s][info][gc,stats    ]    Subphase: Concurrent Mark Try Flush                     0.045 / 0.106         0.048 / 0.259         0.048 / 0.259         0.048 / 0.259       ms
[50.040s][info][gc,stats    ]    Subphase: Concurrent Mark Try Terminate                 0.427 / 1.262         0.418 / 1.263         0.418 / 1.263         0.418 / 1.263       ms
[50.040s][info][gc,stats    ]    Subphase: Concurrent References Enqueue                 0.000 / 0.000         0.001 / 0.002         0.001 / 0.002         0.001 / 0.002       ms
[50.040s][info][gc,stats    ]    Subphase: Concurrent References Process                 0.057 / 0.062         0.129 / 0.477         0.129 / 0.477         0.129 / 0.477       ms
[50.040s][info][gc,stats    ]    Subphase: Concurrent Roots ClassLoaderDataGraph         0.162 / 0.389         0.205 / 1.893         0.205 / 1.893         0.205 / 1.893       ms
[50.040s][info][gc,stats    ]    Subphase: Concurrent Roots CodeCache                    0.000 / 0.000         0.000 / 0.000         0.000 / 0.000         0.000 / 0.000       ms
[50.040s][info][gc,stats    ]    Subphase: Concurrent Roots JavaThreads                  2.045 / 2.483         1.343 / 2.483         1.343 / 2.483         1.343 / 2.483       ms
[50.040s][info][gc,stats    ]    Subphase: Concurrent Roots OopStorageSet                0.055 / 0.086         0.113 / 1.099         0.113 / 1.099         0.113 / 1.099       ms
[50.040s][info][gc,stats    ]    Subphase: Concurrent Weak Roots OopStorageSet           0.365 / 0.403         0.400 / 0.883         0.400 / 0.883         0.400 / 0.883       ms
[50.040s][info][gc,stats    ]    Subphase: Pause Mark Try Complete                       0.000 / 0.000         0.001 / 0.001         0.001 / 0.001         0.001 / 0.001       ms
[50.040s][info][gc,stats    ]      System: Java Threads                                     83 / 94               48 / 94               48 / 94               48 / 94          threads
[50.040s][info][gc,stats    ] =========================================================================================================================================================
[52.138s][info][gc,start    ] GC(13) Garbage Collection (Proactive)
[52.138s][info][gc,task     ] GC(13) Using 2 workers
[52.138s][info][gc,phases   ] GC(13) Pause Mark Start 0.025ms
[52.180s][info][gc,phases   ] GC(13) Concurrent Mark 41.585ms
[52.180s][info][gc,phases   ] GC(13) Pause Mark End 0.012ms
[52.180s][info][gc,phases   ] GC(13) Concurrent Mark Free 0.000ms
[52.188s][info][gc,phases   ] GC(13) Concurrent Process Non-Strong References 7.712ms
[52.188s][info][gc,phases   ] GC(13) Concurrent Reset Relocation Set 0.004ms
[52.191s][info][gc,phases   ] GC(13) Concurrent Select Relocation Set 2.997ms
[52.191s][info][gc,phases   ] GC(13) Pause Relocate Start 0.011ms
[52.192s][info][gc,phases   ] GC(13) Concurrent Relocate 0.807ms
[52.192s][info][gc,load     ] GC(13) Load: 3.21/3.23/3.26
[52.192s][info][gc,mmu      ] GC(13) MMU: 2ms/97.4%, 5ms/99.0%, 10ms/99.5%, 20ms/99.7%, 50ms/99.9%, 100ms/99.9%
[52.192s][info][gc,marking  ] GC(13) Mark: 2 stripe(s), 2 proactive flush(es), 1 terminate flush(es), 0 completion(s), 0 continuation(s) 
[52.192s][info][gc,marking  ] GC(13) Mark Stack Usage: 32M
[52.192s][info][gc,nmethod  ] GC(13) NMethods: 7374 registered, 0 unregistered
[52.192s][info][gc,metaspace] GC(13) Metaspace: 64M used, 65M committed, 1088M reserved
[52.192s][info][gc,ref      ] GC(13) Soft: 13290 encountered, 0 discovered, 0 enqueued
[52.192s][info][gc,ref      ] GC(13) Weak: 7273 encountered, 510 discovered, 0 enqueued
[52.192s][info][gc,ref      ] GC(13) Final: 0 encountered, 0 discovered, 0 enqueued
[52.192s][info][gc,ref      ] GC(13) Phantom: 456 encountered, 346 discovered, 0 enqueued
[52.192s][info][gc,reloc    ] GC(13) Small Pages: 104 / 208M, Empty: 28M, Relocated: 3M, In-Place: 0
[52.192s][info][gc,reloc    ] GC(13) Medium Pages: 1 / 16M, Empty: 0M, Relocated: 0M, In-Place: 0
[52.192s][info][gc,reloc    ] GC(13) Large Pages: 0 / 0M, Empty: 0M, Relocated: 0M, In-Place: 0
[52.192s][info][gc,reloc    ] GC(13) Forwarding Usage: 0M
[52.192s][info][gc,heap     ] GC(13) Min Capacity: 512M(100%)
[52.192s][info][gc,heap     ] GC(13) Max Capacity: 512M(100%)
[52.192s][info][gc,heap     ] GC(13) Soft Max Capacity: 512M(100%)
[52.192s][info][gc,heap     ] GC(13)                Mark Start          Mark End        Relocate Start      Relocate End           High               Low         
[52.192s][info][gc,heap     ] GC(13)  Capacity:      512M (100%)        512M (100%)        512M (100%)        512M (100%)        512M (100%)        512M (100%)   
[52.192s][info][gc,heap     ] GC(13)      Free:      288M (56%)         274M (54%)         302M (59%)         422M (82%)         422M (82%)         274M (54%)    
[52.192s][info][gc,heap     ] GC(13)      Used:      224M (44%)         238M (46%)         210M (41%)          90M (18%)         238M (46%)          90M (18%)    
[52.192s][info][gc,heap     ] GC(13)      Live:         -                56M (11%)          56M (11%)          56M (11%)            -                  -          
[52.192s][info][gc,heap     ] GC(13) Allocated:         -                14M (3%)           14M (3%)           13M (3%)             -                  -          
[52.192s][info][gc,heap     ] GC(13)   Garbage:         -               167M (33%)         139M (27%)          19M (4%)             -                  -          
[52.192s][info][gc,heap     ] GC(13) Reclaimed:         -                  -                28M (5%)          147M (29%)            -                  -          
[52.192s][info][gc          ] GC(13) Garbage Collection (Proactive) 224M(44%)->90M(18%)
[54.937s][info][gc,start    ] GC(14) Garbage Collection (Proactive)
[54.937s][info][gc,task     ] GC(14) Using 2 workers
[54.937s][info][gc,phases   ] GC(14) Pause Mark Start 0.008ms
[54.970s][info][gc,phases   ] GC(14) Concurrent Mark 33.280ms
[54.970s][info][gc,phases   ] GC(14) Pause Mark End 0.010ms
[54.970s][info][gc,phases   ] GC(14) Concurrent Mark Free 0.000ms
[54.977s][info][gc,phases   ] GC(14) Concurrent Process Non-Strong References 6.591ms
[54.977s][info][gc,phases   ] GC(14) Concurrent Reset Relocation Set 0.003ms
[54.979s][info][gc,phases   ] GC(14) Concurrent Select Relocation Set 2.438ms
[54.979s][info][gc,phases   ] GC(14) Pause Relocate Start 0.010ms
[54.980s][info][gc,phases   ] GC(14) Concurrent Relocate 0.166ms
[54.980s][info][gc,load     ] GC(14) Load: 3.03/3.19/3.25
[54.980s][info][gc,mmu      ] GC(14) MMU: 2ms/97.4%, 5ms/99.0%, 10ms/99.5%, 20ms/99.7%, 50ms/99.9%, 100ms/99.9%
[54.980s][info][gc,marking  ] GC(14) Mark: 2 stripe(s), 2 proactive flush(es), 1 terminate flush(es), 0 completion(s), 0 continuation(s) 
[54.980s][info][gc,marking  ] GC(14) Mark Stack Usage: 32M
[54.980s][info][gc,nmethod  ] GC(14) NMethods: 7379 registered, 0 unregistered
[54.980s][info][gc,metaspace] GC(14) Metaspace: 64M used, 65M committed, 1088M reserved
[54.980s][info][gc,ref      ] GC(14) Soft: 13290 encountered, 0 discovered, 0 enqueued
[54.980s][info][gc,ref      ] GC(14) Weak: 7301 encountered, 2978 discovered, 0 enqueued
[54.980s][info][gc,ref      ] GC(14) Final: 0 encountered, 0 discovered, 0 enqueued
[54.980s][info][gc,ref      ] GC(14) Phantom: 458 encountered, 429 discovered, 0 enqueued
[54.980s][info][gc,reloc    ] GC(14) Small Pages: 108 / 216M, Empty: 44M, Relocated: 0M, In-Place: 0
[54.980s][info][gc,reloc    ] GC(14) Medium Pages: 1 / 16M, Empty: 0M, Relocated: 0M, In-Place: 0
[54.980s][info][gc,reloc    ] GC(14) Large Pages: 0 / 0M, Empty: 0M, Relocated: 0M, In-Place: 0
[54.980s][info][gc,reloc    ] GC(14) Forwarding Usage: 0M
[54.980s][info][gc,heap     ] GC(14) Min Capacity: 512M(100%)
[54.980s][info][gc,heap     ] GC(14) Max Capacity: 512M(100%)
[54.980s][info][gc,heap     ] GC(14) Soft Max Capacity: 512M(100%)
[54.980s][info][gc,heap     ] GC(14)                Mark Start          Mark End        Relocate Start      Relocate End           High               Low         
[54.980s][info][gc,heap     ] GC(14)  Capacity:      512M (100%)        512M (100%)        512M (100%)        512M (100%)        512M (100%)        512M (100%)   
[54.980s][info][gc,heap     ] GC(14)      Free:      280M (55%)         272M (53%)         316M (62%)         424M (83%)         424M (83%)         272M (53%)    
[54.980s][info][gc,heap     ] GC(14)      Used:      232M (45%)         240M (47%)         196M (38%)          88M (17%)         240M (47%)          88M (17%)    
[54.980s][info][gc,heap     ] GC(14)      Live:         -                57M (11%)          57M (11%)          57M (11%)            -                  -          
[54.980s][info][gc,heap     ] GC(14) Allocated:         -                 8M (2%)            8M (2%)            7M (2%)             -                  -          
[54.980s][info][gc,heap     ] GC(14)   Garbage:         -               174M (34%)         130M (25%)          22M (4%)             -                  -          
[54.980s][info][gc,heap     ] GC(14) Reclaimed:         -                  -                44M (9%)          151M (30%)            -                  -          
[54.980s][info][gc          ] GC(14) Garbage Collection (Proactive) 232M(45%)->88M(17%)
[58.138s][info][gc,start    ] GC(15) Garbage Collection (Proactive)
[58.139s][info][gc,task     ] GC(15) Using 2 workers
[58.139s][info][gc,phases   ] GC(15) Pause Mark Start 0.020ms
[58.182s][info][gc,phases   ] GC(15) Concurrent Mark 43.264ms
[58.182s][info][gc,phases   ] GC(15) Pause Mark End 0.014ms
[58.182s][info][gc,phases   ] GC(15) Concurrent Mark Free 0.000ms
[58.191s][info][gc,phases   ] GC(15) Concurrent Process Non-Strong References 8.804ms
[58.191s][info][gc,phases   ] GC(15) Concurrent Reset Relocation Set 0.008ms
[58.197s][info][gc,phases   ] GC(15) Concurrent Select Relocation Set 5.733ms
[58.197s][info][gc,phases   ] GC(15) Pause Relocate Start 0.014ms
[58.197s][info][gc,phases   ] GC(15) Concurrent Relocate 0.260ms
[58.197s][info][gc,load     ] GC(15) Load: 3.03/3.19/3.25
[58.197s][info][gc,mmu      ] GC(15) MMU: 2ms/97.4%, 5ms/99.0%, 10ms/99.5%, 20ms/99.7%, 50ms/99.9%, 100ms/99.9%
[58.197s][info][gc,marking  ] GC(15) Mark: 2 stripe(s), 2 proactive flush(es), 1 terminate flush(es), 0 completion(s), 0 continuation(s) 
[58.197s][info][gc,marking  ] GC(15) Mark Stack Usage: 32M
[58.197s][info][gc,nmethod  ] GC(15) NMethods: 7388 registered, 0 unregistered
[58.197s][info][gc,metaspace] GC(15) Metaspace: 64M used, 65M committed, 1088M reserved
[58.197s][info][gc,ref      ] GC(15) Soft: 13290 encountered, 0 discovered, 0 enqueued
[58.197s][info][gc,ref      ] GC(15) Weak: 7293 encountered, 619 discovered, 3 enqueued
[58.197s][info][gc,ref      ] GC(15) Final: 0 encountered, 0 discovered, 0 enqueued
[58.197s][info][gc,ref      ] GC(15) Phantom: 458 encountered, 367 discovered, 0 enqueued
[58.197s][info][gc,reloc    ] GC(15) Small Pages: 124 / 248M, Empty: 44M, Relocated: 1M, In-Place: 0
[58.197s][info][gc,reloc    ] GC(15) Medium Pages: 1 / 16M, Empty: 0M, Relocated: 0M, In-Place: 0
[58.197s][info][gc,reloc    ] GC(15) Large Pages: 0 / 0M, Empty: 0M, Relocated: 0M, In-Place: 0
[58.197s][info][gc,reloc    ] GC(15) Forwarding Usage: 0M
[58.197s][info][gc,heap     ] GC(15) Min Capacity: 512M(100%)
[58.197s][info][gc,heap     ] GC(15) Max Capacity: 512M(100%)
[58.197s][info][gc,heap     ] GC(15) Soft Max Capacity: 512M(100%)
[58.197s][info][gc,heap     ] GC(15)                Mark Start          Mark End        Relocate Start      Relocate End           High               Low         
[58.197s][info][gc,heap     ] GC(15)  Capacity:      512M (100%)        512M (100%)        512M (100%)        512M (100%)        512M (100%)        512M (100%)   
[58.197s][info][gc,heap     ] GC(15)      Free:      248M (48%)         232M (45%)         272M (53%)         410M (80%)         410M (80%)         228M (45%)    
[58.197s][info][gc,heap     ] GC(15)      Used:      264M (52%)         280M (55%)         240M (47%)         102M (20%)         284M (55%)         102M (20%)    
[58.197s][info][gc,heap     ] GC(15)      Live:         -                58M (11%)          58M (11%)          58M (11%)            -                  -          
[58.197s][info][gc,heap     ] GC(15) Allocated:         -                16M (3%)           20M (4%)           19M (4%)             -                  -          
[58.197s][info][gc,heap     ] GC(15)   Garbage:         -               205M (40%)         161M (32%)          23M (5%)             -                  -          
[58.197s][info][gc,heap     ] GC(15) Reclaimed:         -                  -                44M (9%)          181M (36%)            -                  -          
[58.197s][info][gc          ] GC(15) Garbage Collection (Proactive) 264M(52%)->102M(20%)
[60.040s][info][gc,stats    ] === Garbage Collection Statistics =======================================================================================================================
[60.040s][info][gc,stats    ]                                                              Last 10s              Last 10m              Last 10h                Total
[60.040s][info][gc,stats    ]                                                              Avg / Max             Avg / Max             Avg / Max             Avg / Max
[60.040s][info][gc,stats    ]   Collector: Garbage Collection Cycle                     52.045 / 58.754       50.897 / 99.304       50.897 / 99.304       50.897 / 99.304      ms
[60.040s][info][gc,stats    ]  Contention: Mark Segment Reset Contention                     0 / 0                 0 / 1                 0 / 1                 0 / 1           ops/s
[60.041s][info][gc,stats    ]  Contention: Mark SeqNum Reset Contention                      0 / 0                 0 / 1                 0 / 1                 0 / 1           ops/s
[60.041s][info][gc,stats    ]    Critical: Allocation Stall                                  0 / 0                 0 / 0                 0 / 0                 0 / 0           ops/s
[60.041s][info][gc,stats    ]    Critical: Allocation Stall                              0.000 / 0.000         0.000 / 0.000         0.000 / 0.000         0.000 / 0.000       ms
[60.041s][info][gc,stats    ]    Critical: GC Locker Stall                                   0 / 0                 0 / 0                 0 / 0                 0 / 0           ops/s
[60.041s][info][gc,stats    ]    Critical: GC Locker Stall                               0.000 / 0.000         0.000 / 0.000         0.000 / 0.000         0.000 / 0.000       ms
[60.041s][info][gc,stats    ]    Critical: Relocation Stall                                  0 / 0                 0 / 0                 0 / 0                 0 / 0           ops/s
[60.041s][info][gc,stats    ]    Critical: Relocation Stall                              0.000 / 0.000         0.000 / 0.000         0.000 / 0.000         0.000 / 0.000       ms
[60.041s][info][gc,stats    ]      Memory: Allocation Rate                                  62 / 82               39 / 222              39 / 222              39 / 222         MB/s
[60.041s][info][gc,stats    ]      Memory: Out Of Memory                                     0 / 0                 0 / 0                 0 / 0                 0 / 0           ops/s
[60.041s][info][gc,stats    ]      Memory: Page Cache Flush                                  0 / 0                 0 / 0                 0 / 0                 0 / 0           MB/s
[60.041s][info][gc,stats    ]      Memory: Page Cache Hit L1                                29 / 37               18 / 90               18 / 90               18 / 90          ops/s
[60.041s][info][gc,stats    ]      Memory: Page Cache Hit L2                                 0 / 0                 0 / 0                 0 / 0                 0 / 0           ops/s
[60.041s][info][gc,stats    ]      Memory: Page Cache Hit L3                                 2 / 12                2 / 57                2 / 57                2 / 57          ops/s
[60.041s][info][gc,stats    ]      Memory: Page Cache Miss                                   0 / 0                 0 / 1                 0 / 1                 0 / 1           ops/s
[60.041s][info][gc,stats    ]      Memory: Uncommit                                          0 / 0                 0 / 0                 0 / 0                 0 / 0           MB/s
[60.041s][info][gc,stats    ]      Memory: Undo Object Allocation Failed                     0 / 0                 0 / 0                 0 / 0                 0 / 0           ops/s
[60.041s][info][gc,stats    ]      Memory: Undo Object Allocation Succeeded                  0 / 0                 0 / 0                 0 / 0                 0 / 0           ops/s
[60.041s][info][gc,stats    ]      Memory: Undo Page Allocation                              3 / 6                 1 / 7                 1 / 7                 1 / 7           ops/s
[60.041s][info][gc,stats    ]       Phase: Concurrent Mark                              39.376 / 43.264       36.128 / 66.287       36.128 / 66.287       36.128 / 66.287      ms
[60.041s][info][gc,stats    ]       Phase: Concurrent Mark Continue                      0.000 / 0.000         0.000 / 0.000         0.000 / 0.000         0.000 / 0.000       ms
[60.041s][info][gc,stats    ]       Phase: Concurrent Mark Free                          0.000 / 0.000         0.000 / 0.000         0.000 / 0.000         0.000 / 0.000       ms
[60.041s][info][gc,stats    ]       Phase: Concurrent Process Non-Strong References      7.702 / 8.804         7.200 / 13.824        7.200 / 13.824        7.200 / 13.824      ms
[60.041s][info][gc,stats    ]       Phase: Concurrent Relocate                           0.411 / 0.807         2.656 / 12.154        2.656 / 12.154        2.656 / 12.154      ms
[60.041s][info][gc,stats    ]       Phase: Concurrent Reset Relocation Set               0.005 / 0.008         0.006 / 0.042         0.006 / 0.042         0.006 / 0.042       ms
[60.041s][info][gc,stats    ]       Phase: Concurrent Select Relocation Set              3.723 / 5.733         4.120 / 9.283         4.120 / 9.283         4.120 / 9.283       ms
[60.041s][info][gc,stats    ]       Phase: Pause Mark End                                0.012 / 0.014         0.015 / 0.051         0.015 / 0.051         0.015 / 0.051       ms
[60.041s][info][gc,stats    ]       Phase: Pause Mark Start                              0.018 / 0.025         0.013 / 0.032         0.013 / 0.032         0.013 / 0.032       ms
[60.041s][info][gc,stats    ]       Phase: Pause Relocate Start                          0.012 / 0.014         0.009 / 0.018         0.009 / 0.018         0.009 / 0.018       ms
[60.041s][info][gc,stats    ]    Subphase: Concurrent Classes Purge                      0.166 / 0.278         0.113 / 0.278         0.113 / 0.278         0.113 / 0.278       ms
[60.041s][info][gc,stats    ]    Subphase: Concurrent Classes Unlink                     7.027 / 7.995         6.502 / 12.529        6.502 / 12.529        6.502 / 12.529      ms
[60.041s][info][gc,stats    ]    Subphase: Concurrent Mark                              36.145 / 40.209       33.576 / 62.860       33.576 / 62.860       33.576 / 62.860      ms
[60.041s][info][gc,stats    ]    Subphase: Concurrent Mark Try Flush                     0.047 / 0.153         0.048 / 0.259         0.048 / 0.259         0.048 / 0.259       ms
[60.041s][info][gc,stats    ]    Subphase: Concurrent Mark Try Terminate                 0.413 / 1.261         0.417 / 1.263         0.417 / 1.263         0.417 / 1.263       ms
[60.041s][info][gc,stats    ]    Subphase: Concurrent References Enqueue                 0.002 / 0.006         0.001 / 0.006         0.001 / 0.006         0.001 / 0.006       ms
[60.041s][info][gc,stats    ]    Subphase: Concurrent References Process                 0.099 / 0.185         0.123 / 0.477         0.123 / 0.477         0.123 / 0.477       ms
[60.041s][info][gc,stats    ]    Subphase: Concurrent Roots ClassLoaderDataGraph         0.167 / 0.436         0.198 / 1.893         0.198 / 1.893         0.198 / 1.893       ms
[60.041s][info][gc,stats    ]    Subphase: Concurrent Roots CodeCache                    0.000 / 0.000         0.000 / 0.000         0.000 / 0.000         0.000 / 0.000       ms
[60.041s][info][gc,stats    ]    Subphase: Concurrent Roots JavaThreads                  2.211 / 2.835         1.505 / 2.835         1.505 / 2.835         1.505 / 2.835       ms
[60.041s][info][gc,stats    ]    Subphase: Concurrent Roots OopStorageSet                0.073 / 0.149         0.105 / 1.099         0.105 / 1.099         0.105 / 1.099       ms
[60.041s][info][gc,stats    ]    Subphase: Concurrent Weak Roots OopStorageSet           0.325 / 0.348         0.386 / 0.883         0.386 / 0.883         0.386 / 0.883       ms
[60.041s][info][gc,stats    ]    Subphase: Pause Mark Try Complete                       0.000 / 0.000         0.001 / 0.001         0.001 / 0.001         0.001 / 0.001       ms
[60.041s][info][gc,stats    ]      System: Java Threads                                     98 / 99               57 / 99               57 / 99               57 / 99          threads
[60.041s][info][gc,stats    ] =========================================================================================================================================================
[61.941s][info][gc,start    ] GC(16) Garbage Collection (Proactive)
[61.941s][info][gc,task     ] GC(16) Using 2 workers
[61.941s][info][gc,phases   ] GC(16) Pause Mark Start 0.009ms
[61.979s][info][gc,phases   ] GC(16) Concurrent Mark 37.844ms
[61.979s][info][gc,phases   ] GC(16) Pause Mark End 0.013ms
[61.979s][info][gc,phases   ] GC(16) Concurrent Mark Free 0.000ms
[61.986s][info][gc,phases   ] GC(16) Concurrent Process Non-Strong References 7.402ms
[61.986s][info][gc,phases   ] GC(16) Concurrent Reset Relocation Set 0.007ms
[61.990s][info][gc,phases   ] GC(16) Concurrent Select Relocation Set 3.085ms
[61.990s][info][gc,phases   ] GC(16) Pause Relocate Start 0.009ms
[61.991s][info][gc,phases   ] GC(16) Concurrent Relocate 1.046ms
[61.991s][info][gc,load     ] GC(16) Load: 2.79/3.14/3.23
[61.991s][info][gc,mmu      ] GC(16) MMU: 2ms/97.4%, 5ms/99.0%, 10ms/99.5%, 20ms/99.7%, 50ms/99.9%, 100ms/99.9%
[61.991s][info][gc,marking  ] GC(16) Mark: 2 stripe(s), 2 proactive flush(es), 1 terminate flush(es), 0 completion(s), 0 continuation(s) 
[61.991s][info][gc,marking  ] GC(16) Mark Stack Usage: 32M
[61.991s][info][gc,nmethod  ] GC(16) NMethods: 7403 registered, 0 unregistered
[61.991s][info][gc,metaspace] GC(16) Metaspace: 64M used, 65M committed, 1088M reserved
[61.991s][info][gc,ref      ] GC(16) Soft: 13290 encountered, 0 discovered, 0 enqueued
[61.991s][info][gc,ref      ] GC(16) Weak: 7340 encountered, 378 discovered, 0 enqueued
[61.991s][info][gc,ref      ] GC(16) Final: 0 encountered, 0 discovered, 0 enqueued
[61.991s][info][gc,ref      ] GC(16) Phantom: 463 encountered, 422 discovered, 0 enqueued
[61.991s][info][gc,reloc    ] GC(16) Small Pages: 151 / 302M, Empty: 50M, Relocated: 6M, In-Place: 0
[61.991s][info][gc,reloc    ] GC(16) Medium Pages: 1 / 16M, Empty: 0M, Relocated: 0M, In-Place: 0
[61.991s][info][gc,reloc    ] GC(16) Large Pages: 0 / 0M, Empty: 0M, Relocated: 0M, In-Place: 0
[61.991s][info][gc,reloc    ] GC(16) Forwarding Usage: 0M
[61.991s][info][gc,heap     ] GC(16) Min Capacity: 512M(100%)
[61.991s][info][gc,heap     ] GC(16) Max Capacity: 512M(100%)
[61.991s][info][gc,heap     ] GC(16) Soft Max Capacity: 512M(100%)
[61.991s][info][gc,heap     ] GC(16)                Mark Start          Mark End        Relocate Start      Relocate End           High               Low         
[61.991s][info][gc,heap     ] GC(16)  Capacity:      512M (100%)        512M (100%)        512M (100%)        512M (100%)        512M (100%)        512M (100%)   
[61.991s][info][gc,heap     ] GC(16)      Free:      194M (38%)         188M (37%)         238M (46%)         426M (83%)         426M (83%)         188M (37%)    
[61.991s][info][gc,heap     ] GC(16)      Used:      318M (62%)         324M (63%)         274M (54%)          86M (17%)         324M (63%)          86M (17%)    
[61.991s][info][gc,heap     ] GC(16)      Live:         -                59M (12%)          59M (12%)          59M (12%)            -                  -          
[61.991s][info][gc,heap     ] GC(16) Allocated:         -                 6M (1%)            6M (1%)            5M (1%)             -                  -          
[61.991s][info][gc,heap     ] GC(16)   Garbage:         -               258M (50%)         208M (41%)          20M (4%)             -                  -          
[61.991s][info][gc,heap     ] GC(16) Reclaimed:         -                  -                50M (10%)         237M (46%)            -                  -          
[61.991s][info][gc          ] GC(16) Garbage Collection (Proactive) 318M(62%)->86M(17%)
[65.237s][info][gc,start    ] GC(17) Garbage Collection (Proactive)
[65.238s][info][gc,task     ] GC(17) Using 2 workers
[65.238s][info][gc,phases   ] GC(17) Pause Mark Start 0.017ms
[65.282s][info][gc,phases   ] GC(17) Concurrent Mark 43.350ms
[65.282s][info][gc,phases   ] GC(17) Pause Mark End 0.016ms
[65.282s][info][gc,phases   ] GC(17) Concurrent Mark Free 0.000ms
[65.290s][info][gc,phases   ] GC(17) Concurrent Process Non-Strong References 7.600ms
[65.290s][info][gc,phases   ] GC(17) Concurrent Reset Relocation Set 0.007ms
[65.293s][info][gc,phases   ] GC(17) Concurrent Select Relocation Set 2.987ms
[65.293s][info][gc,phases   ] GC(17) Pause Relocate Start 0.013ms
[65.293s][info][gc,phases   ] GC(17) Concurrent Relocate 0.355ms
[65.293s][info][gc,load     ] GC(17) Load: 2.81/3.14/3.23
[65.293s][info][gc,mmu      ] GC(17) MMU: 2ms/97.4%, 5ms/99.0%, 10ms/99.5%, 20ms/99.7%, 50ms/99.9%, 100ms/99.9%
[65.293s][info][gc,marking  ] GC(17) Mark: 2 stripe(s), 2 proactive flush(es), 1 terminate flush(es), 0 completion(s), 0 continuation(s) 
[65.293s][info][gc,marking  ] GC(17) Mark Stack Usage: 32M
[65.293s][info][gc,nmethod  ] GC(17) NMethods: 7409 registered, 0 unregistered
[65.293s][info][gc,metaspace] GC(17) Metaspace: 64M used, 65M committed, 1088M reserved
[65.293s][info][gc,ref      ] GC(17) Soft: 13290 encountered, 0 discovered, 0 enqueued
[65.293s][info][gc,ref      ] GC(17) Weak: 7336 encountered, 311 discovered, 0 enqueued
[65.293s][info][gc,ref      ] GC(17) Final: 0 encountered, 0 discovered, 0 enqueued
[65.293s][info][gc,ref      ] GC(17) Phantom: 465 encountered, 427 discovered, 0 enqueued
[65.293s][info][gc,reloc    ] GC(17) Small Pages: 139 / 278M, Empty: 50M, Relocated: 1M, In-Place: 0
[65.293s][info][gc,reloc    ] GC(17) Medium Pages: 1 / 16M, Empty: 0M, Relocated: 0M, In-Place: 0
[65.293s][info][gc,reloc    ] GC(17) Large Pages: 0 / 0M, Empty: 0M, Relocated: 0M, In-Place: 0
[65.293s][info][gc,reloc    ] GC(17) Forwarding Usage: 0M
[65.293s][info][gc,heap     ] GC(17) Min Capacity: 512M(100%)
[65.293s][info][gc,heap     ] GC(17) Max Capacity: 512M(100%)
[65.293s][info][gc,heap     ] GC(17) Soft Max Capacity: 512M(100%)
[65.293s][info][gc,heap     ] GC(17)                Mark Start          Mark End        Relocate Start      Relocate End           High               Low         
[65.293s][info][gc,heap     ] GC(17)  Capacity:      512M (100%)        512M (100%)        512M (100%)        512M (100%)        512M (100%)        512M (100%)   
[65.293s][info][gc,heap     ] GC(17)      Free:      218M (43%)         204M (40%)         254M (50%)         414M (81%)         414M (81%)         204M (40%)    
[65.293s][info][gc,heap     ] GC(17)      Used:      294M (57%)         308M (60%)         258M (50%)          98M (19%)         308M (60%)          98M (19%)    
[65.293s][info][gc,heap     ] GC(17)      Live:         -                60M (12%)          60M (12%)          60M (12%)            -                  -          
[65.293s][info][gc,heap     ] GC(17) Allocated:         -                14M (3%)           14M (3%)           13M (3%)             -                  -          
[65.293s][info][gc,heap     ] GC(17)   Garbage:         -               233M (46%)         183M (36%)          23M (5%)             -                  -          
[65.293s][info][gc,heap     ] GC(17) Reclaimed:         -                  -                50M (10%)         209M (41%)            -                  -          
[65.293s][info][gc          ] GC(17) Garbage Collection (Proactive) 294M(57%)->98M(19%)
[68.542s][info][gc,start    ] GC(18) Garbage Collection (Proactive)
[68.542s][info][gc,task     ] GC(18) Using 2 workers
[68.542s][info][gc,phases   ] GC(18) Pause Mark Start 0.010ms
[68.583s][info][gc,phases   ] GC(18) Concurrent Mark 41.600ms
[68.584s][info][gc,phases   ] GC(18) Pause Mark End 0.015ms
[68.584s][info][gc,phases   ] GC(18) Concurrent Mark Free 0.000ms
[68.592s][info][gc,phases   ] GC(18) Concurrent Process Non-Strong References 7.946ms
[68.592s][info][gc,phases   ] GC(18) Concurrent Reset Relocation Set 0.005ms
[68.595s][info][gc,phases   ] GC(18) Concurrent Select Relocation Set 3.018ms
[68.595s][info][gc,phases   ] GC(18) Pause Relocate Start 0.009ms
[68.595s][info][gc,phases   ] GC(18) Concurrent Relocate 0.414ms
[68.595s][info][gc,load     ] GC(18) Load: 2.81/3.14/3.23
[68.595s][info][gc,mmu      ] GC(18) MMU: 2ms/97.4%, 5ms/99.0%, 10ms/99.5%, 20ms/99.7%, 50ms/99.9%, 100ms/99.9%
[68.595s][info][gc,marking  ] GC(18) Mark: 2 stripe(s), 2 proactive flush(es), 1 terminate flush(es), 0 completion(s), 0 continuation(s) 
[68.595s][info][gc,marking  ] GC(18) Mark Stack Usage: 32M
[68.595s][info][gc,nmethod  ] GC(18) NMethods: 7428 registered, 0 unregistered
[68.595s][info][gc,metaspace] GC(18) Metaspace: 64M used, 65M committed, 1088M reserved
[68.595s][info][gc,ref      ] GC(18) Soft: 13290 encountered, 0 discovered, 0 enqueued
[68.595s][info][gc,ref      ] GC(18) Weak: 7364 encountered, 592 discovered, 0 enqueued
[68.595s][info][gc,ref      ] GC(18) Final: 0 encountered, 0 discovered, 0 enqueued
[68.595s][info][gc,ref      ] GC(18) Phantom: 468 encountered, 417 discovered, 0 enqueued
[68.595s][info][gc,reloc    ] GC(18) Small Pages: 135 / 270M, Empty: 58M, Relocated: 3M, In-Place: 0
[68.595s][info][gc,reloc    ] GC(18) Medium Pages: 1 / 16M, Empty: 0M, Relocated: 0M, In-Place: 0
[68.595s][info][gc,reloc    ] GC(18) Large Pages: 0 / 0M, Empty: 0M, Relocated: 0M, In-Place: 0
[68.595s][info][gc,reloc    ] GC(18) Forwarding Usage: 0M
[68.595s][info][gc,heap     ] GC(18) Min Capacity: 512M(100%)
[68.595s][info][gc,heap     ] GC(18) Max Capacity: 512M(100%)
[68.595s][info][gc,heap     ] GC(18) Soft Max Capacity: 512M(100%)
[68.595s][info][gc,heap     ] GC(18)                Mark Start          Mark End        Relocate Start      Relocate End           High               Low         
[68.595s][info][gc,heap     ] GC(18)  Capacity:      512M (100%)        512M (100%)        512M (100%)        512M (100%)        512M (100%)        512M (100%)   
[68.595s][info][gc,heap     ] GC(18)      Free:      226M (44%)         204M (40%)         262M (51%)         408M (80%)         408M (80%)         204M (40%)    
[68.595s][info][gc,heap     ] GC(18)      Used:      286M (56%)         308M (60%)         250M (49%)         104M (20%)         308M (60%)         104M (20%)    
[68.595s][info][gc,heap     ] GC(18)      Live:         -                60M (12%)          60M (12%)          60M (12%)            -                  -          
[68.595s][info][gc,heap     ] GC(18) Allocated:         -                22M (4%)           22M (4%)           21M (4%)             -                  -          
[68.595s][info][gc,heap     ] GC(18)   Garbage:         -               225M (44%)         167M (33%)          21M (4%)             -                  -          
[68.595s][info][gc,heap     ] GC(18) Reclaimed:         -                  -                58M (11%)         203M (40%)            -                  -          
[68.595s][info][gc          ] GC(18) Garbage Collection (Proactive) 286M(56%)->104M(20%)
[70.038s][info][gc,stats    ] === Garbage Collection Statistics =======================================================================================================================
[70.038s][info][gc,stats    ]                                                              Last 10s              Last 10m              Last 10h                Total
[70.038s][info][gc,stats    ]                                                              Avg / Max             Avg / Max             Avg / Max             Avg / Max
[70.038s][info][gc,stats    ]   Collector: Garbage Collection Cycle                     53.086 / 55.839       51.243 / 99.304       51.243 / 99.304       51.243 / 99.304      ms
[70.038s][info][gc,stats    ]  Contention: Mark Segment Reset Contention                     0 / 0                 0 / 1                 0 / 1                 0 / 1           ops/s
[70.038s][info][gc,stats    ]  Contention: Mark SeqNum Reset Contention                      0 / 0                 0 / 1                 0 / 1                 0 / 1           ops/s
[70.038s][info][gc,stats    ]    Critical: Allocation Stall                                  0 / 0                 0 / 0                 0 / 0                 0 / 0           ops/s
[70.038s][info][gc,stats    ]    Critical: Allocation Stall                              0.000 / 0.000         0.000 / 0.000         0.000 / 0.000         0.000 / 0.000       ms
[70.038s][info][gc,stats    ]    Critical: GC Locker Stall                                   0 / 0                 0 / 0                 0 / 0                 0 / 0           ops/s
[70.038s][info][gc,stats    ]    Critical: GC Locker Stall                               0.000 / 0.000         0.000 / 0.000         0.000 / 0.000         0.000 / 0.000       ms
[70.038s][info][gc,stats    ]    Critical: Relocation Stall                                  0 / 0                 0 / 0                 0 / 0                 0 / 0           ops/s
[70.038s][info][gc,stats    ]    Critical: Relocation Stall                              0.000 / 0.000         0.000 / 0.000         0.000 / 0.000         0.000 / 0.000       ms
[70.038s][info][gc,stats    ]      Memory: Allocation Rate                                  66 / 86               43 / 222              43 / 222              43 / 222         MB/s
[70.038s][info][gc,stats    ]      Memory: Out Of Memory                                     0 / 0                 0 / 0                 0 / 0                 0 / 0           ops/s
[70.038s][info][gc,stats    ]      Memory: Page Cache Flush                                  0 / 0                 0 / 0                 0 / 0                 0 / 0           MB/s
[70.038s][info][gc,stats    ]      Memory: Page Cache Hit L1                                32 / 45               20 / 90               20 / 90               20 / 90          ops/s
[70.038s][info][gc,stats    ]      Memory: Page Cache Hit L2                                 0 / 0                 0 / 0                 0 / 0                 0 / 0           ops/s
[70.038s][info][gc,stats    ]      Memory: Page Cache Hit L3                                 2 / 20                2 / 57                2 / 57                2 / 57          ops/s
[70.038s][info][gc,stats    ]      Memory: Page Cache Miss                                   0 / 0                 0 / 1                 0 / 1                 0 / 1           ops/s
[70.038s][info][gc,stats    ]      Memory: Uncommit                                          0 / 0                 0 / 0                 0 / 0                 0 / 0           MB/s
[70.038s][info][gc,stats    ]      Memory: Undo Object Allocation Failed                     0 / 0                 0 / 0                 0 / 0                 0 / 0           ops/s
[70.038s][info][gc,stats    ]      Memory: Undo Object Allocation Succeeded                  0 / 0                 0 / 0                 0 / 0                 0 / 0           ops/s
[70.038s][info][gc,stats    ]      Memory: Undo Page Allocation                              3 / 5                 1 / 7                 1 / 7                 1 / 7           ops/s
[70.038s][info][gc,stats    ]       Phase: Concurrent Mark                              40.931 / 43.350       36.887 / 66.287       36.887 / 66.287       36.887 / 66.287      ms
[70.038s][info][gc,stats    ]       Phase: Concurrent Mark Continue                      0.000 / 0.000         0.000 / 0.000         0.000 / 0.000         0.000 / 0.000       ms
[70.038s][info][gc,stats    ]       Phase: Concurrent Mark Free                          0.000 / 0.000         0.000 / 0.000         0.000 / 0.000         0.000 / 0.000       ms
[70.038s][info][gc,stats    ]       Phase: Concurrent Process Non-Strong References      7.649 / 7.946         7.271 / 13.824        7.271 / 13.824        7.271 / 13.824      ms
[70.038s][info][gc,stats    ]       Phase: Concurrent Relocate                           0.605 / 1.046         2.332 / 12.154        2.332 / 12.154        2.332 / 12.154      ms
[70.038s][info][gc,stats    ]       Phase: Concurrent Reset Relocation Set               0.006 / 0.007         0.006 / 0.042         0.006 / 0.042         0.006 / 0.042       ms
[70.038s][info][gc,stats    ]       Phase: Concurrent Select Relocation Set              3.030 / 3.085         3.948 / 9.283         3.948 / 9.283         3.948 / 9.283       ms
[70.038s][info][gc,stats    ]       Phase: Pause Mark End                                0.015 / 0.016         0.015 / 0.051         0.015 / 0.051         0.015 / 0.051       ms
[70.038s][info][gc,stats    ]       Phase: Pause Mark Start                              0.012 / 0.017         0.013 / 0.032         0.013 / 0.032         0.013 / 0.032       ms
[70.038s][info][gc,stats    ]       Phase: Pause Relocate Start                          0.010 / 0.013         0.009 / 0.018         0.009 / 0.018         0.009 / 0.018       ms
[70.038s][info][gc,stats    ]    Subphase: Concurrent Classes Purge                      0.128 / 0.135         0.116 / 0.278         0.116 / 0.278         0.116 / 0.278       ms
[70.038s][info][gc,stats    ]    Subphase: Concurrent Classes Unlink                     7.052 / 7.347         6.589 / 12.529        6.589 / 12.529        6.589 / 12.529      ms
[70.038s][info][gc,stats    ]    Subphase: Concurrent Mark                              37.643 / 39.223       34.218 / 62.860       34.218 / 62.860       34.218 / 62.860      ms
[70.038s][info][gc,stats    ]    Subphase: Concurrent Mark Try Flush                     0.082 / 0.400         0.053 / 0.400         0.053 / 0.400         0.053 / 0.400       ms
[70.038s][info][gc,stats    ]    Subphase: Concurrent Mark Try Terminate                 0.458 / 1.260         0.424 / 1.263         0.424 / 1.263         0.424 / 1.263       ms
[70.038s][info][gc,stats    ]    Subphase: Concurrent References Enqueue                 0.000 / 0.000         0.001 / 0.006         0.001 / 0.006         0.001 / 0.006       ms
[70.038s][info][gc,stats    ]    Subphase: Concurrent References Process                 0.058 / 0.059         0.113 / 0.477         0.113 / 0.477         0.113 / 0.477       ms
[70.038s][info][gc,stats    ]    Subphase: Concurrent Roots ClassLoaderDataGraph         0.174 / 0.480         0.194 / 1.893         0.194 / 1.893         0.194 / 1.893       ms
[70.038s][info][gc,stats    ]    Subphase: Concurrent Roots CodeCache                    0.000 / 0.000         0.000 / 0.000         0.000 / 0.000         0.000 / 0.000       ms
[70.038s][info][gc,stats    ]    Subphase: Concurrent Roots JavaThreads                  2.232 / 2.570         1.620 / 2.835         1.620 / 2.835         1.620 / 2.835       ms
[70.038s][info][gc,stats    ]    Subphase: Concurrent Roots OopStorageSet                0.062 / 0.095         0.098 / 1.099         0.098 / 1.099         0.098 / 1.099       ms
[70.038s][info][gc,stats    ]    Subphase: Concurrent Weak Roots OopStorageSet           0.349 / 0.356         0.380 / 0.883         0.380 / 0.883         0.380 / 0.883       ms
[70.038s][info][gc,stats    ]    Subphase: Pause Mark Try Complete                       0.000 / 0.000         0.001 / 0.001         0.001 / 0.001         0.001 / 0.001       ms
[70.038s][info][gc,stats    ]      System: Java Threads                                    106 / 109              65 / 109              65 / 109              65 / 109         threads
[70.038s][info][gc,stats    ] =========================================================================================================================================================
[71.542s][info][gc,start    ] GC(19) Garbage Collection (Proactive)
[71.543s][info][gc,task     ] GC(19) Using 2 workers
[71.545s][info][gc,phases   ] GC(19) Pause Mark Start 0.016ms
[71.587s][info][gc,phases   ] GC(19) Concurrent Mark 41.666ms
[71.587s][info][gc,phases   ] GC(19) Pause Mark End 0.013ms
[71.587s][info][gc,phases   ] GC(19) Concurrent Mark Free 0.000ms
[71.596s][info][gc,phases   ] GC(19) Concurrent Process Non-Strong References 8.386ms
[71.596s][info][gc,phases   ] GC(19) Concurrent Reset Relocation Set 0.005ms
[71.599s][info][gc,phases   ] GC(19) Concurrent Select Relocation Set 2.995ms
[71.599s][info][gc,phases   ] GC(19) Pause Relocate Start 0.010ms
[71.599s][info][gc,phases   ] GC(19) Concurrent Relocate 0.542ms
[71.599s][info][gc,load     ] GC(19) Load: 2.74/3.12/3.22
[71.599s][info][gc,mmu      ] GC(19) MMU: 2ms/97.4%, 5ms/99.0%, 10ms/99.5%, 20ms/99.7%, 50ms/99.9%, 100ms/99.9%
[71.599s][info][gc,marking  ] GC(19) Mark: 2 stripe(s), 2 proactive flush(es), 1 terminate flush(es), 0 completion(s), 0 continuation(s) 
[71.599s][info][gc,marking  ] GC(19) Mark Stack Usage: 32M
[71.599s][info][gc,nmethod  ] GC(19) NMethods: 7436 registered, 0 unregistered
[71.599s][info][gc,metaspace] GC(19) Metaspace: 64M used, 65M committed, 1088M reserved
[71.599s][info][gc,ref      ] GC(19) Soft: 13290 encountered, 0 discovered, 0 enqueued
[71.600s][info][gc,ref      ] GC(19) Weak: 7369 encountered, 738 discovered, 0 enqueued
[71.600s][info][gc,ref      ] GC(19) Final: 0 encountered, 0 discovered, 0 enqueued
[71.600s][info][gc,ref      ] GC(19) Phantom: 468 encountered, 433 discovered, 0 enqueued
[71.600s][info][gc,reloc    ] GC(19) Small Pages: 95 / 190M, Empty: 12M, Relocated: 3M, In-Place: 0
[71.600s][info][gc,reloc    ] GC(19) Medium Pages: 1 / 16M, Empty: 0M, Relocated: 0M, In-Place: 0
[71.600s][info][gc,reloc    ] GC(19) Large Pages: 0 / 0M, Empty: 0M, Relocated: 0M, In-Place: 0
[71.600s][info][gc,reloc    ] GC(19) Forwarding Usage: 0M
[71.600s][info][gc,heap     ] GC(19) Min Capacity: 512M(100%)
[71.600s][info][gc,heap     ] GC(19) Max Capacity: 512M(100%)
[71.600s][info][gc,heap     ] GC(19) Soft Max Capacity: 512M(100%)
[71.600s][info][gc,heap     ] GC(19)                Mark Start          Mark End        Relocate Start      Relocate End           High               Low         
[71.600s][info][gc,heap     ] GC(19)  Capacity:      512M (100%)        512M (100%)        512M (100%)        512M (100%)        512M (100%)        512M (100%)   
[71.600s][info][gc,heap     ] GC(19)      Free:      306M (60%)         296M (58%)         298M (58%)         410M (80%)         410M (80%)         286M (56%)    
[71.600s][info][gc,heap     ] GC(19)      Used:      206M (40%)         216M (42%)         214M (42%)         102M (20%)         226M (44%)         102M (20%)    
[71.600s][info][gc,heap     ] GC(19)      Live:         -                60M (12%)          60M (12%)          60M (12%)            -                  -          
[71.600s][info][gc,heap     ] GC(19) Allocated:         -                10M (2%)           20M (4%)           19M (4%)             -                  -          
[71.600s][info][gc,heap     ] GC(19)   Garbage:         -               145M (28%)         133M (26%)          21M (4%)             -                  -          
[71.600s][info][gc,heap     ] GC(19) Reclaimed:         -                  -                12M (2%)          123M (24%)            -                  -          
[71.600s][info][gc          ] GC(19) Garbage Collection (Proactive) 206M(40%)->102M(20%)
[75.439s][info][gc,start    ] GC(20) Garbage Collection (Proactive)
[75.439s][info][gc,task     ] GC(20) Using 2 workers
[75.440s][info][gc,phases   ] GC(20) Pause Mark Start 0.035ms
[75.484s][info][gc,phases   ] GC(20) Concurrent Mark 44.407ms
[75.484s][info][gc,phases   ] GC(20) Pause Mark End 0.013ms
[75.484s][info][gc,phases   ] GC(20) Concurrent Mark Free 0.001ms
[75.492s][info][gc,phases   ] GC(20) Concurrent Process Non-Strong References 7.669ms
[75.492s][info][gc,phases   ] GC(20) Concurrent Reset Relocation Set 0.004ms
[75.495s][info][gc,phases   ] GC(20) Concurrent Select Relocation Set 3.030ms
[75.495s][info][gc,phases   ] GC(20) Pause Relocate Start 0.013ms
[75.495s][info][gc,phases   ] GC(20) Concurrent Relocate 0.412ms
[75.496s][info][gc,load     ] GC(20) Load: 2.52/3.07/3.20
[75.496s][info][gc,mmu      ] GC(20) MMU: 2ms/97.4%, 5ms/99.0%, 10ms/99.5%, 20ms/99.7%, 50ms/99.9%, 100ms/99.9%
[75.496s][info][gc,marking  ] GC(20) Mark: 2 stripe(s), 2 proactive flush(es), 1 terminate flush(es), 0 completion(s), 0 continuation(s) 
[75.496s][info][gc,marking  ] GC(20) Mark Stack Usage: 32M
[75.496s][info][gc,nmethod  ] GC(20) NMethods: 7459 registered, 0 unregistered
[75.496s][info][gc,metaspace] GC(20) Metaspace: 64M used, 65M committed, 1088M reserved
[75.496s][info][gc,ref      ] GC(20) Soft: 13290 encountered, 0 discovered, 0 enqueued
[75.496s][info][gc,ref      ] GC(20) Weak: 7372 encountered, 548 discovered, 0 enqueued
[75.496s][info][gc,ref      ] GC(20) Final: 0 encountered, 0 discovered, 0 enqueued
[75.496s][info][gc,ref      ] GC(20) Phantom: 468 encountered, 428 discovered, 0 enqueued
[75.496s][info][gc,reloc    ] GC(20) Small Pages: 69 / 138M, Empty: 0M, Relocated: 3M, In-Place: 0
[75.496s][info][gc,reloc    ] GC(20) Medium Pages: 1 / 16M, Empty: 0M, Relocated: 0M, In-Place: 0
[75.496s][info][gc,reloc    ] GC(20) Large Pages: 0 / 0M, Empty: 0M, Relocated: 0M, In-Place: 0
[75.496s][info][gc,reloc    ] GC(20) Forwarding Usage: 0M
[75.496s][info][gc,heap     ] GC(20) Min Capacity: 512M(100%)
[75.496s][info][gc,heap     ] GC(20) Max Capacity: 512M(100%)
[75.496s][info][gc,heap     ] GC(20) Soft Max Capacity: 512M(100%)
[75.496s][info][gc,heap     ] GC(20)                Mark Start          Mark End        Relocate Start      Relocate End           High               Low         
[75.496s][info][gc,heap     ] GC(20)  Capacity:      512M (100%)        512M (100%)        512M (100%)        512M (100%)        512M (100%)        512M (100%)   
[75.496s][info][gc,heap     ] GC(20)      Free:      358M (70%)         352M (69%)         352M (69%)         424M (83%)         424M (83%)         348M (68%)    
[75.496s][info][gc,heap     ] GC(20)      Used:      154M (30%)         160M (31%)         160M (31%)          88M (17%)         164M (32%)          88M (17%)    
[75.496s][info][gc,heap     ] GC(20)      Live:         -                60M (12%)          60M (12%)          60M (12%)            -                  -          
[75.496s][info][gc,heap     ] GC(20) Allocated:         -                 6M (1%)            6M (1%)            5M (1%)             -                  -          
[75.496s][info][gc,heap     ] GC(20)   Garbage:         -                93M (18%)          93M (18%)          21M (4%)             -                  -          
[75.496s][info][gc,heap     ] GC(20) Reclaimed:         -                  -                 0M (0%)           71M (14%)            -                  -          
[75.496s][info][gc          ] GC(20) Garbage Collection (Proactive) 154M(30%)->88M(17%)
[80.040s][info][gc,stats    ] === Garbage Collection Statistics =======================================================================================================================
[80.041s][info][gc,stats    ]                                                              Last 10s              Last 10m              Last 10h                Total
[80.041s][info][gc,stats    ]                                                              Avg / Max             Avg / Max             Avg / Max             Avg / Max
[80.041s][info][gc,stats    ]   Collector: Garbage Collection Cycle                     56.766 / 57.059       51.769 / 99.304       51.769 / 99.304       51.769 / 99.304      ms
[80.041s][info][gc,stats    ]  Contention: Mark Segment Reset Contention                     0 / 0                 0 / 1                 0 / 1                 0 / 1           ops/s
[80.041s][info][gc,stats    ]  Contention: Mark SeqNum Reset Contention                      0 / 0                 0 / 1                 0 / 1                 0 / 1           ops/s
[80.041s][info][gc,stats    ]    Critical: Allocation Stall                                  0 / 0                 0 / 0                 0 / 0                 0 / 0           ops/s
[80.041s][info][gc,stats    ]    Critical: Allocation Stall                              0.000 / 0.000         0.000 / 0.000         0.000 / 0.000         0.000 / 0.000       ms
[80.041s][info][gc,stats    ]    Critical: GC Locker Stall                                   0 / 0                 0 / 0                 0 / 0                 0 / 0           ops/s
[80.041s][info][gc,stats    ]    Critical: GC Locker Stall                               0.000 / 0.000         0.000 / 0.000         0.000 / 0.000         0.000 / 0.000       ms
[80.041s][info][gc,stats    ]    Critical: Relocation Stall                                  0 / 0                 0 / 0                 0 / 0                 0 / 0           ops/s
[80.041s][info][gc,stats    ]    Critical: Relocation Stall                              0.000 / 0.000         0.000 / 0.000         0.000 / 0.000         0.000 / 0.000       ms
[80.041s][info][gc,stats    ]      Memory: Allocation Rate                                  16 / 54               39 / 222              39 / 222              39 / 222         MB/s
[80.041s][info][gc,stats    ]      Memory: Out Of Memory                                     0 / 0                 0 / 0                 0 / 0                 0 / 0           ops/s
[80.041s][info][gc,stats    ]      Memory: Page Cache Flush                                  0 / 0                 0 / 0                 0 / 0                 0 / 0           MB/s
[80.041s][info][gc,stats    ]      Memory: Page Cache Hit L1                                 8 / 29               18 / 90               18 / 90               18 / 90          ops/s
[80.041s][info][gc,stats    ]      Memory: Page Cache Hit L2                                 0 / 0                 0 / 0                 0 / 0                 0 / 0           ops/s
[80.041s][info][gc,stats    ]      Memory: Page Cache Hit L3                                 0 / 0                 1 / 57                1 / 57                1 / 57          ops/s
[80.041s][info][gc,stats    ]      Memory: Page Cache Miss                                   0 / 0                 0 / 1                 0 / 1                 0 / 1           ops/s
[80.041s][info][gc,stats    ]      Memory: Uncommit                                          0 / 0                 0 / 0                 0 / 0                 0 / 0           MB/s
[80.041s][info][gc,stats    ]      Memory: Undo Object Allocation Failed                     0 / 0                 0 / 0                 0 / 0                 0 / 0           ops/s
[80.041s][info][gc,stats    ]      Memory: Undo Object Allocation Succeeded                  0 / 0                 0 / 0                 0 / 0                 0 / 0           ops/s
[80.041s][info][gc,stats    ]      Memory: Undo Page Allocation                              1 / 7                 1 / 7                 1 / 7                 1 / 7           ops/s
[80.041s][info][gc,stats    ]       Phase: Concurrent Mark                              43.037 / 44.407       37.472 / 66.287       37.472 / 66.287       37.472 / 66.287      ms
[80.041s][info][gc,stats    ]       Phase: Concurrent Mark Continue                      0.000 / 0.000         0.000 / 0.000         0.000 / 0.000         0.000 / 0.000       ms
[80.041s][info][gc,stats    ]       Phase: Concurrent Mark Free                          0.000 / 0.001         0.000 / 0.001         0.000 / 0.001         0.000 / 0.001       ms
[80.041s][info][gc,stats    ]       Phase: Concurrent Process Non-Strong References      8.027 / 8.386         7.343 / 13.824        7.343 / 13.824        7.343 / 13.824      ms
[80.041s][info][gc,stats    ]       Phase: Concurrent Relocate                           0.477 / 0.542         2.156 / 12.154        2.156 / 12.154        2.156 / 12.154      ms
[80.041s][info][gc,stats    ]       Phase: Concurrent Reset Relocation Set               0.004 / 0.005         0.006 / 0.042         0.006 / 0.042         0.006 / 0.042       ms
[80.041s][info][gc,stats    ]       Phase: Concurrent Select Relocation Set              3.013 / 3.030         3.859 / 9.283         3.859 / 9.283         3.859 / 9.283       ms
[80.041s][info][gc,stats    ]       Phase: Pause Mark End                                0.013 / 0.013         0.015 / 0.051         0.015 / 0.051         0.015 / 0.051       ms
[80.041s][info][gc,stats    ]       Phase: Pause Mark Start                              0.025 / 0.035         0.014 / 0.035         0.014 / 0.035         0.014 / 0.035       ms
[80.041s][info][gc,stats    ]       Phase: Pause Relocate Start                          0.011 / 0.013         0.009 / 0.018         0.009 / 0.018         0.009 / 0.018       ms
[80.041s][info][gc,stats    ]    Subphase: Concurrent Classes Purge                      0.149 / 0.171         0.119 / 0.278         0.119 / 0.278         0.119 / 0.278       ms
[80.041s][info][gc,stats    ]    Subphase: Concurrent Classes Unlink                     7.361 / 7.658         6.662 / 12.529        6.662 / 12.529        6.662 / 12.529      ms
[80.041s][info][gc,stats    ]    Subphase: Concurrent Mark                              39.351 / 40.386       34.707 / 62.860       34.707 / 62.860       34.707 / 62.860      ms
[80.042s][info][gc,stats    ]    Subphase: Concurrent Mark Try Flush                     0.040 / 0.072         0.052 / 0.400         0.052 / 0.400         0.052 / 0.400       ms
[80.042s][info][gc,stats    ]    Subphase: Concurrent Mark Try Terminate                 0.428 / 1.263         0.424 / 1.263         0.424 / 1.263         0.424 / 1.263       ms
[80.042s][info][gc,stats    ]    Subphase: Concurrent References Enqueue                 0.000 / 0.000         0.001 / 0.006         0.001 / 0.006         0.001 / 0.006       ms
[80.042s][info][gc,stats    ]    Subphase: Concurrent References Process                 0.067 / 0.067         0.109 / 0.477         0.109 / 0.477         0.109 / 0.477       ms
[80.042s][info][gc,stats    ]    Subphase: Concurrent Roots ClassLoaderDataGraph         0.187 / 0.303         0.193 / 1.893         0.193 / 1.893         0.193 / 1.893       ms
[80.042s][info][gc,stats    ]    Subphase: Concurrent Roots CodeCache                    0.000 / 0.000         0.000 / 0.000         0.000 / 0.000         0.000 / 0.000       ms
[80.042s][info][gc,stats    ]    Subphase: Concurrent Roots JavaThreads                  2.340 / 3.320         1.689 / 3.320         1.689 / 3.320         1.689 / 3.320       ms
[80.042s][info][gc,stats    ]    Subphase: Concurrent Roots OopStorageSet                0.066 / 0.114         0.096 / 1.099         0.096 / 1.099         0.096 / 1.099       ms
[80.042s][info][gc,stats    ]    Subphase: Concurrent Weak Roots OopStorageSet           0.348 / 0.352         0.377 / 0.883         0.377 / 0.883         0.377 / 0.883       ms
[80.042s][info][gc,stats    ]    Subphase: Pause Mark Try Complete                       0.000 / 0.000         0.001 / 0.001         0.001 / 0.001         0.001 / 0.001       ms
[80.042s][info][gc,stats    ]      System: Java Threads                                    109 / 109              69 / 109              69 / 109              69 / 109         threads
[80.042s][info][gc,stats    ] =========================================================================================================================================================
[90.038s][info][gc,stats    ] === Garbage Collection Statistics =======================================================================================================================
[90.039s][info][gc,stats    ]                                                              Last 10s              Last 10m              Last 10h                Total
[90.039s][info][gc,stats    ]                                                              Avg / Max             Avg / Max             Avg / Max             Avg / Max
[90.039s][info][gc,stats    ]   Collector: Garbage Collection Cycle                      0.000 / 0.000        51.769 / 99.304       51.769 / 99.304       51.769 / 99.304      ms
[90.039s][info][gc,stats    ]  Contention: Mark Segment Reset Contention                     0 / 0                 0 / 1                 0 / 1                 0 / 1           ops/s
[90.039s][info][gc,stats    ]  Contention: Mark SeqNum Reset Contention                      0 / 0                 0 / 1                 0 / 1                 0 / 1           ops/s
[90.039s][info][gc,stats    ]    Critical: Allocation Stall                                  0 / 0                 0 / 0                 0 / 0                 0 / 0           ops/s
[90.039s][info][gc,stats    ]    Critical: Allocation Stall                              0.000 / 0.000         0.000 / 0.000         0.000 / 0.000         0.000 / 0.000       ms
[90.039s][info][gc,stats    ]    Critical: GC Locker Stall                                   0 / 0                 0 / 0                 0 / 0                 0 / 0           ops/s
[90.039s][info][gc,stats    ]    Critical: GC Locker Stall                               0.000 / 0.000         0.000 / 0.000         0.000 / 0.000         0.000 / 0.000       ms
[90.039s][info][gc,stats    ]    Critical: Relocation Stall                                  0 / 0                 0 / 0                 0 / 0                 0 / 0           ops/s
[90.039s][info][gc,stats    ]    Critical: Relocation Stall                              0.000 / 0.000         0.000 / 0.000         0.000 / 0.000         0.000 / 0.000       ms
[90.039s][info][gc,stats    ]      Memory: Allocation Rate                                   0 / 2                35 / 222              35 / 222              35 / 222         MB/s
[90.039s][info][gc,stats    ]      Memory: Out Of Memory                                     0 / 0                 0 / 0                 0 / 0                 0 / 0           ops/s
[90.039s][info][gc,stats    ]      Memory: Page Cache Flush                                  0 / 0                 0 / 0                 0 / 0                 0 / 0           MB/s
[90.039s][info][gc,stats    ]      Memory: Page Cache Hit L1                                 0 / 1                16 / 90               16 / 90               16 / 90          ops/s
[90.039s][info][gc,stats    ]      Memory: Page Cache Hit L2                                 0 / 0                 0 / 0                 0 / 0                 0 / 0           ops/s
[90.039s][info][gc,stats    ]      Memory: Page Cache Hit L3                                 0 / 0                 1 / 57                1 / 57                1 / 57          ops/s
[90.039s][info][gc,stats    ]      Memory: Page Cache Miss                                   0 / 0                 0 / 1                 0 / 1                 0 / 1           ops/s
[90.039s][info][gc,stats    ]      Memory: Uncommit                                          0 / 0                 0 / 0                 0 / 0                 0 / 0           MB/s
[90.039s][info][gc,stats    ]      Memory: Undo Object Allocation Failed                     0 / 0                 0 / 0                 0 / 0                 0 / 0           ops/s
[90.039s][info][gc,stats    ]      Memory: Undo Object Allocation Succeeded                  0 / 0                 0 / 0                 0 / 0                 0 / 0           ops/s
[90.039s][info][gc,stats    ]      Memory: Undo Page Allocation                              0 / 0                 1 / 7                 1 / 7                 1 / 7           ops/s
[90.040s][info][gc,stats    ]       Phase: Concurrent Mark                               0.000 / 0.000        37.472 / 66.287       37.472 / 66.287       37.472 / 66.287      ms
[90.040s][info][gc,stats    ]       Phase: Concurrent Mark Continue                      0.000 / 0.000         0.000 / 0.000         0.000 / 0.000         0.000 / 0.000       ms
[90.040s][info][gc,stats    ]       Phase: Concurrent Mark Free                          0.000 / 0.000         0.000 / 0.001         0.000 / 0.001         0.000 / 0.001       ms
[90.040s][info][gc,stats    ]       Phase: Concurrent Process Non-Strong References      0.000 / 0.000         7.343 / 13.824        7.343 / 13.824        7.343 / 13.824      ms
[90.040s][info][gc,stats    ]       Phase: Concurrent Relocate                           0.000 / 0.000         2.156 / 12.154        2.156 / 12.154        2.156 / 12.154      ms
[90.040s][info][gc,stats    ]       Phase: Concurrent Reset Relocation Set               0.000 / 0.000         0.006 / 0.042         0.006 / 0.042         0.006 / 0.042       ms
[90.040s][info][gc,stats    ]       Phase: Concurrent Select Relocation Set              0.000 / 0.000         3.859 / 9.283         3.859 / 9.283         3.859 / 9.283       ms
[90.040s][info][gc,stats    ]       Phase: Pause Mark End                                0.000 / 0.000         0.015 / 0.051         0.015 / 0.051         0.015 / 0.051       ms
[90.040s][info][gc,stats    ]       Phase: Pause Mark Start                              0.000 / 0.000         0.014 / 0.035         0.014 / 0.035         0.014 / 0.035       ms
[90.040s][info][gc,stats    ]       Phase: Pause Relocate Start                          0.000 / 0.000         0.009 / 0.018         0.009 / 0.018         0.009 / 0.018       ms
[90.040s][info][gc,stats    ]    Subphase: Concurrent Classes Purge                      0.000 / 0.000         0.119 / 0.278         0.119 / 0.278         0.119 / 0.278       ms
[90.040s][info][gc,stats    ]    Subphase: Concurrent Classes Unlink                     0.000 / 0.000         6.662 / 12.529        6.662 / 12.529        6.662 / 12.529      ms
[90.040s][info][gc,stats    ]    Subphase: Concurrent Mark                               0.000 / 0.000        34.707 / 62.860       34.707 / 62.860       34.707 / 62.860      ms
[90.040s][info][gc,stats    ]    Subphase: Concurrent Mark Try Flush                     0.000 / 0.000         0.052 / 0.400         0.052 / 0.400         0.052 / 0.400       ms
[90.040s][info][gc,stats    ]    Subphase: Concurrent Mark Try Terminate                 0.000 / 0.000         0.424 / 1.263         0.424 / 1.263         0.424 / 1.263       ms
[90.040s][info][gc,stats    ]    Subphase: Concurrent References Enqueue                 0.000 / 0.000         0.001 / 0.006         0.001 / 0.006         0.001 / 0.006       ms
[90.040s][info][gc,stats    ]    Subphase: Concurrent References Process                 0.000 / 0.000         0.109 / 0.477         0.109 / 0.477         0.109 / 0.477       ms
[90.040s][info][gc,stats    ]    Subphase: Concurrent Roots ClassLoaderDataGraph         0.000 / 0.000         0.193 / 1.893         0.193 / 1.893         0.193 / 1.893       ms
[90.040s][info][gc,stats    ]    Subphase: Concurrent Roots CodeCache                    0.000 / 0.000         0.000 / 0.000         0.000 / 0.000         0.000 / 0.000       ms
[90.040s][info][gc,stats    ]    Subphase: Concurrent Roots JavaThreads                  0.000 / 0.000         1.689 / 3.320         1.689 / 3.320         1.689 / 3.320       ms
[90.040s][info][gc,stats    ]    Subphase: Concurrent Roots OopStorageSet                0.000 / 0.000         0.096 / 1.099         0.096 / 1.099         0.096 / 1.099       ms
[90.040s][info][gc,stats    ]    Subphase: Concurrent Weak Roots OopStorageSet           0.000 / 0.000         0.377 / 0.883         0.377 / 0.883         0.377 / 0.883       ms
[90.040s][info][gc,stats    ]    Subphase: Pause Mark Try Complete                       0.000 / 0.000         0.001 / 0.001         0.001 / 0.001         0.001 / 0.001       ms
[90.040s][info][gc,stats    ]      System: Java Threads                                      0 / 0                69 / 109              69 / 109              69 / 109         threads
[90.040s][info][gc,stats    ] =========================================================================================================================================================
[100.041s][info][gc,stats    ] === Garbage Collection Statistics =======================================================================================================================
[100.042s][info][gc,stats    ]                                                              Last 10s              Last 10m              Last 10h                Total
[100.042s][info][gc,stats    ]                                                              Avg / Max             Avg / Max             Avg / Max             Avg / Max
[100.042s][info][gc,stats    ]   Collector: Garbage Collection Cycle                      0.000 / 0.000        51.769 / 99.304       51.769 / 99.304       51.769 / 99.304      ms
[100.042s][info][gc,stats    ]  Contention: Mark Segment Reset Contention                     0 / 0                 0 / 1                 0 / 1                 0 / 1           ops/s
[100.042s][info][gc,stats    ]  Contention: Mark SeqNum Reset Contention                      0 / 0                 0 / 1                 0 / 1                 0 / 1           ops/s
[100.042s][info][gc,stats    ]    Critical: Allocation Stall                                  0 / 0                 0 / 0                 0 / 0                 0 / 0           ops/s
[100.042s][info][gc,stats    ]    Critical: Allocation Stall                              0.000 / 0.000         0.000 / 0.000         0.000 / 0.000         0.000 / 0.000       ms
[100.042s][info][gc,stats    ]    Critical: GC Locker Stall                                   0 / 0                 0 / 0                 0 / 0                 0 / 0           ops/s
[100.042s][info][gc,stats    ]    Critical: GC Locker Stall                               0.000 / 0.000         0.000 / 0.000         0.000 / 0.000         0.000 / 0.000       ms
[100.042s][info][gc,stats    ]    Critical: Relocation Stall                                  0 / 0                 0 / 0                 0 / 0                 0 / 0           ops/s
[100.042s][info][gc,stats    ]    Critical: Relocation Stall                              0.000 / 0.000         0.000 / 0.000         0.000 / 0.000         0.000 / 0.000       ms
[100.042s][info][gc,stats    ]      Memory: Allocation Rate                                   0 / 0                31 / 222              31 / 222              31 / 222         MB/s
[100.042s][info][gc,stats    ]      Memory: Out Of Memory                                     0 / 0                 0 / 0                 0 / 0                 0 / 0           ops/s
[100.042s][info][gc,stats    ]      Memory: Page Cache Flush                                  0 / 0                 0 / 0                 0 / 0                 0 / 0           MB/s
[100.042s][info][gc,stats    ]      Memory: Page Cache Hit L1                                 0 / 0                14 / 90               14 / 90               14 / 90          ops/s
[100.042s][info][gc,stats    ]      Memory: Page Cache Hit L2                                 0 / 0                 0 / 0                 0 / 0                 0 / 0           ops/s
[100.042s][info][gc,stats    ]      Memory: Page Cache Hit L3                                 0 / 0                 1 / 57                1 / 57                1 / 57          ops/s
[100.042s][info][gc,stats    ]      Memory: Page Cache Miss                                   0 / 0                 0 / 1                 0 / 1                 0 / 1           ops/s
[100.042s][info][gc,stats    ]      Memory: Uncommit                                          0 / 0                 0 / 0                 0 / 0                 0 / 0           MB/s
[100.042s][info][gc,stats    ]      Memory: Undo Object Allocation Failed                     0 / 0                 0 / 0                 0 / 0                 0 / 0           ops/s
[100.042s][info][gc,stats    ]      Memory: Undo Object Allocation Succeeded                  0 / 0                 0 / 0                 0 / 0                 0 / 0           ops/s
[100.042s][info][gc,stats    ]      Memory: Undo Page Allocation                              0 / 0                 1 / 7                 1 / 7                 1 / 7           ops/s
[100.042s][info][gc,stats    ]       Phase: Concurrent Mark                               0.000 / 0.000        37.472 / 66.287       37.472 / 66.287       37.472 / 66.287      ms
[100.042s][info][gc,stats    ]       Phase: Concurrent Mark Continue                      0.000 / 0.000         0.000 / 0.000         0.000 / 0.000         0.000 / 0.000       ms
[100.042s][info][gc,stats    ]       Phase: Concurrent Mark Free                          0.000 / 0.000         0.000 / 0.001         0.000 / 0.001         0.000 / 0.001       ms
[100.042s][info][gc,stats    ]       Phase: Concurrent Process Non-Strong References      0.000 / 0.000         7.343 / 13.824        7.343 / 13.824        7.343 / 13.824      ms
[100.042s][info][gc,stats    ]       Phase: Concurrent Relocate                           0.000 / 0.000         2.156 / 12.154        2.156 / 12.154        2.156 / 12.154      ms
[100.042s][info][gc,stats    ]       Phase: Concurrent Reset Relocation Set               0.000 / 0.000         0.006 / 0.042         0.006 / 0.042         0.006 / 0.042       ms
[100.042s][info][gc,stats    ]       Phase: Concurrent Select Relocation Set              0.000 / 0.000         3.859 / 9.283         3.859 / 9.283         3.859 / 9.283       ms
[100.042s][info][gc,stats    ]       Phase: Pause Mark End                                0.000 / 0.000         0.015 / 0.051         0.015 / 0.051         0.015 / 0.051       ms
[100.042s][info][gc,stats    ]       Phase: Pause Mark Start                              0.000 / 0.000         0.014 / 0.035         0.014 / 0.035         0.014 / 0.035       ms
[100.042s][info][gc,stats    ]       Phase: Pause Relocate Start                          0.000 / 0.000         0.009 / 0.018         0.009 / 0.018         0.009 / 0.018       ms
[100.042s][info][gc,stats    ]    Subphase: Concurrent Classes Purge                      0.000 / 0.000         0.119 / 0.278         0.119 / 0.278         0.119 / 0.278       ms
[100.042s][info][gc,stats    ]    Subphase: Concurrent Classes Unlink                     0.000 / 0.000         6.662 / 12.529        6.662 / 12.529        6.662 / 12.529      ms
[100.042s][info][gc,stats    ]    Subphase: Concurrent Mark                               0.000 / 0.000        34.707 / 62.860       34.707 / 62.860       34.707 / 62.860      ms
[100.042s][info][gc,stats    ]    Subphase: Concurrent Mark Try Flush                     0.000 / 0.000         0.052 / 0.400         0.052 / 0.400         0.052 / 0.400       ms
[100.042s][info][gc,stats    ]    Subphase: Concurrent Mark Try Terminate                 0.000 / 0.000         0.424 / 1.263         0.424 / 1.263         0.424 / 1.263       ms
[100.042s][info][gc,stats    ]    Subphase: Concurrent References Enqueue                 0.000 / 0.000         0.001 / 0.006         0.001 / 0.006         0.001 / 0.006       ms
[100.042s][info][gc,stats    ]    Subphase: Concurrent References Process                 0.000 / 0.000         0.109 / 0.477         0.109 / 0.477         0.109 / 0.477       ms
[100.042s][info][gc,stats    ]    Subphase: Concurrent Roots ClassLoaderDataGraph         0.000 / 0.000         0.193 / 1.893         0.193 / 1.893         0.193 / 1.893       ms
[100.042s][info][gc,stats    ]    Subphase: Concurrent Roots CodeCache                    0.000 / 0.000         0.000 / 0.000         0.000 / 0.000         0.000 / 0.000       ms
[100.042s][info][gc,stats    ]    Subphase: Concurrent Roots JavaThreads                  0.000 / 0.000         1.689 / 3.320         1.689 / 3.320         1.689 / 3.320       ms
[100.042s][info][gc,stats    ]    Subphase: Concurrent Roots OopStorageSet                0.000 / 0.000         0.096 / 1.099         0.096 / 1.099         0.096 / 1.099       ms
[100.042s][info][gc,stats    ]    Subphase: Concurrent Weak Roots OopStorageSet           0.000 / 0.000         0.377 / 0.883         0.377 / 0.883         0.377 / 0.883       ms
[100.043s][info][gc,stats    ]    Subphase: Pause Mark Try Complete                       0.000 / 0.000         0.001 / 0.001         0.001 / 0.001         0.001 / 0.001       ms
[100.043s][info][gc,stats    ]      System: Java Threads                                      0 / 0                69 / 109              69 / 109              69 / 109         threads
[100.043s][info][gc,stats    ] =========================================================================================================================================================
[110.038s][info][gc,stats    ] === Garbage Collection Statistics =======================================================================================================================
[110.038s][info][gc,stats    ]                                                              Last 10s              Last 10m              Last 10h                Total
[110.038s][info][gc,stats    ]                                                              Avg / Max             Avg / Max             Avg / Max             Avg / Max
[110.038s][info][gc,stats    ]   Collector: Garbage Collection Cycle                      0.000 / 0.000        51.769 / 99.304       51.769 / 99.304       51.769 / 99.304      ms
[110.038s][info][gc,stats    ]  Contention: Mark Segment Reset Contention                     0 / 0                 0 / 1                 0 / 1                 0 / 1           ops/s
[110.038s][info][gc,stats    ]  Contention: Mark SeqNum Reset Contention                      0 / 0                 0 / 1                 0 / 1                 0 / 1           ops/s
[110.038s][info][gc,stats    ]    Critical: Allocation Stall                                  0 / 0                 0 / 0                 0 / 0                 0 / 0           ops/s
[110.038s][info][gc,stats    ]    Critical: Allocation Stall                              0.000 / 0.000         0.000 / 0.000         0.000 / 0.000         0.000 / 0.000       ms
[110.038s][info][gc,stats    ]    Critical: GC Locker Stall                                   0 / 0                 0 / 0                 0 / 0                 0 / 0           ops/s
[110.038s][info][gc,stats    ]    Critical: GC Locker Stall                               0.000 / 0.000         0.000 / 0.000         0.000 / 0.000         0.000 / 0.000       ms
[110.038s][info][gc,stats    ]    Critical: Relocation Stall                                  0 / 0                 0 / 0                 0 / 0                 0 / 0           ops/s
[110.038s][info][gc,stats    ]    Critical: Relocation Stall                              0.000 / 0.000         0.000 / 0.000         0.000 / 0.000         0.000 / 0.000       ms
[110.039s][info][gc,stats    ]      Memory: Allocation Rate                                   0 / 2                29 / 222              29 / 222              29 / 222         MB/s
[110.039s][info][gc,stats    ]      Memory: Out Of Memory                                     0 / 0                 0 / 0                 0 / 0                 0 / 0           ops/s
[110.039s][info][gc,stats    ]      Memory: Page Cache Flush                                  0 / 0                 0 / 0                 0 / 0                 0 / 0           MB/s
[110.039s][info][gc,stats    ]      Memory: Page Cache Hit L1                                 0 / 1                13 / 90               13 / 90               13 / 90          ops/s
[110.039s][info][gc,stats    ]      Memory: Page Cache Hit L2                                 0 / 0                 0 / 0                 0 / 0                 0 / 0           ops/s
[110.039s][info][gc,stats    ]      Memory: Page Cache Hit L3                                 0 / 0                 1 / 57                1 / 57                1 / 57          ops/s
[110.039s][info][gc,stats    ]      Memory: Page Cache Miss                                   0 / 0                 0 / 1                 0 / 1                 0 / 1           ops/s
[110.039s][info][gc,stats    ]      Memory: Uncommit                                          0 / 0                 0 / 0                 0 / 0                 0 / 0           MB/s
[110.039s][info][gc,stats    ]      Memory: Undo Object Allocation Failed                     0 / 0                 0 / 0                 0 / 0                 0 / 0           ops/s
[110.039s][info][gc,stats    ]      Memory: Undo Object Allocation Succeeded                  0 / 0                 0 / 0                 0 / 0                 0 / 0           ops/s
[110.039s][info][gc,stats    ]      Memory: Undo Page Allocation                              0 / 0                 1 / 7                 1 / 7                 1 / 7           ops/s
[110.039s][info][gc,stats    ]       Phase: Concurrent Mark                               0.000 / 0.000        37.472 / 66.287       37.472 / 66.287       37.472 / 66.287      ms
[110.039s][info][gc,stats    ]       Phase: Concurrent Mark Continue                      0.000 / 0.000         0.000 / 0.000         0.000 / 0.000         0.000 / 0.000       ms
[110.039s][info][gc,stats    ]       Phase: Concurrent Mark Free                          0.000 / 0.000         0.000 / 0.001         0.000 / 0.001         0.000 / 0.001       ms
[110.039s][info][gc,stats    ]       Phase: Concurrent Process Non-Strong References      0.000 / 0.000         7.343 / 13.824        7.343 / 13.824        7.343 / 13.824      ms
[110.039s][info][gc,stats    ]       Phase: Concurrent Relocate                           0.000 / 0.000         2.156 / 12.154        2.156 / 12.154        2.156 / 12.154      ms
[110.039s][info][gc,stats    ]       Phase: Concurrent Reset Relocation Set               0.000 / 0.000         0.006 / 0.042         0.006 / 0.042         0.006 / 0.042       ms
[110.039s][info][gc,stats    ]       Phase: Concurrent Select Relocation Set              0.000 / 0.000         3.859 / 9.283         3.859 / 9.283         3.859 / 9.283       ms
[110.039s][info][gc,stats    ]       Phase: Pause Mark End                                0.000 / 0.000         0.015 / 0.051         0.015 / 0.051         0.015 / 0.051       ms
[110.039s][info][gc,stats    ]       Phase: Pause Mark Start                              0.000 / 0.000         0.014 / 0.035         0.014 / 0.035         0.014 / 0.035       ms
[110.039s][info][gc,stats    ]       Phase: Pause Relocate Start                          0.000 / 0.000         0.009 / 0.018         0.009 / 0.018         0.009 / 0.018       ms
[110.039s][info][gc,stats    ]    Subphase: Concurrent Classes Purge                      0.000 / 0.000         0.119 / 0.278         0.119 / 0.278         0.119 / 0.278       ms
[110.039s][info][gc,stats    ]    Subphase: Concurrent Classes Unlink                     0.000 / 0.000         6.662 / 12.529        6.662 / 12.529        6.662 / 12.529      ms
[110.039s][info][gc,stats    ]    Subphase: Concurrent Mark                               0.000 / 0.000        34.707 / 62.860       34.707 / 62.860       34.707 / 62.860      ms
[110.039s][info][gc,stats    ]    Subphase: Concurrent Mark Try Flush                     0.000 / 0.000         0.052 / 0.400         0.052 / 0.400         0.052 / 0.400       ms
[110.039s][info][gc,stats    ]    Subphase: Concurrent Mark Try Terminate                 0.000 / 0.000         0.424 / 1.263         0.424 / 1.263         0.424 / 1.263       ms
[110.039s][info][gc,stats    ]    Subphase: Concurrent References Enqueue                 0.000 / 0.000         0.001 / 0.006         0.001 / 0.006         0.001 / 0.006       ms
[110.039s][info][gc,stats    ]    Subphase: Concurrent References Process                 0.000 / 0.000         0.109 / 0.477         0.109 / 0.477         0.109 / 0.477       ms
[110.039s][info][gc,stats    ]    Subphase: Concurrent Roots ClassLoaderDataGraph         0.000 / 0.000         0.193 / 1.893         0.193 / 1.893         0.193 / 1.893       ms
[110.039s][info][gc,stats    ]    Subphase: Concurrent Roots CodeCache                    0.000 / 0.000         0.000 / 0.000         0.000 / 0.000         0.000 / 0.000       ms
[110.039s][info][gc,stats    ]    Subphase: Concurrent Roots JavaThreads                  0.000 / 0.000         1.689 / 3.320         1.689 / 3.320         1.689 / 3.320       ms
[110.040s][info][gc,stats    ]    Subphase: Concurrent Roots OopStorageSet                0.000 / 0.000         0.096 / 1.099         0.096 / 1.099         0.096 / 1.099       ms
[110.040s][info][gc,stats    ]    Subphase: Concurrent Weak Roots OopStorageSet           0.000 / 0.000         0.377 / 0.883         0.377 / 0.883         0.377 / 0.883       ms
[110.040s][info][gc,stats    ]    Subphase: Pause Mark Try Complete                       0.000 / 0.000         0.001 / 0.001         0.001 / 0.001         0.001 / 0.001       ms
[110.040s][info][gc,stats    ]      System: Java Threads                                      0 / 0                69 / 109              69 / 109              69 / 109         threads
[110.040s][info][gc,stats    ] =========================================================================================================================================================
[120.041s][info][gc,stats    ] === Garbage Collection Statistics =======================================================================================================================
[120.042s][info][gc,stats    ]                                                              Last 10s              Last 10m              Last 10h                Total
[120.042s][info][gc,stats    ]                                                              Avg / Max             Avg / Max             Avg / Max             Avg / Max
[120.042s][info][gc,stats    ]   Collector: Garbage Collection Cycle                      0.000 / 0.000        51.769 / 99.304       51.769 / 99.304       51.769 / 99.304      ms
[120.042s][info][gc,stats    ]  Contention: Mark Segment Reset Contention                     0 / 0                 0 / 1                 0 / 1                 0 / 1           ops/s
[120.042s][info][gc,stats    ]  Contention: Mark SeqNum Reset Contention                      0 / 0                 0 / 1                 0 / 1                 0 / 1           ops/s
[120.042s][info][gc,stats    ]    Critical: Allocation Stall                                  0 / 0                 0 / 0                 0 / 0                 0 / 0           ops/s
[120.042s][info][gc,stats    ]    Critical: Allocation Stall                              0.000 / 0.000         0.000 / 0.000         0.000 / 0.000         0.000 / 0.000       ms
[120.042s][info][gc,stats    ]    Critical: GC Locker Stall                                   0 / 0                 0 / 0                 0 / 0                 0 / 0           ops/s
[120.042s][info][gc,stats    ]    Critical: GC Locker Stall                               0.000 / 0.000         0.000 / 0.000         0.000 / 0.000         0.000 / 0.000       ms
[120.042s][info][gc,stats    ]    Critical: Relocation Stall                                  0 / 0                 0 / 0                 0 / 0                 0 / 0           ops/s
[120.042s][info][gc,stats    ]    Critical: Relocation Stall                              0.000 / 0.000         0.000 / 0.000         0.000 / 0.000         0.000 / 0.000       ms
[120.042s][info][gc,stats    ]      Memory: Allocation Rate                                   0 / 0                26 / 222              26 / 222              26 / 222         MB/s
[120.042s][info][gc,stats    ]      Memory: Out Of Memory                                     0 / 0                 0 / 0                 0 / 0                 0 / 0           ops/s
[120.042s][info][gc,stats    ]      Memory: Page Cache Flush                                  0 / 0                 0 / 0                 0 / 0                 0 / 0           MB/s
[120.042s][info][gc,stats    ]      Memory: Page Cache Hit L1                                 0 / 0                12 / 90               12 / 90               12 / 90          ops/s
[120.042s][info][gc,stats    ]      Memory: Page Cache Hit L2                                 0 / 0                 0 / 0                 0 / 0                 0 / 0           ops/s
[120.042s][info][gc,stats    ]      Memory: Page Cache Hit L3                                 0 / 0                 1 / 57                1 / 57                1 / 57          ops/s
[120.042s][info][gc,stats    ]      Memory: Page Cache Miss                                   0 / 0                 0 / 1                 0 / 1                 0 / 1           ops/s
[120.042s][info][gc,stats    ]      Memory: Uncommit                                          0 / 0                 0 / 0                 0 / 0                 0 / 0           MB/s
[120.042s][info][gc,stats    ]      Memory: Undo Object Allocation Failed                     0 / 0                 0 / 0                 0 / 0                 0 / 0           ops/s
[120.042s][info][gc,stats    ]      Memory: Undo Object Allocation Succeeded                  0 / 0                 0 / 0                 0 / 0                 0 / 0           ops/s
[120.042s][info][gc,stats    ]      Memory: Undo Page Allocation                              0 / 0                 1 / 7                 1 / 7                 1 / 7           ops/s
[120.042s][info][gc,stats    ]       Phase: Concurrent Mark                               0.000 / 0.000        37.472 / 66.287       37.472 / 66.287       37.472 / 66.287      ms
[120.042s][info][gc,stats    ]       Phase: Concurrent Mark Continue                      0.000 / 0.000         0.000 / 0.000         0.000 / 0.000         0.000 / 0.000       ms
[120.042s][info][gc,stats    ]       Phase: Concurrent Mark Free                          0.000 / 0.000         0.000 / 0.001         0.000 / 0.001         0.000 / 0.001       ms
[120.042s][info][gc,stats    ]       Phase: Concurrent Process Non-Strong References      0.000 / 0.000         7.343 / 13.824        7.343 / 13.824        7.343 / 13.824      ms
[120.042s][info][gc,stats    ]       Phase: Concurrent Relocate                           0.000 / 0.000         2.156 / 12.154        2.156 / 12.154        2.156 / 12.154      ms
[120.042s][info][gc,stats    ]       Phase: Concurrent Reset Relocation Set               0.000 / 0.000         0.006 / 0.042         0.006 / 0.042         0.006 / 0.042       ms
[120.042s][info][gc,stats    ]       Phase: Concurrent Select Relocation Set              0.000 / 0.000         3.859 / 9.283         3.859 / 9.283         3.859 / 9.283       ms
[120.042s][info][gc,stats    ]       Phase: Pause Mark End                                0.000 / 0.000         0.015 / 0.051         0.015 / 0.051         0.015 / 0.051       ms
[120.042s][info][gc,stats    ]       Phase: Pause Mark Start                              0.000 / 0.000         0.014 / 0.035         0.014 / 0.035         0.014 / 0.035       ms
[120.042s][info][gc,stats    ]       Phase: Pause Relocate Start                          0.000 / 0.000         0.009 / 0.018         0.009 / 0.018         0.009 / 0.018       ms
[120.042s][info][gc,stats    ]    Subphase: Concurrent Classes Purge                      0.000 / 0.000         0.119 / 0.278         0.119 / 0.278         0.119 / 0.278       ms
[120.042s][info][gc,stats    ]    Subphase: Concurrent Classes Unlink                     0.000 / 0.000         6.662 / 12.529        6.662 / 12.529        6.662 / 12.529      ms
[120.042s][info][gc,stats    ]    Subphase: Concurrent Mark                               0.000 / 0.000        34.707 / 62.860       34.707 / 62.860       34.707 / 62.860      ms
[120.042s][info][gc,stats    ]    Subphase: Concurrent Mark Try Flush                     0.000 / 0.000         0.052 / 0.400         0.052 / 0.400         0.052 / 0.400       ms
[120.042s][info][gc,stats    ]    Subphase: Concurrent Mark Try Terminate                 0.000 / 0.000         0.424 / 1.263         0.424 / 1.263         0.424 / 1.263       ms
[120.042s][info][gc,stats    ]    Subphase: Concurrent References Enqueue                 0.000 / 0.000         0.001 / 0.006         0.001 / 0.006         0.001 / 0.006       ms
[120.042s][info][gc,stats    ]    Subphase: Concurrent References Process                 0.000 / 0.000         0.109 / 0.477         0.109 / 0.477         0.109 / 0.477       ms
[120.042s][info][gc,stats    ]    Subphase: Concurrent Roots ClassLoaderDataGraph         0.000 / 0.000         0.193 / 1.893         0.193 / 1.893         0.193 / 1.893       ms
[120.042s][info][gc,stats    ]    Subphase: Concurrent Roots CodeCache                    0.000 / 0.000         0.000 / 0.000         0.000 / 0.000         0.000 / 0.000       ms
[120.042s][info][gc,stats    ]    Subphase: Concurrent Roots JavaThreads                  0.000 / 0.000         1.689 / 3.320         1.689 / 3.320         1.689 / 3.320       ms
[120.042s][info][gc,stats    ]    Subphase: Concurrent Roots OopStorageSet                0.000 / 0.000         0.096 / 1.099         0.096 / 1.099         0.096 / 1.099       ms
[120.042s][info][gc,stats    ]    Subphase: Concurrent Weak Roots OopStorageSet           0.000 / 0.000         0.377 / 0.883         0.377 / 0.883         0.377 / 0.883       ms
[120.042s][info][gc,stats    ]    Subphase: Pause Mark Try Complete                       0.000 / 0.000         0.001 / 0.001         0.001 / 0.001         0.001 / 0.001       ms
[120.042s][info][gc,stats    ]      System: Java Threads                                      0 / 0                69 / 109              69 / 109              69 / 109         threads
[120.042s][info][gc,stats    ] =========================================================================================================================================================
[130.041s][info][gc,stats    ] === Garbage Collection Statistics =======================================================================================================================
[130.041s][info][gc,stats    ]                                                              Last 10s              Last 10m              Last 10h                Total
[130.041s][info][gc,stats    ]                                                              Avg / Max             Avg / Max             Avg / Max             Avg / Max
[130.041s][info][gc,stats    ]   Collector: Garbage Collection Cycle                      0.000 / 0.000        51.769 / 99.304       51.769 / 99.304       51.769 / 99.304      ms
[130.041s][info][gc,stats    ]  Contention: Mark Segment Reset Contention                     0 / 0                 0 / 1                 0 / 1                 0 / 1           ops/s
[130.041s][info][gc,stats    ]  Contention: Mark SeqNum Reset Contention                      0 / 0                 0 / 1                 0 / 1                 0 / 1           ops/s
[130.041s][info][gc,stats    ]    Critical: Allocation Stall                                  0 / 0                 0 / 0                 0 / 0                 0 / 0           ops/s
[130.041s][info][gc,stats    ]    Critical: Allocation Stall                              0.000 / 0.000         0.000 / 0.000         0.000 / 0.000         0.000 / 0.000       ms
[130.041s][info][gc,stats    ]    Critical: GC Locker Stall                                   0 / 0                 0 / 0                 0 / 0                 0 / 0           ops/s
[130.041s][info][gc,stats    ]    Critical: GC Locker Stall                               0.000 / 0.000         0.000 / 0.000         0.000 / 0.000         0.000 / 0.000       ms
[130.041s][info][gc,stats    ]    Critical: Relocation Stall                                  0 / 0                 0 / 0                 0 / 0                 0 / 0           ops/s
[130.041s][info][gc,stats    ]    Critical: Relocation Stall                              0.000 / 0.000         0.000 / 0.000         0.000 / 0.000         0.000 / 0.000       ms
[130.041s][info][gc,stats    ]      Memory: Allocation Rate                                   0 / 0                24 / 222              24 / 222              24 / 222         MB/s
[130.041s][info][gc,stats    ]      Memory: Out Of Memory                                     0 / 0                 0 / 0                 0 / 0                 0 / 0           ops/s
[130.041s][info][gc,stats    ]      Memory: Page Cache Flush                                  0 / 0                 0 / 0                 0 / 0                 0 / 0           MB/s
[130.041s][info][gc,stats    ]      Memory: Page Cache Hit L1                                 0 / 0                11 / 90               11 / 90               11 / 90          ops/s
[130.041s][info][gc,stats    ]      Memory: Page Cache Hit L2                                 0 / 0                 0 / 0                 0 / 0                 0 / 0           ops/s
[130.041s][info][gc,stats    ]      Memory: Page Cache Hit L3                                 0 / 0                 1 / 57                1 / 57                1 / 57          ops/s
[130.041s][info][gc,stats    ]      Memory: Page Cache Miss                                   0 / 0                 0 / 1                 0 / 1                 0 / 1           ops/s
[130.041s][info][gc,stats    ]      Memory: Uncommit                                          0 / 0                 0 / 0                 0 / 0                 0 / 0           MB/s
[130.041s][info][gc,stats    ]      Memory: Undo Object Allocation Failed                     0 / 0                 0 / 0                 0 / 0                 0 / 0           ops/s
[130.041s][info][gc,stats    ]      Memory: Undo Object Allocation Succeeded                  0 / 0                 0 / 0                 0 / 0                 0 / 0           ops/s
[130.041s][info][gc,stats    ]      Memory: Undo Page Allocation                              0 / 0                 0 / 7                 0 / 7                 0 / 7           ops/s
[130.041s][info][gc,stats    ]       Phase: Concurrent Mark                               0.000 / 0.000        37.472 / 66.287       37.472 / 66.287       37.472 / 66.287      ms
[130.041s][info][gc,stats    ]       Phase: Concurrent Mark Continue                      0.000 / 0.000         0.000 / 0.000         0.000 / 0.000         0.000 / 0.000       ms
[130.041s][info][gc,stats    ]       Phase: Concurrent Mark Free                          0.000 / 0.000         0.000 / 0.001         0.000 / 0.001         0.000 / 0.001       ms
[130.041s][info][gc,stats    ]       Phase: Concurrent Process Non-Strong References      0.000 / 0.000         7.343 / 13.824        7.343 / 13.824        7.343 / 13.824      ms
[130.041s][info][gc,stats    ]       Phase: Concurrent Relocate                           0.000 / 0.000         2.156 / 12.154        2.156 / 12.154        2.156 / 12.154      ms
[130.041s][info][gc,stats    ]       Phase: Concurrent Reset Relocation Set               0.000 / 0.000         0.006 / 0.042         0.006 / 0.042         0.006 / 0.042       ms
[130.041s][info][gc,stats    ]       Phase: Concurrent Select Relocation Set              0.000 / 0.000         3.859 / 9.283         3.859 / 9.283         3.859 / 9.283       ms
[130.041s][info][gc,stats    ]       Phase: Pause Mark End                                0.000 / 0.000         0.015 / 0.051         0.015 / 0.051         0.015 / 0.051       ms
[130.041s][info][gc,stats    ]       Phase: Pause Mark Start                              0.000 / 0.000         0.014 / 0.035         0.014 / 0.035         0.014 / 0.035       ms
[130.041s][info][gc,stats    ]       Phase: Pause Relocate Start                          0.000 / 0.000         0.009 / 0.018         0.009 / 0.018         0.009 / 0.018       ms
[130.041s][info][gc,stats    ]    Subphase: Concurrent Classes Purge                      0.000 / 0.000         0.119 / 0.278         0.119 / 0.278         0.119 / 0.278       ms
[130.041s][info][gc,stats    ]    Subphase: Concurrent Classes Unlink                     0.000 / 0.000         6.662 / 12.529        6.662 / 12.529        6.662 / 12.529      ms
[130.041s][info][gc,stats    ]    Subphase: Concurrent Mark                               0.000 / 0.000        34.707 / 62.860       34.707 / 62.860       34.707 / 62.860      ms
[130.041s][info][gc,stats    ]    Subphase: Concurrent Mark Try Flush                     0.000 / 0.000         0.052 / 0.400         0.052 / 0.400         0.052 / 0.400       ms
[130.041s][info][gc,stats    ]    Subphase: Concurrent Mark Try Terminate                 0.000 / 0.000         0.424 / 1.263         0.424 / 1.263         0.424 / 1.263       ms
[130.041s][info][gc,stats    ]    Subphase: Concurrent References Enqueue                 0.000 / 0.000         0.001 / 0.006         0.001 / 0.006         0.001 / 0.006       ms
[130.041s][info][gc,stats    ]    Subphase: Concurrent References Process                 0.000 / 0.000         0.109 / 0.477         0.109 / 0.477         0.109 / 0.477       ms
[130.041s][info][gc,stats    ]    Subphase: Concurrent Roots ClassLoaderDataGraph         0.000 / 0.000         0.193 / 1.893         0.193 / 1.893         0.193 / 1.893       ms
[130.041s][info][gc,stats    ]    Subphase: Concurrent Roots CodeCache                    0.000 / 0.000         0.000 / 0.000         0.000 / 0.000         0.000 / 0.000       ms
[130.041s][info][gc,stats    ]    Subphase: Concurrent Roots JavaThreads                  0.000 / 0.000         1.689 / 3.320         1.689 / 3.320         1.689 / 3.320       ms
[130.041s][info][gc,stats    ]    Subphase: Concurrent Roots OopStorageSet                0.000 / 0.000         0.096 / 1.099         0.096 / 1.099         0.096 / 1.099       ms
[130.041s][info][gc,stats    ]    Subphase: Concurrent Weak Roots OopStorageSet           0.000 / 0.000         0.377 / 0.883         0.377 / 0.883         0.377 / 0.883       ms
[130.041s][info][gc,stats    ]    Subphase: Pause Mark Try Complete                       0.000 / 0.000         0.001 / 0.001         0.001 / 0.001         0.001 / 0.001       ms
[130.041s][info][gc,stats    ]      System: Java Threads                                      0 / 0                69 / 109              69 / 109              69 / 109         threads
[130.041s][info][gc,stats    ] =========================================================================================================================================================
[140.041s][info][gc,stats    ] === Garbage Collection Statistics =======================================================================================================================
[140.042s][info][gc,stats    ]                                                              Last 10s              Last 10m              Last 10h                Total
[140.042s][info][gc,stats    ]                                                              Avg / Max             Avg / Max             Avg / Max             Avg / Max
[140.042s][info][gc,stats    ]   Collector: Garbage Collection Cycle                      0.000 / 0.000        51.769 / 99.304       51.769 / 99.304       51.769 / 99.304      ms
[140.042s][info][gc,stats    ]  Contention: Mark Segment Reset Contention                     0 / 0                 0 / 1                 0 / 1                 0 / 1           ops/s
[140.042s][info][gc,stats    ]  Contention: Mark SeqNum Reset Contention                      0 / 0                 0 / 1                 0 / 1                 0 / 1           ops/s
[140.042s][info][gc,stats    ]    Critical: Allocation Stall                                  0 / 0                 0 / 0                 0 / 0                 0 / 0           ops/s
[140.042s][info][gc,stats    ]    Critical: Allocation Stall                              0.000 / 0.000         0.000 / 0.000         0.000 / 0.000         0.000 / 0.000       ms
[140.042s][info][gc,stats    ]    Critical: GC Locker Stall                                   0 / 0                 0 / 0                 0 / 0                 0 / 0           ops/s
[140.042s][info][gc,stats    ]    Critical: GC Locker Stall                               0.000 / 0.000         0.000 / 0.000         0.000 / 0.000         0.000 / 0.000       ms
[140.042s][info][gc,stats    ]    Critical: Relocation Stall                                  0 / 0                 0 / 0                 0 / 0                 0 / 0           ops/s
[140.042s][info][gc,stats    ]    Critical: Relocation Stall                              0.000 / 0.000         0.000 / 0.000         0.000 / 0.000         0.000 / 0.000       ms
[140.042s][info][gc,stats    ]      Memory: Allocation Rate                                   0 / 2                22 / 222              22 / 222              22 / 222         MB/s
[140.042s][info][gc,stats    ]      Memory: Out Of Memory                                     0 / 0                 0 / 0                 0 / 0                 0 / 0           ops/s
[140.042s][info][gc,stats    ]      Memory: Page Cache Flush                                  0 / 0                 0 / 0                 0 / 0                 0 / 0           MB/s
[140.042s][info][gc,stats    ]      Memory: Page Cache Hit L1                                 0 / 1                10 / 90               10 / 90               10 / 90          ops/s
[140.042s][info][gc,stats    ]      Memory: Page Cache Hit L2                                 0 / 0                 0 / 0                 0 / 0                 0 / 0           ops/s
[140.042s][info][gc,stats    ]      Memory: Page Cache Hit L3                                 0 / 0                 1 / 57                1 / 57                1 / 57          ops/s
[140.042s][info][gc,stats    ]      Memory: Page Cache Miss                                   0 / 0                 0 / 1                 0 / 1                 0 / 1           ops/s
[140.042s][info][gc,stats    ]      Memory: Uncommit                                          0 / 0                 0 / 0                 0 / 0                 0 / 0           MB/s
[140.042s][info][gc,stats    ]      Memory: Undo Object Allocation Failed                     0 / 0                 0 / 0                 0 / 0                 0 / 0           ops/s
[140.042s][info][gc,stats    ]      Memory: Undo Object Allocation Succeeded                  0 / 0                 0 / 0                 0 / 0                 0 / 0           ops/s
[140.042s][info][gc,stats    ]      Memory: Undo Page Allocation                              0 / 0                 0 / 7                 0 / 7                 0 / 7           ops/s
[140.042s][info][gc,stats    ]       Phase: Concurrent Mark                               0.000 / 0.000        37.472 / 66.287       37.472 / 66.287       37.472 / 66.287      ms
[140.042s][info][gc,stats    ]       Phase: Concurrent Mark Continue                      0.000 / 0.000         0.000 / 0.000         0.000 / 0.000         0.000 / 0.000       ms
[140.042s][info][gc,stats    ]       Phase: Concurrent Mark Free                          0.000 / 0.000         0.000 / 0.001         0.000 / 0.001         0.000 / 0.001       ms
[140.042s][info][gc,stats    ]       Phase: Concurrent Process Non-Strong References      0.000 / 0.000         7.343 / 13.824        7.343 / 13.824        7.343 / 13.824      ms
[140.042s][info][gc,stats    ]       Phase: Concurrent Relocate                           0.000 / 0.000         2.156 / 12.154        2.156 / 12.154        2.156 / 12.154      ms
[140.042s][info][gc,stats    ]       Phase: Concurrent Reset Relocation Set               0.000 / 0.000         0.006 / 0.042         0.006 / 0.042         0.006 / 0.042       ms
[140.042s][info][gc,stats    ]       Phase: Concurrent Select Relocation Set              0.000 / 0.000         3.859 / 9.283         3.859 / 9.283         3.859 / 9.283       ms
[140.042s][info][gc,stats    ]       Phase: Pause Mark End                                0.000 / 0.000         0.015 / 0.051         0.015 / 0.051         0.015 / 0.051       ms
[140.042s][info][gc,stats    ]       Phase: Pause Mark Start                              0.000 / 0.000         0.014 / 0.035         0.014 / 0.035         0.014 / 0.035       ms
[140.042s][info][gc,stats    ]       Phase: Pause Relocate Start                          0.000 / 0.000         0.009 / 0.018         0.009 / 0.018         0.009 / 0.018       ms
[140.042s][info][gc,stats    ]    Subphase: Concurrent Classes Purge                      0.000 / 0.000         0.119 / 0.278         0.119 / 0.278         0.119 / 0.278       ms
[140.042s][info][gc,stats    ]    Subphase: Concurrent Classes Unlink                     0.000 / 0.000         6.662 / 12.529        6.662 / 12.529        6.662 / 12.529      ms
[140.042s][info][gc,stats    ]    Subphase: Concurrent Mark                               0.000 / 0.000        34.707 / 62.860       34.707 / 62.860       34.707 / 62.860      ms
[140.042s][info][gc,stats    ]    Subphase: Concurrent Mark Try Flush                     0.000 / 0.000         0.052 / 0.400         0.052 / 0.400         0.052 / 0.400       ms
[140.042s][info][gc,stats    ]    Subphase: Concurrent Mark Try Terminate                 0.000 / 0.000         0.424 / 1.263         0.424 / 1.263         0.424 / 1.263       ms
[140.042s][info][gc,stats    ]    Subphase: Concurrent References Enqueue                 0.000 / 0.000         0.001 / 0.006         0.001 / 0.006         0.001 / 0.006       ms
[140.042s][info][gc,stats    ]    Subphase: Concurrent References Process                 0.000 / 0.000         0.109 / 0.477         0.109 / 0.477         0.109 / 0.477       ms
[140.042s][info][gc,stats    ]    Subphase: Concurrent Roots ClassLoaderDataGraph         0.000 / 0.000         0.193 / 1.893         0.193 / 1.893         0.193 / 1.893       ms
[140.042s][info][gc,stats    ]    Subphase: Concurrent Roots CodeCache                    0.000 / 0.000         0.000 / 0.000         0.000 / 0.000         0.000 / 0.000       ms
[140.042s][info][gc,stats    ]    Subphase: Concurrent Roots JavaThreads                  0.000 / 0.000         1.689 / 3.320         1.689 / 3.320         1.689 / 3.320       ms
[140.042s][info][gc,stats    ]    Subphase: Concurrent Roots OopStorageSet                0.000 / 0.000         0.096 / 1.099         0.096 / 1.099         0.096 / 1.099       ms
[140.042s][info][gc,stats    ]    Subphase: Concurrent Weak Roots OopStorageSet           0.000 / 0.000         0.377 / 0.883         0.377 / 0.883         0.377 / 0.883       ms
[140.042s][info][gc,stats    ]    Subphase: Pause Mark Try Complete                       0.000 / 0.000         0.001 / 0.001         0.001 / 0.001         0.001 / 0.001       ms
[140.042s][info][gc,stats    ]      System: Java Threads                                      0 / 0                69 / 109              69 / 109              69 / 109         threads
[140.042s][info][gc,stats    ] =========================================================================================================================================================
[150.041s][info][gc,stats    ] === Garbage Collection Statistics =======================================================================================================================
[150.042s][info][gc,stats    ]                                                              Last 10s              Last 10m              Last 10h                Total
[150.042s][info][gc,stats    ]                                                              Avg / Max             Avg / Max             Avg / Max             Avg / Max
[150.042s][info][gc,stats    ]   Collector: Garbage Collection Cycle                      0.000 / 0.000        51.769 / 99.304       51.769 / 99.304       51.769 / 99.304      ms
[150.042s][info][gc,stats    ]  Contention: Mark Segment Reset Contention                     0 / 0                 0 / 1                 0 / 1                 0 / 1           ops/s
[150.042s][info][gc,stats    ]  Contention: Mark SeqNum Reset Contention                      0 / 0                 0 / 1                 0 / 1                 0 / 1           ops/s
[150.042s][info][gc,stats    ]    Critical: Allocation Stall                                  0 / 0                 0 / 0                 0 / 0                 0 / 0           ops/s
[150.042s][info][gc,stats    ]    Critical: Allocation Stall                              0.000 / 0.000         0.000 / 0.000         0.000 / 0.000         0.000 / 0.000       ms
[150.042s][info][gc,stats    ]    Critical: GC Locker Stall                                   0 / 0                 0 / 0                 0 / 0                 0 / 0           ops/s
[150.042s][info][gc,stats    ]    Critical: GC Locker Stall                               0.000 / 0.000         0.000 / 0.000         0.000 / 0.000         0.000 / 0.000       ms
[150.042s][info][gc,stats    ]    Critical: Relocation Stall                                  0 / 0                 0 / 0                 0 / 0                 0 / 0           ops/s
[150.042s][info][gc,stats    ]    Critical: Relocation Stall                              0.000 / 0.000         0.000 / 0.000         0.000 / 0.000         0.000 / 0.000       ms
[150.042s][info][gc,stats    ]      Memory: Allocation Rate                                   0 / 0                21 / 222              21 / 222              21 / 222         MB/s
[150.042s][info][gc,stats    ]      Memory: Out Of Memory                                     0 / 0                 0 / 0                 0 / 0                 0 / 0           ops/s
[150.042s][info][gc,stats    ]      Memory: Page Cache Flush                                  0 / 0                 0 / 0                 0 / 0                 0 / 0           MB/s
[150.042s][info][gc,stats    ]      Memory: Page Cache Hit L1                                 0 / 0                 9 / 90                9 / 90                9 / 90          ops/s
[150.042s][info][gc,stats    ]      Memory: Page Cache Hit L2                                 0 / 0                 0 / 0                 0 / 0                 0 / 0           ops/s
[150.042s][info][gc,stats    ]      Memory: Page Cache Hit L3                                 0 / 0                 1 / 57                1 / 57                1 / 57          ops/s
[150.042s][info][gc,stats    ]      Memory: Page Cache Miss                                   0 / 0                 0 / 1                 0 / 1                 0 / 1           ops/s
[150.042s][info][gc,stats    ]      Memory: Uncommit                                          0 / 0                 0 / 0                 0 / 0                 0 / 0           MB/s
[150.042s][info][gc,stats    ]      Memory: Undo Object Allocation Failed                     0 / 0                 0 / 0                 0 / 0                 0 / 0           ops/s
[150.042s][info][gc,stats    ]      Memory: Undo Object Allocation Succeeded                  0 / 0                 0 / 0                 0 / 0                 0 / 0           ops/s
[150.042s][info][gc,stats    ]      Memory: Undo Page Allocation                              0 / 0                 0 / 7                 0 / 7                 0 / 7           ops/s
[150.042s][info][gc,stats    ]       Phase: Concurrent Mark                               0.000 / 0.000        37.472 / 66.287       37.472 / 66.287       37.472 / 66.287      ms
[150.042s][info][gc,stats    ]       Phase: Concurrent Mark Continue                      0.000 / 0.000         0.000 / 0.000         0.000 / 0.000         0.000 / 0.000       ms
[150.042s][info][gc,stats    ]       Phase: Concurrent Mark Free                          0.000 / 0.000         0.000 / 0.001         0.000 / 0.001         0.000 / 0.001       ms
[150.042s][info][gc,stats    ]       Phase: Concurrent Process Non-Strong References      0.000 / 0.000         7.343 / 13.824        7.343 / 13.824        7.343 / 13.824      ms
[150.042s][info][gc,stats    ]       Phase: Concurrent Relocate                           0.000 / 0.000         2.156 / 12.154        2.156 / 12.154        2.156 / 12.154      ms
[150.042s][info][gc,stats    ]       Phase: Concurrent Reset Relocation Set               0.000 / 0.000         0.006 / 0.042         0.006 / 0.042         0.006 / 0.042       ms
[150.042s][info][gc,stats    ]       Phase: Concurrent Select Relocation Set              0.000 / 0.000         3.859 / 9.283         3.859 / 9.283         3.859 / 9.283       ms
[150.042s][info][gc,stats    ]       Phase: Pause Mark End                                0.000 / 0.000         0.015 / 0.051         0.015 / 0.051         0.015 / 0.051       ms
[150.042s][info][gc,stats    ]       Phase: Pause Mark Start                              0.000 / 0.000         0.014 / 0.035         0.014 / 0.035         0.014 / 0.035       ms
[150.043s][info][gc,stats    ]       Phase: Pause Relocate Start                          0.000 / 0.000         0.009 / 0.018         0.009 / 0.018         0.009 / 0.018       ms
[150.043s][info][gc,stats    ]    Subphase: Concurrent Classes Purge                      0.000 / 0.000         0.119 / 0.278         0.119 / 0.278         0.119 / 0.278       ms
[150.043s][info][gc,stats    ]    Subphase: Concurrent Classes Unlink                     0.000 / 0.000         6.662 / 12.529        6.662 / 12.529        6.662 / 12.529      ms
[150.043s][info][gc,stats    ]    Subphase: Concurrent Mark                               0.000 / 0.000        34.707 / 62.860       34.707 / 62.860       34.707 / 62.860      ms
[150.043s][info][gc,stats    ]    Subphase: Concurrent Mark Try Flush                     0.000 / 0.000         0.052 / 0.400         0.052 / 0.400         0.052 / 0.400       ms
[150.043s][info][gc,stats    ]    Subphase: Concurrent Mark Try Terminate                 0.000 / 0.000         0.424 / 1.263         0.424 / 1.263         0.424 / 1.263       ms
[150.043s][info][gc,stats    ]    Subphase: Concurrent References Enqueue                 0.000 / 0.000         0.001 / 0.006         0.001 / 0.006         0.001 / 0.006       ms
[150.043s][info][gc,stats    ]    Subphase: Concurrent References Process                 0.000 / 0.000         0.109 / 0.477         0.109 / 0.477         0.109 / 0.477       ms
[150.043s][info][gc,stats    ]    Subphase: Concurrent Roots ClassLoaderDataGraph         0.000 / 0.000         0.193 / 1.893         0.193 / 1.893         0.193 / 1.893       ms
[150.043s][info][gc,stats    ]    Subphase: Concurrent Roots CodeCache                    0.000 / 0.000         0.000 / 0.000         0.000 / 0.000         0.000 / 0.000       ms
[150.043s][info][gc,stats    ]    Subphase: Concurrent Roots JavaThreads                  0.000 / 0.000         1.689 / 3.320         1.689 / 3.320         1.689 / 3.320       ms
[150.043s][info][gc,stats    ]    Subphase: Concurrent Roots OopStorageSet                0.000 / 0.000         0.096 / 1.099         0.096 / 1.099         0.096 / 1.099       ms
[150.043s][info][gc,stats    ]    Subphase: Concurrent Weak Roots OopStorageSet           0.000 / 0.000         0.377 / 0.883         0.377 / 0.883         0.377 / 0.883       ms
[150.043s][info][gc,stats    ]    Subphase: Pause Mark Try Complete                       0.000 / 0.000         0.001 / 0.001         0.001 / 0.001         0.001 / 0.001       ms
[150.043s][info][gc,stats    ]      System: Java Threads                                      0 / 0                69 / 109              69 / 109              69 / 109         threads
[150.043s][info][gc,stats    ] =========================================================================================================================================================
[160.037s][info][gc,stats    ] === Garbage Collection Statistics =======================================================================================================================
[160.038s][info][gc,stats    ]                                                              Last 10s              Last 10m              Last 10h                Total
[160.038s][info][gc,stats    ]                                                              Avg / Max             Avg / Max             Avg / Max             Avg / Max
[160.038s][info][gc,stats    ]   Collector: Garbage Collection Cycle                      0.000 / 0.000        51.769 / 99.304       51.769 / 99.304       51.769 / 99.304      ms
[160.038s][info][gc,stats    ]  Contention: Mark Segment Reset Contention                     0 / 0                 0 / 1                 0 / 1                 0 / 1           ops/s
[160.038s][info][gc,stats    ]  Contention: Mark SeqNum Reset Contention                      0 / 0                 0 / 1                 0 / 1                 0 / 1           ops/s
[160.038s][info][gc,stats    ]    Critical: Allocation Stall                                  0 / 0                 0 / 0                 0 / 0                 0 / 0           ops/s
[160.038s][info][gc,stats    ]    Critical: Allocation Stall                              0.000 / 0.000         0.000 / 0.000         0.000 / 0.000         0.000 / 0.000       ms
[160.038s][info][gc,stats    ]    Critical: GC Locker Stall                                   0 / 0                 0 / 0                 0 / 0                 0 / 0           ops/s
[160.038s][info][gc,stats    ]    Critical: GC Locker Stall                               0.000 / 0.000         0.000 / 0.000         0.000 / 0.000         0.000 / 0.000       ms
[160.038s][info][gc,stats    ]    Critical: Relocation Stall                                  0 / 0                 0 / 0                 0 / 0                 0 / 0           ops/s
[160.038s][info][gc,stats    ]    Critical: Relocation Stall                              0.000 / 0.000         0.000 / 0.000         0.000 / 0.000         0.000 / 0.000       ms
[160.038s][info][gc,stats    ]      Memory: Allocation Rate                                   0 / 2                20 / 222              20 / 222              20 / 222         MB/s
[160.038s][info][gc,stats    ]      Memory: Out Of Memory                                     0 / 0                 0 / 0                 0 / 0                 0 / 0           ops/s
[160.038s][info][gc,stats    ]      Memory: Page Cache Flush                                  0 / 0                 0 / 0                 0 / 0                 0 / 0           MB/s
[160.038s][info][gc,stats    ]      Memory: Page Cache Hit L1                                 0 / 1                 9 / 90                9 / 90                9 / 90          ops/s
[160.038s][info][gc,stats    ]      Memory: Page Cache Hit L2                                 0 / 0                 0 / 0                 0 / 0                 0 / 0           ops/s
[160.038s][info][gc,stats    ]      Memory: Page Cache Hit L3                                 0 / 0                 0 / 57                0 / 57                0 / 57          ops/s
[160.038s][info][gc,stats    ]      Memory: Page Cache Miss                                   0 / 0                 0 / 1                 0 / 1                 0 / 1           ops/s
[160.038s][info][gc,stats    ]      Memory: Uncommit                                          0 / 0                 0 / 0                 0 / 0                 0 / 0           MB/s
[160.038s][info][gc,stats    ]      Memory: Undo Object Allocation Failed                     0 / 0                 0 / 0                 0 / 0                 0 / 0           ops/s
[160.038s][info][gc,stats    ]      Memory: Undo Object Allocation Succeeded                  0 / 0                 0 / 0                 0 / 0                 0 / 0           ops/s
[160.038s][info][gc,stats    ]      Memory: Undo Page Allocation                              0 / 0                 0 / 7                 0 / 7                 0 / 7           ops/s
[160.038s][info][gc,stats    ]       Phase: Concurrent Mark                               0.000 / 0.000        37.472 / 66.287       37.472 / 66.287       37.472 / 66.287      ms
[160.038s][info][gc,stats    ]       Phase: Concurrent Mark Continue                      0.000 / 0.000         0.000 / 0.000         0.000 / 0.000         0.000 / 0.000       ms
[160.038s][info][gc,stats    ]       Phase: Concurrent Mark Free                          0.000 / 0.000         0.000 / 0.001         0.000 / 0.001         0.000 / 0.001       ms
[160.038s][info][gc,stats    ]       Phase: Concurrent Process Non-Strong References      0.000 / 0.000         7.343 / 13.824        7.343 / 13.824        7.343 / 13.824      ms
[160.038s][info][gc,stats    ]       Phase: Concurrent Relocate                           0.000 / 0.000         2.156 / 12.154        2.156 / 12.154        2.156 / 12.154      ms
[160.038s][info][gc,stats    ]       Phase: Concurrent Reset Relocation Set               0.000 / 0.000         0.006 / 0.042         0.006 / 0.042         0.006 / 0.042       ms
[160.038s][info][gc,stats    ]       Phase: Concurrent Select Relocation Set              0.000 / 0.000         3.859 / 9.283         3.859 / 9.283         3.859 / 9.283       ms
[160.038s][info][gc,stats    ]       Phase: Pause Mark End                                0.000 / 0.000         0.015 / 0.051         0.015 / 0.051         0.015 / 0.051       ms
[160.038s][info][gc,stats    ]       Phase: Pause Mark Start                              0.000 / 0.000         0.014 / 0.035         0.014 / 0.035         0.014 / 0.035       ms
[160.038s][info][gc,stats    ]       Phase: Pause Relocate Start                          0.000 / 0.000         0.009 / 0.018         0.009 / 0.018         0.009 / 0.018       ms
[160.038s][info][gc,stats    ]    Subphase: Concurrent Classes Purge                      0.000 / 0.000         0.119 / 0.278         0.119 / 0.278         0.119 / 0.278       ms
[160.038s][info][gc,stats    ]    Subphase: Concurrent Classes Unlink                     0.000 / 0.000         6.662 / 12.529        6.662 / 12.529        6.662 / 12.529      ms
[160.038s][info][gc,stats    ]    Subphase: Concurrent Mark                               0.000 / 0.000        34.707 / 62.860       34.707 / 62.860       34.707 / 62.860      ms
[160.038s][info][gc,stats    ]    Subphase: Concurrent Mark Try Flush                     0.000 / 0.000         0.052 / 0.400         0.052 / 0.400         0.052 / 0.400       ms
[160.038s][info][gc,stats    ]    Subphase: Concurrent Mark Try Terminate                 0.000 / 0.000         0.424 / 1.263         0.424 / 1.263         0.424 / 1.263       ms
[160.038s][info][gc,stats    ]    Subphase: Concurrent References Enqueue                 0.000 / 0.000         0.001 / 0.006         0.001 / 0.006         0.001 / 0.006       ms
[160.038s][info][gc,stats    ]    Subphase: Concurrent References Process                 0.000 / 0.000         0.109 / 0.477         0.109 / 0.477         0.109 / 0.477       ms
[160.038s][info][gc,stats    ]    Subphase: Concurrent Roots ClassLoaderDataGraph         0.000 / 0.000         0.193 / 1.893         0.193 / 1.893         0.193 / 1.893       ms
[160.038s][info][gc,stats    ]    Subphase: Concurrent Roots CodeCache                    0.000 / 0.000         0.000 / 0.000         0.000 / 0.000         0.000 / 0.000       ms
[160.038s][info][gc,stats    ]    Subphase: Concurrent Roots JavaThreads                  0.000 / 0.000         1.689 / 3.320         1.689 / 3.320         1.689 / 3.320       ms
[160.038s][info][gc,stats    ]    Subphase: Concurrent Roots OopStorageSet                0.000 / 0.000         0.096 / 1.099         0.096 / 1.099         0.096 / 1.099       ms
[160.038s][info][gc,stats    ]    Subphase: Concurrent Weak Roots OopStorageSet           0.000 / 0.000         0.377 / 0.883         0.377 / 0.883         0.377 / 0.883       ms
[160.038s][info][gc,stats    ]    Subphase: Pause Mark Try Complete                       0.000 / 0.000         0.001 / 0.001         0.001 / 0.001         0.001 / 0.001       ms
[160.038s][info][gc,stats    ]      System: Java Threads                                      0 / 0                69 / 109              69 / 109              69 / 109         threads
[160.038s][info][gc,stats    ] =========================================================================================================================================================
